Component: ARM Compiler 5.06 update 1 (build 61) Tool: armlink [4d35a8]

==============================================================================

Section Cross References

    main.o(i.assert_nrf_callback) refers to app_error.o(i.app_error_handler) for app_error_handler
    main.o(i.ble_evt_dispatch) refers to ble_conn_params.o(i.ble_conn_params_on_ble_evt) for ble_conn_params_on_ble_evt
    main.o(i.ble_evt_dispatch) refers to ble_nus.o(i.ble_nus_on_ble_evt) for ble_nus_on_ble_evt
    main.o(i.ble_evt_dispatch) refers to main.o(i.on_ble_evt) for on_ble_evt
    main.o(i.ble_evt_dispatch) refers to ble_advertising.o(i.ble_advertising_on_ble_evt) for ble_advertising_on_ble_evt
    main.o(i.ble_evt_dispatch) refers to bsp_btn_ble.o(i.bsp_btn_ble_on_ble_evt) for bsp_btn_ble_on_ble_evt
    main.o(i.ble_evt_dispatch) refers to main.o(.bss) for .bss
    main.o(i.ble_stack_init) refers to softdevice_handler.o(i.softdevice_handler_init) for softdevice_handler_init
    main.o(i.ble_stack_init) refers to app_error.o(i.app_error_handler_bare) for app_error_handler_bare
    main.o(i.ble_stack_init) refers to softdevice_handler.o(i.softdevice_enable_get_default_config) for softdevice_enable_get_default_config
    main.o(i.ble_stack_init) refers to softdevice_handler.o(i.sd_check_ram_start) for sd_check_ram_start
    main.o(i.ble_stack_init) refers to softdevice_handler.o(i.softdevice_enable) for softdevice_enable
    main.o(i.ble_stack_init) refers to softdevice_handler.o(i.softdevice_ble_evt_handler_set) for softdevice_ble_evt_handler_set
    main.o(i.ble_stack_init) refers to main.o(.constdata) for .constdata
    main.o(i.ble_stack_init) refers to main.o(.bss) for .bss
    main.o(i.ble_stack_init) refers to main.o(i.ble_evt_dispatch) for ble_evt_dispatch
    main.o(i.bsp_event_handler) refers to main.o(i.sleep_mode_enter) for sleep_mode_enter
    main.o(i.bsp_event_handler) refers to app_error.o(i.app_error_handler_bare) for app_error_handler_bare
    main.o(i.bsp_event_handler) refers to ble_advertising.o(i.ble_advertising_restart_without_whitelist) for ble_advertising_restart_without_whitelist
    main.o(i.bsp_event_handler) refers to main.o(.data) for .data
    main.o(i.button_chk_handler) refers to strlen.o(.text) for strlen
    main.o(i.button_chk_handler) refers to ble_nus.o(i.ble_nus_string_send) for ble_nus_string_send
    main.o(i.button_chk_handler) refers to app_error.o(i.app_error_handler_bare) for app_error_handler_bare
    main.o(i.button_chk_handler) refers to main.o(.data) for .data
    main.o(i.button_chk_handler) refers to main.o(.bss) for .bss
    main.o(i.conn_params_error_handler) refers to app_error.o(i.app_error_handler_bare) for app_error_handler_bare
    main.o(i.in_pin_handler) refers to main.o(.data) for .data
    main.o(i.main) refers to app_timer.o(i.app_timer_init) for app_timer_init
    main.o(i.main) refers to app_error.o(i.app_error_handler_bare) for app_error_handler_bare
    main.o(i.main) refers to app_uart_fifo.o(i.app_uart_init) for app_uart_init
    main.o(i.main) refers to nrf_drv_gpiote.o(i.nrf_drv_gpiote_init) for nrf_drv_gpiote_init
    main.o(i.main) refers to nrf_drv_gpiote.o(i.nrf_drv_gpiote_in_init) for nrf_drv_gpiote_in_init
    main.o(i.main) refers to nrf_drv_gpiote.o(i.nrf_drv_gpiote_in_event_enable) for nrf_drv_gpiote_in_event_enable
    main.o(i.main) refers to bsp.o(i.bsp_init) for bsp_init
    main.o(i.main) refers to bsp_btn_ble.o(i.bsp_btn_ble_init) for bsp_btn_ble_init
    main.o(i.main) refers to main.o(i.ble_stack_init) for ble_stack_init
    main.o(i.main) refers to ble_nus.o(i.ble_nus_init) for ble_nus_init
    main.o(i.main) refers to memseta.o(.text) for __aeabi_memclr4
    main.o(i.main) refers to ble_advertising.o(i.ble_advertising_init) for ble_advertising_init
    main.o(i.main) refers to ble_conn_params.o(i.ble_conn_params_init) for ble_conn_params_init
    main.o(i.main) refers to app_timer.o(i.app_timer_create) for app_timer_create
    main.o(i.main) refers to app_timer.o(i.app_timer_start) for app_timer_start
    main.o(i.main) refers to printfa.o(i.__0printf) for __2printf
    main.o(i.main) refers to ble_advertising.o(i.ble_advertising_start) for ble_advertising_start
    main.o(i.main) refers to main.o(.bss) for .bss
    main.o(i.main) refers to main.o(.constdata) for .constdata
    main.o(i.main) refers to main.o(i.uart_event_handle) for uart_event_handle
    main.o(i.main) refers to main.o(i.in_pin_handler) for in_pin_handler
    main.o(i.main) refers to main.o(i.bsp_event_handler) for bsp_event_handler
    main.o(i.main) refers to main.o(i.nus_data_handler) for nus_data_handler
    main.o(i.main) refers to main.o(.data) for .data
    main.o(i.main) refers to main.o(i.on_adv_evt) for on_adv_evt
    main.o(i.main) refers to main.o(i.on_conn_params_evt) for on_conn_params_evt
    main.o(i.main) refers to main.o(i.conn_params_error_handler) for conn_params_error_handler
[...]
    ../clib/microlib/init/entry.s            0x00000000   Number         0  entry10a.o ABSOLUTE
    ../clib/microlib/init/entry.s            0x00000000   Number         0  entry8a.o ABSOLUTE
    ../clib/microlib/init/entry.s            0x00000000   Number         0  entry11b.o ABSOLUTE
    ../clib/microlib/init/entry.s            0x00000000   Number         0  entry9b.o ABSOLUTE
    ../clib/microlib/init/entry.s            0x00000000   Number         0  entry7b.o ABSOLUTE
    ../clib/microlib/init/entry.s            0x00000000   Number         0  entry5.o ABSOLUTE
    ../clib/microlib/init/entry.s            0x00000000   Number         0  entry9a.o ABSOLUTE
    ../clib/microlib/longlong.c              0x00000000   Number         0  llsshr.o ABSOLUTE
    ../clib/microlib/longlong.c              0x00000000   Number         0  llshl.o ABSOLUTE
    ../clib/microlib/longlong.c              0x00000000   Number         0  llushr.o ABSOLUTE
    ../clib/microlib/printf/printf.c         0x00000000   Number         0  printf3.o ABSOLUTE
    ../clib/microlib/printf/printf.c         0x00000000   Number         0  printf8.o ABSOLUTE
    ../clib/microlib/printf/printf.c         0x00000000   Number         0  printfa.o ABSOLUTE
    ../clib/microlib/printf/printf.c         0x00000000   Number         0  printf7.o ABSOLUTE
    ../clib/microlib/printf/printf.c         0x00000000   Number         0  printf0.o ABSOLUTE
    ../clib/microlib/printf/printf.c         0x00000000   Number         0  printf1.o ABSOLUTE
    ../clib/microlib/printf/printf.c         0x00000000   Number         0  printf2.o ABSOLUTE
    ../clib/microlib/printf/printf.c         0x00000000   Number         0  printf6.o ABSOLUTE
    ../clib/microlib/printf/printf.c         0x00000000   Number         0  printf5.o ABSOLUTE
    ../clib/microlib/printf/printf.c         0x00000000   Number         0  printfb.o ABSOLUTE
    ../clib/microlib/printf/printf.c         0x00000000   Number         0  printf4.o ABSOLUTE
    ../clib/microlib/string/memcpy.c         0x00000000   Number         0  memcpya.o ABSOLUTE
    ../clib/microlib/string/memcpy.c         0x00000000   Number         0  memcpyb.o ABSOLUTE
    ../clib/microlib/string/memset.c         0x00000000   Number         0  memseta.o ABSOLUTE
    ../clib/microlib/string/strcpy.c         0x00000000   Number         0  strcpy.o ABSOLUTE
    ../clib/microlib/string/strlen.c         0x00000000   Number         0  strlen.o ABSOLUTE
    ../clib/microlib/stubs.s                 0x00000000   Number         0  iusefp.o ABSOLUTE
    ../fplib/microlib/fpadd.c                0x00000000   Number         0  dadd.o ABSOLUTE
    ../fplib/microlib/fpdiv.c                0x00000000   Number         0  ddiv.o ABSOLUTE
    ../fplib/microlib/fpepilogue.c           0x00000000   Number         0  depilogue.o ABSOLUTE
    ../fplib/microlib/fpfix.c                0x00000000   Number         0  dfixul.o ABSOLUTE
    ../fplib/microlib/fpmul.c                0x00000000   Number         0  dmul.o ABSOLUTE
    ..\..\..\..\..\..\components\ble\ble_advertising\ble_advertising.c 0x00000000   Number         0  ble_advertising.o ABSOLUTE
    ..\..\..\..\..\..\components\ble\ble_services\ble_nus\ble_nus.c 0x00000000   Number         0  ble_nus.o ABSOLUTE
    ..\..\..\..\..\..\components\ble\common\ble_advdata.c 0x00000000   Number         0  ble_advdata.o ABSOLUTE
    ..\..\..\..\..\..\components\ble\common\ble_conn_params.c 0x00000000   Number         0  ble_conn_params.o ABSOLUTE
    ..\..\..\..\..\..\components\ble\common\ble_srv_common.c 0x00000000   Number         0  ble_srv_common.o ABSOLUTE
    ..\..\..\..\..\..\components\drivers_nrf\common\nrf_drv_common.c 0x00000000   Number         0  nrf_drv_common.o ABSOLUTE
    ..\..\..\..\..\..\components\drivers_nrf\delay\nrf_delay.c 0x00000000   Number         0  nrf_delay.o ABSOLUTE
    ..\..\..\..\..\..\components\drivers_nrf\gpiote\nrf_drv_gpiote.c 0x00000000   Number         0  nrf_drv_gpiote.o ABSOLUTE
    ..\..\..\..\..\..\components\drivers_nrf\pstorage\pstorage.c 0x00000000   Number         0  pstorage.o ABSOLUTE
    ..\..\..\..\..\..\components\drivers_nrf\uart\nrf_drv_uart.c 0x00000000   Number         0  nrf_drv_uart.o ABSOLUTE
    ..\..\..\..\..\..\components\libraries\button\app_button.c 0x00000000   Number         0  app_button.o ABSOLUTE
    ..\..\..\..\..\..\components\libraries\fifo\app_fifo.c 0x00000000   Number         0  app_fifo.o ABSOLUTE
    ..\..\..\..\..\..\components\libraries\fstorage\fstorage.c 0x00000000   Number         0  fstorage.o ABSOLUTE
    ..\..\..\..\..\..\components\libraries\timer\app_timer.c 0x00000000   Number         0  app_timer.o ABSOLUTE
    ..\..\..\..\..\..\components\libraries\uart\app_uart_fifo.c 0x00000000   Number         0  app_uart_fifo.o ABSOLUTE
    ..\..\..\..\..\..\components\libraries\uart\retarget.c 0x00000000   Number         0  retarget.o ABSOLUTE
    ..\..\..\..\..\..\components\libraries\util\app_error.c 0x00000000   Number         0  app_error.o ABSOLUTE
    ..\..\..\..\..\..\components\libraries\util\app_error_weak.c 0x00000000   Number         0  app_error_weak.o ABSOLUTE
    ..\..\..\..\..\..\components\libraries\util\app_util_platform.c 0x00000000   Number         0  app_util_platform.o ABSOLUTE
    ..\..\..\..\..\..\components\libraries\util\nrf_assert.c 0x00000000   Number         0  nrf_assert.o ABSOLUTE
    ..\..\..\..\..\..\components\libraries\util\nrf_log.c 0x00000000   Number         0  nrf_log.o ABSOLUTE
    ..\..\..\..\..\..\components\softdevice\common\softdevice_handler\softdevice_handler.c 0x00000000   Number         0  softdevice_handler.o ABSOLUTE
    ..\..\..\..\..\..\external\segger_rtt\RTT_Syscalls_KEIL.c 0x00000000   Number         0  rtt_syscalls_keil.o ABSOLUTE
    ..\..\..\..\..\..\external\segger_rtt\SEGGER_RTT.c 0x00000000   Number         0  segger_rtt.o ABSOLUTE
    ..\..\..\..\..\..\external\segger_rtt\SEGGER_RTT_printf.c 0x00000000   Number         0  segger_rtt_printf.o ABSOLUTE
    ..\..\..\..\..\bsp\bsp.c                 0x00000000   Number         0  bsp.o ABSOLUTE
    ..\..\..\..\..\bsp\bsp_btn_ble.c         0x00000000   Number         0  bsp_btn_ble.o ABSOLUTE
    ..\..\..\main.c                          0x00000000   Number         0  main.o ABSOLUTE
    ..\\..\\..\\..\\..\\..\\components\\ble\\ble_advertising\\ble_advertising.c 0x00000000   Number         0  ble_advertising.o ABSOLUTE
    ..\\..\\..\\..\\..\\..\\components\\ble\\ble_services\\ble_nus\\ble_nus.c 0x00000000   Number         0  ble_nus.o ABSOLUTE
    ..\\..\\..\\..\\..\\..\\components\\ble\\common\\ble_advdata.c 0x00000000   Number         0  ble_advdata.o ABSOLUTE
    ..\\..\\..\\..\\..\\..\\components\\ble\\common\\ble_conn_params.c 0x00000000   Number         0  ble_conn_params.o ABSOLUTE
    ..\\..\\..\\..\\..\\..\\components\\ble\\common\\ble_srv_common.c 0x00000000   Number         0  ble_srv_common.o ABSOLUTE
    ..\\..\\..\\..\\..\\..\\components\\drivers_nrf\\common\\nrf_drv_common.c 0x00000000   Number         0  nrf_drv_common.o ABSOLUTE
    ..\\..\\..\\..\\..\\..\\components\\drivers_nrf\\delay\\nrf_delay.c 0x00000000   Number         0  nrf_delay.o ABSOLUTE
    ..\\..\\..\\..\\..\\..\\components\\drivers_nrf\\gpiote\\nrf_drv_gpiote.c 0x00000000   Number         0  nrf_drv_gpiote.o ABSOLUTE
    ..\\..\\..\\..\\..\\..\\components\\drivers_nrf\\pstorage\\pstorage.c 0x00000000   Number         0  pstorage.o ABSOLUTE
    ..\\..\\..\\..\\..\\..\\components\\drivers_nrf\\uart\\nrf_drv_uart.c 0x00000000   Number         0  nrf_drv_uart.o ABSOLUTE
    ..\\..\\..\\..\\..\\..\\components\\libraries\\button\\app_button.c 0x00000000   Number         0  app_button.o ABSOLUTE
    ..\\..\\..\\..\\..\\..\\components\\libraries\\fifo\\app_fifo.c 0x00000000   Number         0  app_fifo.o ABSOLUTE
    ..\\..\\..\\..\\..\\..\\components\\libraries\\fstorage\\fstorage.c 0x00000000   Number         0  fstorage.o ABSOLUTE
    ..\\..\\..\\..\\..\\..\\components\\libraries\\timer\\app_timer.c 0x00000000   Number         0  app_timer.o ABSOLUTE
    ..\\..\\..\\..\\..\\..\\components\\libraries\\uart\\app_uart_fifo.c 0x00000000   Number         0  app_uart_fifo.o ABSOLUTE
    ..\\..\\..\\..\\..\\..\\components\\libraries\\uart\\retarget.c 0x00000000   Number         0  retarget.o ABSOLUTE
    ..\\..\\..\\..\\..\\..\\components\\libraries\\util\\app_error.c 0x00000000   Number         0  app_error.o ABSOLUTE
    ..\\..\\..\\..\\..\\..\\components\\libraries\\util\\app_error_weak.c 0x00000000   Number         0  app_error_weak.o ABSOLUTE
    ..\\..\\..\\..\\..\\..\\components\\libraries\\util\\app_util_platform.c 0x00000000   Number         0  app_util_platform.o ABSOLUTE
    ..\\..\\..\\..\\..\\..\\components\\libraries\\util\\nrf_assert.c 0x00000000   Number         0  nrf_assert.o ABSOLUTE
    ..\\..\\..\\..\\..\\..\\components\\libraries\\util\\nrf_log.c 0x00000000   Number         0  nrf_log.o ABSOLUTE
    ..\\..\\..\\..\\..\\..\\components\\softdevice\\common\\softdevice_handler\\softdevice_handler.c 0x00000000   Number         0  softdevice_handler.o ABSOLUTE
    ..\\..\\..\\..\\..\\bsp\\bsp.c           0x00000000   Number         0  bsp.o ABSOLUTE
    ..\\..\\..\\..\\..\\bsp\\bsp_btn_ble.c   0x00000000   Number         0  bsp_btn_ble.o ABSOLUTE
    ..\\..\\..\\main.c                       0x00000000   Number         0  main.o ABSOLUTE
    RTE\Device\nRF51422_xxAC\arm_startup_nrf51.s 0x00000000   Number         0  arm_startup_nrf51.o ABSOLUTE
    RTE\Device\nRF51422_xxAC\system_nrf51.c  0x00000000   Number         0  system_nrf51.o ABSOLUTE
    RTE\\Device\\nRF51422_xxAC\\system_nrf51.c 0x00000000   Number         0  system_nrf51.o ABSOLUTE
    cdrcmple.s                               0x00000000   Number         0  cdrcmple.o ABSOLUTE
    dc.s                                     0x00000000   Number         0  dc.o ABSOLUTE
    handlers.s                               0x00000000   Number         0  handlers.o ABSOLUTE
    init.s                                   0x00000000   Number         0  init.o ABSOLUTE
    RESET                                    0x0001b000   Section      192  arm_startup_nrf51.o(RESET)
    .ARM.Collect$$$$00000000                 0x0001b0c0   Section        0  entry.o(.ARM.Collect$$$$00000000)
    .ARM.Collect$$$$00000001                 0x0001b0c0   Section        4  entry2.o(.ARM.Collect$$$$00000001)
    .ARM.Collect$$$$00000004                 0x0001b0c4   Section        4  entry5.o(.ARM.Collect$$$$00000004)
    .ARM.Collect$$$$00000008                 0x0001b0c8   Section        0  entry7b.o(.ARM.Collect$$$$00000008)
    .ARM.Collect$$$$0000000A                 0x0001b0c8   Section        0  entry8b.o(.ARM.Collect$$$$0000000A)
    .ARM.Collect$$$$0000000B                 0x0001b0c8   Section        8  entry9a.o(.ARM.Collect$$$$0000000B)
    .ARM.Collect$$$$0000000D                 0x0001b0d0   Section        0  entry10a.o(.ARM.Collect$$$$0000000D)
    .ARM.Collect$$$$0000000F                 0x0001b0d0   Section        0  entry11a.o(.ARM.Collect$$$$0000000F)
    .ARM.Collect$$$$00002712                 0x0001b0d0   Section        4  entry2.o(.ARM.Collect$$$$00002712)
    __lit__00000000                          0x0001b0d0   Data           4  entry2.o(.ARM.Collect$$$$00002712)
    .emb_text                                0x0001b0d4   Section       30  app_timer.o(.emb_text)
    .text                                    0x0001b0f4   Section       56  arm_startup_nrf51.o(.text)
    .text                                    0x0001b12c   Section        0  uidiv.o(.text)
    .text                                    0x0001b158   Section        0  memcpya.o(.text)
    .text                                    0x0001b17c   Section        0  memseta.o(.text)
    .text                                    0x0001b1a0   Section        0  strlen.o(.text)
    .text                                    0x0001b1ae   Section        0  uldiv.o(.text)
    .text                                    0x0001b20e   Section        0  iusefp.o(.text)
    .text                                    0x0001b210   Section        0  dadd.o(.text)
    .text                                    0x0001b374   Section        0  dmul.o(.text)
    .text                                    0x0001b444   Section        0  ddiv.o(.text)
    .text                                    0x0001b534   Section        0  dfixul.o(.text)
    .text                                    0x0001b574   Section       40  cdrcmple.o(.text)
    .text                                    0x0001b59c   Section       36  init.o(.text)
    .text                                    0x0001b5c0   Section        0  llshl.o(.text)
    .text                                    0x0001b5e0   Section        0  llushr.o(.text)
    .text                                    0x0001b602   Section        0  llsshr.o(.text)
    .text                                    0x0001b628   Section        0  depilogue.o(.text)
    i.GPIOTE_IRQHandler                      0x0001b6e8   Section        0  nrf_drv_gpiote.o(i.GPIOTE_IRQHandler)
    i.NVIC_SetPriority                       0x0001b83c   Section        0  app_timer.o(i.NVIC_SetPriority)
    NVIC_SetPriority                         0x0001b83d   Thumb Code    60  app_timer.o(i.NVIC_SetPriority)
    i.RTC1_IRQHandler                        0x0001b880   Section        0  app_timer.o(i.RTC1_IRQHandler)
    i.SWI0_IRQHandler                        0x0001b8a0   Section        0  app_timer.o(i.SWI0_IRQHandler)
    i.SWI2_IRQHandler                        0x0001b8a8   Section        0  softdevice_handler.o(i.SWI2_IRQHandler)
    i.SystemInit                             0x0001b8c8   Section        0  system_nrf51.o(i.SystemInit)
    i.UART0_IRQHandler                       0x0001b968   Section        0  nrf_drv_uart.o(i.UART0_IRQHandler)
    i.__0printf                              0x0001b970   Section        0  printfa.o(i.__0printf)
    i.__ARM_clz                              0x0001b990   Section        0  depilogue.o(i.__ARM_clz)
    i.__ARM_common_switch8                   0x0001b9be   Section        0  bsp.o(i.__ARM_common_switch8)
    i.__scatterload_copy                     0x0001b9d8   Section       14  handlers.o(i.__scatterload_copy)
    i.__scatterload_null                     0x0001b9e6   Section        2  handlers.o(i.__scatterload_null)
    i.__scatterload_zeroinit                 0x0001b9e8   Section       14  handlers.o(i.__scatterload_zeroinit)
    i._fp_digits                             0x0001b9f8   Section        0  printfa.o(i._fp_digits)
    _fp_digits                               0x0001b9f9   Thumb Code   316  printfa.o(i._fp_digits)
    i._printf_core                           0x0001bb50   Section        0  printfa.o(i._printf_core)
    _printf_core                             0x0001bb51   Thumb Code  1754  printfa.o(i._printf_core)
    i._printf_post_padding                   0x0001c23c   Section        0  printfa.o(i._printf_post_padding)
    _printf_post_padding                     0x0001c23d   Thumb Code    32  printfa.o(i._printf_post_padding)
    i._printf_pre_padding                    0x0001c25c   Section        0  printfa.o(i._printf_pre_padding)
    _printf_pre_padding                      0x0001c25d   Thumb Code    44  printfa.o(i._printf_pre_padding)
    i.adv_data_encode                        0x0001c288   Section        0  ble_advdata.o(i.adv_data_encode)
    i.advertising_buttons_configure          0x0001c49e   Section        0  bsp_btn_ble.o(i.advertising_buttons_configure)
    advertising_buttons_configure            0x0001c49f   Thumb Code    60  bsp_btn_ble.o(i.advertising_buttons_configure)
    i.alert_timer_handler                    0x0001c4dc   Section        0  bsp.o(i.alert_timer_handler)
    alert_timer_handler                      0x0001c4dd   Thumb Code    20  bsp.o(i.alert_timer_handler)
    i.app_button_enable                      0x0001c4f4   Section        0  app_button.o(i.app_button_enable)
    i.app_button_init                        0x0001c518   Section        0  app_button.o(i.app_button_init)
    i.app_error_fault_handler                0x0001c58c   Section        0  app_error_weak.o(i.app_error_fault_handler)
    i.app_error_handler_bare                 0x0001c5a8   Section        0  app_error.o(i.app_error_handler_bare)
    i.app_fifo_get                           0x0001c5c0   Section        0  app_fifo.o(i.app_fifo_get)
    i.app_fifo_init                          0x0001c5d6   Section        0  app_fifo.o(i.app_fifo_init)
    i.app_fifo_put                           0x0001c5fa   Section        0  app_fifo.o(i.app_fifo_put)
    i.app_timer_create                       0x0001c614   Section        0  app_timer.o(i.app_timer_create)
    i.app_timer_init                         0x0001c640   Section        0  app_timer.o(i.app_timer_init)
    i.app_timer_start                        0x0001c6d0   Section        0  app_timer.o(i.app_timer_start)
    i.app_timer_stop                         0x0001c74c   Section        0  app_timer.o(i.app_timer_stop)
    i.app_uart_get                           0x0001c7a0   Section        0  app_uart_fifo.o(i.app_uart_get)
    i.app_uart_init                          0x0001c7d4   Section        0  app_uart_fifo.o(i.app_uart_init)
    i.app_uart_put                           0x0001c874   Section        0  app_uart_fifo.o(i.app_uart_put)
    i.ble_advdata_set                        0x0001c8ac   Section        0  ble_advdata.o(i.ble_advdata_set)
    i.ble_advertising_init                   0x0001c914   Section        0  ble_advertising.o(i.ble_advertising_init)
    i.ble_advertising_on_ble_evt             0x0001ca38   Section        0  ble_advertising.o(i.ble_advertising_on_ble_evt)
    i.ble_advertising_peer_address_clear     0x0001cab4   Section        0  ble_advertising.o(i.ble_advertising_peer_address_clear)
    ble_advertising_peer_address_clear       0x0001cab5   Thumb Code    12  ble_advertising.o(i.ble_advertising_peer_address_clear)
    i.ble_advertising_restart_without_whitelist 0x0001cac4   Section        0  ble_advertising.o(i.ble_advertising_restart_without_whitelist)
    i.ble_advertising_start                  0x0001cb1c   Section        0  ble_advertising.o(i.ble_advertising_start)
    i.ble_conn_params_init                   0x0001cd08   Section        0  ble_conn_params.o(i.ble_conn_params_init)
    i.ble_conn_params_on_ble_evt             0x0001cd5c   Section        0  ble_conn_params.o(i.ble_conn_params_on_ble_evt)
    i.ble_device_addr_encode                 0x0001cdec   Section        0  ble_advdata.o(i.ble_device_addr_encode)
    ble_device_addr_encode                   0x0001cded   Thumb Code    94  ble_advdata.o(i.ble_device_addr_encode)
    i.ble_evt_dispatch                       0x0001ce4c   Section        0  main.o(i.ble_evt_dispatch)
    ble_evt_dispatch                         0x0001ce4d   Thumb Code    36  main.o(i.ble_evt_dispatch)
    i.ble_nus_init                           0x0001ce74   Section        0  ble_nus.o(i.ble_nus_init)
    i.ble_nus_on_ble_evt                     0x0001cedc   Section        0  ble_nus.o(i.ble_nus_on_ble_evt)
    i.ble_nus_string_send                    0x0001cf34   Section        0  ble_nus.o(i.ble_nus_string_send)
    i.ble_stack_init                         0x0001cf88   Section        0  main.o(i.ble_stack_init)
    ble_stack_init                           0x0001cf89   Thumb Code    94  main.o(i.ble_stack_init)
    i.bsp_btn_ble_init                       0x0001cff8   Section        0  bsp_btn_ble.o(i.bsp_btn_ble_init)
    i.bsp_btn_ble_on_ble_evt                 0x0001d04c   Section        0  bsp_btn_ble.o(i.bsp_btn_ble_on_ble_evt)
    i.bsp_btn_ble_sleep_mode_prepare         0x0001d0c4   Section        0  bsp_btn_ble.o(i.bsp_btn_ble_sleep_mode_prepare)
    i.bsp_button_event_handler               0x0001d0d8   Section        0  bsp.o(i.bsp_button_event_handler)
    bsp_button_event_handler                 0x0001d0d9   Thumb Code   148  bsp.o(i.bsp_button_event_handler)
    i.bsp_button_is_pressed                  0x0001d178   Section        0  bsp.o(i.bsp_button_is_pressed)
    i.bsp_event_handler                      0x0001d1a4   Section        0  main.o(i.bsp_event_handler)
    i.bsp_event_to_button_action_assign      0x0001d1dc   Section        0  bsp.o(i.bsp_event_to_button_action_assign)
    i.bsp_indication_set                     0x0001d224   Section        0  bsp.o(i.bsp_indication_set)
    i.bsp_init                               0x0001d240   Section        0  bsp.o(i.bsp_init)
    i.bsp_led_indication                     0x0001d2e0   Section        0  bsp.o(i.bsp_led_indication)
    bsp_led_indication                       0x0001d2e1   Thumb Code   492  bsp.o(i.bsp_led_indication)
    i.bsp_wakeup_buttons_set                 0x0001d4d8   Section        0  bsp.o(i.bsp_wakeup_buttons_set)
    i.button_chk_handler                     0x0001d514   Section        0  main.o(i.button_chk_handler)
    i.button_timer_handler                   0x0001d548   Section        0  bsp.o(i.button_timer_handler)
    button_timer_handler                     0x0001d549   Thumb Code    12  bsp.o(i.button_timer_handler)
    i.channel_free                           0x0001d554   Section        0  nrf_drv_gpiote.o(i.channel_free)
    channel_free                             0x0001d555   Thumb Code    22  nrf_drv_gpiote.o(i.channel_free)
    i.channel_port_alloc                     0x0001d570   Section        0  nrf_drv_gpiote.o(i.channel_port_alloc)
    channel_port_alloc                       0x0001d571   Thumb Code    66  nrf_drv_gpiote.o(i.channel_port_alloc)
    i.channel_port_get                       0x0001d5b8   Section        0  nrf_drv_gpiote.o(i.channel_port_get)
    channel_port_get                         0x0001d5b9   Thumb Code    10  nrf_drv_gpiote.o(i.channel_port_get)
    i.compare_reg_update                     0x0001d5c8   Section        0  app_timer.o(i.compare_reg_update)
    compare_reg_update                       0x0001d5c9   Thumb Code   142  app_timer.o(i.compare_reg_update)
    i.conn_int_encode                        0x0001d670   Section        0  ble_advdata.o(i.conn_int_encode)
    conn_int_encode                          0x0001d671   Thumb Code   130  ble_advdata.o(i.conn_int_encode)
    i.conn_params_error_handler              0x0001d6f8   Section        0  main.o(i.conn_params_error_handler)
    conn_params_error_handler                0x0001d6f9   Thumb Code     8  main.o(i.conn_params_error_handler)
    i.conn_params_negotiation                0x0001d700   Section        0  ble_conn_params.o(i.conn_params_negotiation)
    conn_params_negotiation                  0x0001d701   Thumb Code    92  ble_conn_params.o(i.conn_params_negotiation)
    i.detection_delay_timeout_handler        0x0001d768   Section        0  app_button.o(i.detection_delay_timeout_handler)
    detection_delay_timeout_handler          0x0001d769   Thumb Code    90  app_button.o(i.detection_delay_timeout_handler)
    i.elapsed_ticks_acquire                  0x0001d7c8   Section        0  app_timer.o(i.elapsed_ticks_acquire)
    elapsed_ticks_acquire                    0x0001d7c9   Thumb Code    58  app_timer.o(i.elapsed_ticks_acquire)
    i.fifo_get                               0x0001d808   Section        0  app_fifo.o(i.fifo_get)
    fifo_get                                 0x0001d809   Thumb Code    20  app_fifo.o(i.fifo_get)
    i.fifo_put                               0x0001d81c   Section        0  app_fifo.o(i.fifo_put)
    fifo_put                                 0x0001d81d   Thumb Code    18  app_fifo.o(i.fifo_put)
    i.fputc                                  0x0001d82e   Section        0  retarget.o(i.fputc)
    i.fs_queued_op_count_get                 0x0001d83c   Section        0  fstorage.o(i.fs_queued_op_count_get)
    i.gpiote_event_handler                   0x0001d854   Section        0  app_button.o(i.gpiote_event_handler)
    gpiote_event_handler                     0x0001d855   Thumb Code    72  app_button.o(i.gpiote_event_handler)
    i.in_pin_handler                         0x0001d8a4   Section        0  main.o(i.in_pin_handler)
    i.intern_softdevice_events_execute       0x0001d8b0   Section        0  softdevice_handler.o(i.intern_softdevice_events_execute)
    i.is_conn_params_ok                      0x0001d928   Section        0  ble_conn_params.o(i.is_conn_params_ok)
    is_conn_params_ok                        0x0001d929   Thumb Code    24  ble_conn_params.o(i.is_conn_params_ok)
    i.is_manual_peripheral_setup_needed      0x0001d944   Section        0  system_nrf51.o(i.is_manual_peripheral_setup_needed)
    is_manual_peripheral_setup_needed        0x0001d945   Thumb Code    66  system_nrf51.o(i.is_manual_peripheral_setup_needed)
    i.le_role_encode                         0x0001d98c   Section        0  ble_advdata.o(i.le_role_encode)
    le_role_encode                           0x0001d98d   Thumb Code    84  ble_advdata.o(i.le_role_encode)
    i.leds_timer_handler                     0x0001d9e0   Section        0  bsp.o(i.leds_timer_handler)
    leds_timer_handler                       0x0001d9e1   Thumb Code    18  bsp.o(i.leds_timer_handler)
    i.list_deletions_handler                 0x0001d9f8   Section        0  app_timer.o(i.list_deletions_handler)
    list_deletions_handler                   0x0001d9f9   Thumb Code   180  app_timer.o(i.list_deletions_handler)
    i.list_insertions_handler                0x0001dab4   Section        0  app_timer.o(i.list_insertions_handler)
    list_insertions_handler                  0x0001dab5   Thumb Code   202  app_timer.o(i.list_insertions_handler)
    i.main                                   0x0001db88   Section        0  main.o(i.main)
    i.manuf_specific_data_encode             0x0001dda4   Section        0  ble_advdata.o(i.manuf_specific_data_encode)
    manuf_specific_data_encode               0x0001dda5   Thumb Code   104  ble_advdata.o(i.manuf_specific_data_encode)
    i.name_encode                            0x0001de0c   Section        0  ble_advdata.o(i.name_encode)
    name_encode                              0x0001de0d   Thumb Code   158  ble_advdata.o(i.name_encode)
    i.nrf_drv_common_irq_enable              0x0001deac   Section        0  nrf_drv_common.o(i.nrf_drv_common_irq_enable)
    i.nrf_drv_gpiote_in_event_enable         0x0001df0c   Section        0  nrf_drv_gpiote.o(i.nrf_drv_gpiote_in_event_enable)
    i.nrf_drv_gpiote_in_init                 0x0001dfac   Section        0  nrf_drv_gpiote.o(i.nrf_drv_gpiote_in_init)
    i.nrf_drv_gpiote_in_is_set               0x0001e050   Section        0  nrf_drv_gpiote.o(i.nrf_drv_gpiote_in_is_set)
    i.nrf_drv_gpiote_init                    0x0001e064   Section        0  nrf_drv_gpiote.o(i.nrf_drv_gpiote_init)
    i.nrf_drv_gpiote_is_init                 0x0001e0b8   Section        0  nrf_drv_gpiote.o(i.nrf_drv_gpiote_is_init)
    i.nrf_drv_uart_init                      0x0001e0c8   Section        0  nrf_drv_uart.o(i.nrf_drv_uart_init)
    i.nrf_drv_uart_rx                        0x0001e190   Section        0  nrf_drv_uart.o(i.nrf_drv_uart_rx)
    i.nrf_drv_uart_rx_enable                 0x0001e1dc   Section        0  nrf_drv_uart.o(i.nrf_drv_uart_rx_enable)
    i.nrf_drv_uart_rx_for_uart               0x0001e1f4   Section        0  nrf_drv_uart.o(i.nrf_drv_uart_rx_for_uart)
    nrf_drv_uart_rx_for_uart                 0x0001e1f5   Thumb Code   144  nrf_drv_uart.o(i.nrf_drv_uart_rx_for_uart)
    i.nrf_drv_uart_tx                        0x0001e290   Section        0  nrf_drv_uart.o(i.nrf_drv_uart_tx)
    i.nrf_drv_uart_tx_for_uart               0x0001e2b4   Section        0  nrf_drv_uart.o(i.nrf_drv_uart_tx_for_uart)
    nrf_drv_uart_tx_for_uart                 0x0001e2b5   Thumb Code   108  nrf_drv_uart.o(i.nrf_drv_uart_tx_for_uart)
    i.nrf_drv_uart_tx_in_progress            0x0001e328   Section        0  nrf_drv_uart.o(i.nrf_drv_uart_tx_in_progress)
    i.nrf_gpio_cfg                           0x0001e338   Section        0  nrf_drv_gpiote.o(i.nrf_gpio_cfg)
    nrf_gpio_cfg                             0x0001e339   Thumb Code    32  nrf_drv_gpiote.o(i.nrf_gpio_cfg)
    i.nrf_gpio_cfg                           0x0001e35c   Section        0  nrf_drv_uart.o(i.nrf_gpio_cfg)
    nrf_gpio_cfg                             0x0001e35d   Thumb Code    32  nrf_drv_uart.o(i.nrf_gpio_cfg)
    i.nrf_gpio_cfg_input                     0x0001e380   Section        0  nrf_drv_uart.o(i.nrf_gpio_cfg_input)
    nrf_gpio_cfg_input                       0x0001e381   Thumb Code    18  nrf_drv_uart.o(i.nrf_gpio_cfg_input)
    i.nrf_gpio_cfg_output                    0x0001e392   Section        0  nrf_drv_uart.o(i.nrf_gpio_cfg_output)
    nrf_gpio_cfg_output                      0x0001e393   Thumb Code    20  nrf_drv_uart.o(i.nrf_gpio_cfg_output)
    i.nrf_gpio_cfg_sense_set                 0x0001e3a8   Section        0  nrf_drv_gpiote.o(i.nrf_gpio_cfg_sense_set)
    nrf_gpio_cfg_sense_set                   0x0001e3a9   Thumb Code    26  nrf_drv_gpiote.o(i.nrf_gpio_cfg_sense_set)
    i.nrf_gpiote_event_is_set                0x0001e3c8   Section        0  nrf_drv_gpiote.o(i.nrf_gpiote_event_is_set)
    nrf_gpiote_event_is_set                  0x0001e3c9   Thumb Code    14  nrf_drv_gpiote.o(i.nrf_gpiote_event_is_set)
    i.nrf_uart_event_check                   0x0001e3dc   Section        0  nrf_drv_uart.o(i.nrf_uart_event_check)
    nrf_uart_event_check                     0x0001e3dd   Thumb Code    10  nrf_drv_uart.o(i.nrf_uart_event_check)
    i.nrf_uart_int_enable_check              0x0001e3e6   Section        0  nrf_drv_uart.o(i.nrf_uart_int_enable_check)
    nrf_uart_int_enable_check                0x0001e3e7   Thumb Code    16  nrf_drv_uart.o(i.nrf_uart_int_enable_check)
    i.nus_data_handler                       0x0001e3f6   Section        0  main.o(i.nus_data_handler)
    nus_data_handler                         0x0001e3f7   Thumb Code    38  main.o(i.nus_data_handler)
    i.on_adv_evt                             0x0001e41c   Section        0  main.o(i.on_adv_evt)
    on_adv_evt                               0x0001e41d   Thumb Code    32  main.o(i.on_adv_evt)
    i.on_ble_evt                             0x0001e43c   Section        0  main.o(i.on_ble_evt)
    on_ble_evt                               0x0001e43d   Thumb Code    96  main.o(i.on_ble_evt)
    i.on_conn_params_evt                     0x0001e4a0   Section        0  main.o(i.on_conn_params_evt)
    on_conn_params_evt                       0x0001e4a1   Thumb Code    26  main.o(i.on_conn_params_evt)
    i.peer_address_exists                    0x0001e4c0   Section        0  ble_advertising.o(i.peer_address_exists)
    peer_address_exists                      0x0001e4c1   Thumb Code    22  ble_advertising.o(i.peer_address_exists)
    i.pin_in_use_by_port                     0x0001e4d8   Section        0  nrf_drv_gpiote.o(i.pin_in_use_by_port)
    pin_in_use_by_port                       0x0001e4d9   Thumb Code    20  nrf_drv_gpiote.o(i.pin_in_use_by_port)
    i.pin_in_use_by_te                       0x0001e4f0   Section        0  nrf_drv_gpiote.o(i.pin_in_use_by_te)
    pin_in_use_by_te                         0x0001e4f1   Thumb Code    20  nrf_drv_gpiote.o(i.pin_in_use_by_te)
    i.pstorage_access_status_get             0x0001e508   Section        0  pstorage.o(i.pstorage_access_status_get)
    i.rtc1_stop                              0x0001e530   Section        0  app_timer.o(i.rtc1_stop)
    rtc1_stop                                0x0001e531   Thumb Code    50  app_timer.o(i.rtc1_stop)
    i.rx_byte                                0x0001e574   Section        0  nrf_drv_uart.o(i.rx_byte)
    rx_byte                                  0x0001e575   Thumb Code    42  nrf_drv_uart.o(i.rx_byte)
    i.rx_char_add                            0x0001e5ac   Section        0  ble_nus.o(i.rx_char_add)
    rx_char_add                              0x0001e5ad   Thumb Code   158  ble_nus.o(i.rx_char_add)
    i.rx_done_event                          0x0001e64c   Section        0  nrf_drv_uart.o(i.rx_done_event)
    rx_done_event                            0x0001e64d   Thumb Code    22  nrf_drv_uart.o(i.rx_done_event)
    i.rx_enable                              0x0001e668   Section        0  nrf_drv_uart.o(i.rx_enable)
    rx_enable                                0x0001e669   Thumb Code    22  nrf_drv_uart.o(i.rx_enable)
    i.sd_check_ram_start                     0x0001e684   Section        0  softdevice_handler.o(i.sd_check_ram_start)
    i.sd_nvic_EnableIRQ                      0x0001e694   Section        0  softdevice_handler.o(i.sd_nvic_EnableIRQ)
    sd_nvic_EnableIRQ                        0x0001e695   Thumb Code   116  softdevice_handler.o(i.sd_nvic_EnableIRQ)
    i.service_data_encode                    0x0001e720   Section        0  ble_advdata.o(i.service_data_encode)
    service_data_encode                      0x0001e721   Thumb Code   142  ble_advdata.o(i.service_data_encode)
    i.sleep_mode_enter                       0x0001e7ae   Section        0  main.o(i.sleep_mode_enter)
    sleep_mode_enter                         0x0001e7af   Thumb Code    40  main.o(i.sleep_mode_enter)
    i.softdevice_ble_evt_handler_set         0x0001e7d8   Section        0  softdevice_handler.o(i.softdevice_ble_evt_handler_set)
    i.softdevice_enable                      0x0001e7ec   Section        0  softdevice_handler.o(i.softdevice_enable)
    i.softdevice_enable_get_default_config   0x0001e800   Section        0  softdevice_handler.o(i.softdevice_enable_get_default_config)
    i.softdevice_fault_handler               0x0001e828   Section        0  softdevice_handler.o(i.softdevice_fault_handler)
    i.softdevice_handler_init                0x0001e830   Section        0  softdevice_handler.o(i.softdevice_handler_init)
    i.timer_list_handler                     0x0001e864   Section        0  app_timer.o(i.timer_list_handler)
    timer_list_handler                       0x0001e865   Thumb Code   128  app_timer.o(i.timer_list_handler)
    i.timer_list_handler_sched               0x0001e8e8   Section        0  app_timer.o(i.timer_list_handler_sched)
    timer_list_handler_sched                 0x0001e8e9   Thumb Code    10  app_timer.o(i.timer_list_handler_sched)
    i.timer_list_insert                      0x0001e8f8   Section        0  app_timer.o(i.timer_list_insert)
    timer_list_insert                        0x0001e8f9   Thumb Code    60  app_timer.o(i.timer_list_insert)
    i.timer_timeouts_check                   0x0001e938   Section        0  app_timer.o(i.timer_timeouts_check)
    timer_timeouts_check                     0x0001e939   Thumb Code   118  app_timer.o(i.timer_timeouts_check)
    i.tx_byte                                0x0001e9b8   Section        0  nrf_drv_uart.o(i.tx_byte)
    tx_byte                                  0x0001e9b9   Thumb Code    30  nrf_drv_uart.o(i.tx_byte)
    i.tx_char_add                            0x0001e9e4   Section        0  ble_nus.o(i.tx_char_add)
    tx_char_add                              0x0001e9e5   Thumb Code   128  ble_nus.o(i.tx_char_add)
    i.tx_done_event                          0x0001ea64   Section        0  nrf_drv_uart.o(i.tx_done_event)
    tx_done_event                            0x0001ea65   Thumb Code    26  nrf_drv_uart.o(i.tx_done_event)
    i.uart_event_handle                      0x0001ea84   Section        0  main.o(i.uart_event_handle)
    i.uart_event_handler                     0x0001eae4   Section        0  app_uart_fifo.o(i.uart_event_handler)
    uart_event_handler                       0x0001eae5   Thumb Code   166  app_uart_fifo.o(i.uart_event_handler)
    i.uart_irq_handler                       0x0001eb94   Section        0  nrf_drv_uart.o(i.uart_irq_handler)
    uart_irq_handler                         0x0001eb95   Thumb Code   278  nrf_drv_uart.o(i.uart_irq_handler)
    i.uint16_encode                          0x0001ecbc   Section        0  ble_advdata.o(i.uint16_encode)
    uint16_encode                            0x0001ecbd   Thumb Code    10  ble_advdata.o(i.uint16_encode)
    i.update_timeout_handler                 0x0001ecc8   Section        0  ble_conn_params.o(i.update_timeout_handler)
    update_timeout_handler                   0x0001ecc9   Thumb Code    86  ble_conn_params.o(i.update_timeout_handler)
    i.user_id_get                            0x0001ed2c   Section        0  app_timer.o(i.user_id_get)
    user_id_get                              0x0001ed2d   Thumb Code    76  app_timer.o(i.user_id_get)
    i.user_op_alloc                          0x0001ed80   Section        0  app_timer.o(i.user_op_alloc)
    user_op_alloc                            0x0001ed81   Thumb Code    38  app_timer.o(i.user_op_alloc)
    i.uuid_list_encode                       0x0001eda6   Section        0  ble_advdata.o(i.uuid_list_encode)
    uuid_list_encode                         0x0001eda7   Thumb Code    48  ble_advdata.o(i.uuid_list_encode)
    i.uuid_list_sized_encode                 0x0001edd6   Section        0  ble_advdata.o(i.uuid_list_sized_encode)
    uuid_list_sized_encode                   0x0001edd7   Thumb Code   174  ble_advdata.o(i.uuid_list_sized_encode)
    i.whitelist_has_entries                  0x0001ee84   Section        0  ble_advertising.o(i.whitelist_has_entries)
    whitelist_has_entries                    0x0001ee85   Thumb Code    16  ble_advertising.o(i.whitelist_has_entries)
    .constdata                               0x0001ee94   Section       24  main.o(.constdata)
    button_det_timer_id                      0x0001ee94   Data           4  main.o(.constdata)
    .constdata                               0x0001eeac   Section       60  bsp.o(.constdata)
    m_leds_timer_id                          0x0001eeac   Data           4  bsp.o(.constdata)
    m_alert_timer_id                         0x0001eeb0   Data           4  bsp.o(.constdata)
    m_button_timer_id                        0x0001eeb4   Data           4  bsp.o(.constdata)
    m_buttons_list                           0x0001eeb8   Data          16  bsp.o(.constdata)
    app_buttons                              0x0001eec8   Data          32  bsp.o(.constdata)
    .constdata                               0x0001eee8   Section        4  ble_conn_params.o(.constdata)
    m_conn_params_timer_id                   0x0001eee8   Data           4  ble_conn_params.o(.constdata)
    .constdata                               0x0001eeec   Section       16  ble_nus.o(.constdata)
    .constdata                               0x0001eefc   Section       32  app_uart_fifo.o(.constdata)
    .constdata                               0x0001ef1c   Section       32  nrf_drv_uart.o(.constdata)
    m_default_config                         0x0001ef1c   Data          32  nrf_drv_uart.o(.constdata)
    .constdata                               0x0001ef3c   Section        8  app_button.o(.constdata)
    m_detection_delay_timer_id               0x0001ef3c   Data           4  app_button.o(.constdata)
    .conststring                             0x0001ef44   Section       17  main.o(.conststring)
    .data                                    0x20002080   Section       12  main.o(.data)
    button_0_flag                            0x20002080   Data           1  main.o(.data)
    index                                    0x20002081   Data           1  main.o(.data)
    m_conn_handle                            0x20002082   Data           2  main.o(.data)
    m_adv_uuids                              0x20002084   Data           4  main.o(.data)
    .data                                    0x2000208c   Section       24  bsp.o(.data)
    m_stable_state                           0x2000208c   Data           1  bsp.o(.data)
    current_long_push_pin_no                 0x2000208d   Data           1  bsp.o(.data)
    m_app_ticks_per_100ms                    0x20002090   Data           4  bsp.o(.data)
    m_indication_type                        0x20002094   Data           4  bsp.o(.data)
    m_alert_mask                             0x20002098   Data           4  bsp.o(.data)
    m_registered_callback                    0x2000209c   Data           4  bsp.o(.data)
    release_event_at_push                    0x200020a0   Data           4  bsp.o(.data)
    .data                                    0x200020a4   Section        8  bsp_btn_ble.o(.data)
    m_error_handler                          0x200020a4   Data           4  bsp_btn_ble.o(.data)
    m_num_connections                        0x200020a8   Data           4  bsp_btn_ble.o(.data)
    .data                                    0x200020ac   Section       31  ble_advertising.o(.data)
    m_advertising_start_pending              0x200020ac   Data           1  ble_advertising.o(.data)
    m_whitelist_temporarily_disabled         0x200020ad   Data           1  ble_advertising.o(.data)
    m_whitelist_reply_expected               0x200020ae   Data           1  ble_advertising.o(.data)
    m_peer_addr_reply_expected               0x200020af   Data           1  ble_advertising.o(.data)
    m_adv_evt                                0x200020b0   Data           1  ble_advertising.o(.data)
    m_adv_mode_current                       0x200020b1   Data           1  ble_advertising.o(.data)
    m_tx_power_level                         0x200020b2   Data           1  ble_advertising.o(.data)
    current_slave_link_conn_handle           0x200020b4   Data           2  ble_advertising.o(.data)
    m_evt_handler                            0x200020b8   Data           4  ble_advertising.o(.data)
    m_error_handler                          0x200020bc   Data           4  ble_advertising.o(.data)
    m_slave_conn_int                         0x200020c0   Data           4  ble_advertising.o(.data)
    m_peer_address                           0x200020c4   Data           7  ble_advertising.o(.data)
    .data                                    0x200020cc   Section       20  ble_conn_params.o(.data)
    m_change_param                           0x200020cc   Data           1  ble_conn_params.o(.data)
    m_update_count                           0x200020cd   Data           1  ble_conn_params.o(.data)
    m_conn_handle                            0x200020ce   Data           2  ble_conn_params.o(.data)
    m_preferred_conn_params                  0x200020d0   Data           8  ble_conn_params.o(.data)
    m_current_conn_params                    0x200020d8   Data           8  ble_conn_params.o(.data)
    .data                                    0x200020e0   Section        8  app_uart_fifo.o(.data)
    tx_buffer                                0x200020e0   Data           1  app_uart_fifo.o(.data)
    rx_buffer                                0x200020e1   Data           1  app_uart_fifo.o(.data)
    m_event_handler                          0x200020e4   Data           4  app_uart_fifo.o(.data)
    .data                                    0x200020e8   Section       36  pstorage.o(.data)
    m_state                                  0x200020e8   Data           1  pstorage.o(.data)
    m_swap_sub_state                         0x200020e9   Data           1  pstorage.o(.data)
    m_next_app_instance                      0x200020ea   Data           2  pstorage.o(.data)
    m_flags                                  0x200020ec   Data           4  pstorage.o(.data)
    m_next_page_addr                         0x200020f0   Data           4  pstorage.o(.data)
    m_head_word_size                         0x200020f4   Data           4  pstorage.o(.data)
    m_tail_word_size                         0x200020f8   Data           4  pstorage.o(.data)
    m_current_page_id                        0x200020fc   Data           4  pstorage.o(.data)
    m_num_of_command_retries                 0x20002100   Data           4  pstorage.o(.data)
    m_num_of_bytes_written                   0x20002104   Data           4  pstorage.o(.data)
    m_app_data_size                          0x20002108   Data           4  pstorage.o(.data)
    .data                                    0x2000210c   Section       20  app_button.o(.data)
    m_button_count                           0x2000210c   Data           1  app_button.o(.data)
    mp_buttons                               0x20002110   Data           4  app_button.o(.data)
    m_detection_delay                        0x20002114   Data           4  app_button.o(.data)
    m_pin_state                              0x20002118   Data           4  app_button.o(.data)
    m_pin_transition                         0x2000211c   Data           4  app_button.o(.data)
    .data                                    0x20002120   Section       32  app_timer.o(.data)
    m_user_array_size                        0x20002120   Data           1  app_timer.o(.data)
    m_ticks_elapsed_q_read_ind               0x20002121   Data           1  app_timer.o(.data)
    m_ticks_elapsed_q_write_ind              0x20002122   Data           1  app_timer.o(.data)
    m_rtc1_running                           0x20002123   Data           1  app_timer.o(.data)
    m_rtc1_reset                             0x20002124   Data           1  app_timer.o(.data)
    mp_users                                 0x20002128   Data           4  app_timer.o(.data)
    mp_timer_id_head                         0x2000212c   Data           4  app_timer.o(.data)
    m_ticks_latest                           0x20002130   Data           4  app_timer.o(.data)
    m_evt_schedule_func                      0x20002134   Data           4  app_timer.o(.data)
    m_ticks_elapsed                          0x20002138   Data           8  app_timer.o(.data)
    .data                                    0x20002140   Section        4  retarget.o(.data)
    .data                                    0x20002144   Section       28  softdevice_handler.o(.data)
    m_softdevice_enabled                     0x20002144   Data           1  softdevice_handler.o(.data)
    m_ble_evt_buffer_size                    0x20002146   Data           2  softdevice_handler.o(.data)
    m_evt_schedule_func                      0x20002148   Data           4  softdevice_handler.o(.data)
    mp_ble_evt_buffer                        0x2000214c   Data           4  softdevice_handler.o(.data)
    m_ble_evt_handler                        0x20002150   Data           4  softdevice_handler.o(.data)
    m_sys_evt_handler                        0x20002154   Data           4  softdevice_handler.o(.data)
    .data                                    0x20002160   Section        4  system_nrf51.o(.data)
    __tagsym$$used                           0x20002160   Number         0  system_nrf51.o(.data)
    .bss                                     0x20002164   Section       32  main.o(.bss)
    button_det_timer_id_data                 0x20002164   Data          32  main.o(.bss)
    .bss                                     0x20002184   Section     1232  main.o(.bss)
    BLE_EVT_BUFFER                           0x20002184   Data          72  main.o(.bss)
    data_array                               0x200021cc   Data          20  main.o(.bss)
    rx_buf                                   0x200021e0   Data         256  main.o(.bss)
    tx_buf                                   0x200022e0   Data         256  main.o(.bss)
    APP_TIMER_BUF                            0x200023e0   Data         600  main.o(.bss)
    m_nus                                    0x20002638   Data          28  main.o(.bss)
    .bss                                     0x20002654   Section       32  bsp.o(.bss)
    m_leds_timer_id_data                     0x20002654   Data          32  bsp.o(.bss)
    .bss                                     0x20002674   Section       32  bsp.o(.bss)
    m_alert_timer_id_data                    0x20002674   Data          32  bsp.o(.bss)
    .bss                                     0x20002694   Section       12  bsp.o(.bss)
    m_events_list                            0x20002694   Data          12  bsp.o(.bss)
    .bss                                     0x200026a0   Section       32  bsp.o(.bss)
    m_button_timer_id_data                   0x200026a0   Data          32  bsp.o(.bss)
    .bss                                     0x200026c0   Section      259  ble_advertising.o(.bss)
    m_advdata                                0x200026c0   Data          56  ble_advertising.o(.bss)
    m_adv_modes_config                       0x200026f8   Data          36  ble_advertising.o(.bss)
    m_whitelist                              0x2000271c   Data          16  ble_advertising.o(.bss)
    mp_whitelist_addr                        0x2000272c   Data          32  ble_advertising.o(.bss)
    mp_whitelist_irk                         0x2000274c   Data          32  ble_advertising.o(.bss)
    m_manuf_specific_data                    0x2000276c   Data          12  ble_advertising.o(.bss)
    m_manuf_data_array                       0x20002778   Data          31  ble_advertising.o(.bss)
    m_service_data                           0x20002798   Data          12  ble_advertising.o(.bss)
    m_service_data_array                     0x200027a4   Data          31  ble_advertising.o(.bss)
    .bss                                     0x200027c4   Section       32  ble_conn_params.o(.bss)
    m_conn_params_timer_id_data              0x200027c4   Data          32  ble_conn_params.o(.bss)
    .bss                                     0x200027e4   Section       28  ble_conn_params.o(.bss)
    m_conn_params_config                     0x200027e4   Data          28  ble_conn_params.o(.bss)
    .bss                                     0x20002800   Section       32  app_uart_fifo.o(.bss)
    m_rx_fifo                                0x20002800   Data          16  app_uart_fifo.o(.bss)
    m_tx_fifo                                0x20002810   Data          16  app_uart_fifo.o(.bss)
    .bss                                     0x20002820   Section       72  nrf_drv_gpiote.o(.bss)
    m_cb                                     0x20002820   Data          72  nrf_drv_gpiote.o(.bss)
    .bss                                     0x20002868   Section       28  nrf_drv_uart.o(.bss)
    m_cb                                     0x20002868   Data          28  nrf_drv_uart.o(.bss)
    .bss                                     0x20002884   Section      216  pstorage.o(.bss)
    m_cmd_queue                              0x20002884   Data         204  pstorage.o(.bss)
    m_app_table                              0x20002950   Data          12  pstorage.o(.bss)
    .bss                                     0x2000295c   Section       32  app_button.o(.bss)
    m_detection_delay_timer_id_data          0x2000295c   Data          32  app_button.o(.bss)
    .bss                                     0x2000297c   Section       88  fstorage.o(.bss)
    m_queue                                  0x2000297c   Data          88  fstorage.o(.bss)
    STACK                                    0x200029d8   Section     2048  arm_startup_nrf51.o(STACK)

    Global Symbols

    Symbol Name                              Value     Ov Type        Size  Object(Section)

    BuildAttributes$$THM_ISAv3M$S$PE$A:L22$X:L11$S22$IEEE1$IW$USESV6$~STKCKD$USESV7$~SHL$OSPACE$ROPI$EBA8$MICROLIB$REQ8$PRES8$EABIv2 0x00000000   Number         0  anon$$obj.o ABSOLUTE
    __ARM_use_no_argv                        0x00000000   Number         0  main.o ABSOLUTE
    __cpp_initialize__aeabi_                  - Undefined Weak Reference
    __cxa_finalize                            - Undefined Weak Reference
    __decompress                              - Undefined Weak Reference
    _clock_init                               - Undefined Weak Reference
    _microlib_exit                            - Undefined Weak Reference
    fs_data$$Base                             - Undefined Reference
    fs_data$$Limit                            - Undefined Reference
    __Vectors_Size                           0x000000c0   Number         0  arm_startup_nrf51.o ABSOLUTE
    __Vectors                                0x0001b000   Data           4  arm_startup_nrf51.o(RESET)
    __Vectors_End                            0x0001b0c0   Data           0  arm_startup_nrf51.o(RESET)
    __main                                   0x0001b0c1   Thumb Code     0  entry.o(.ARM.Collect$$$$00000000)
    _main_stk                                0x0001b0c1   Thumb Code     0  entry2.o(.ARM.Collect$$$$00000001)
    _main_scatterload                        0x0001b0c5   Thumb Code     0  entry5.o(.ARM.Collect$$$$00000004)
    __main_after_scatterload                 0x0001b0c9   Thumb Code     0  entry5.o(.ARM.Collect$$$$00000004)
    _main_clock                              0x0001b0c9   Thumb Code     0  entry7b.o(.ARM.Collect$$$$00000008)
    _main_cpp_init                           0x0001b0c9   Thumb Code     0  entry8b.o(.ARM.Collect$$$$0000000A)
    _main_init                               0x0001b0c9   Thumb Code     0  entry9a.o(.ARM.Collect$$$$0000000B)
    __rt_final_cpp                           0x0001b0d1   Thumb Code     0  entry10a.o(.ARM.Collect$$$$0000000D)
    __rt_final_exit                          0x0001b0d1   Thumb Code     0  entry11a.o(.ARM.Collect$$$$0000000F)
    __asm___11_app_timer_c_cd27f9c3__nrf_delay_us 0x0001b0d5   Thumb Code    30  app_timer.o(.emb_text)
    Reset_Handler                            0x0001b0f5   Thumb Code    26  arm_startup_nrf51.o(.text)
    NMI_Handler                              0x0001b10f   Thumb Code     2  arm_startup_nrf51.o(.text)
    HardFault_Handler                        0x0001b111   Thumb Code     2  arm_startup_nrf51.o(.text)
    SVC_Handler                              0x0001b113   Thumb Code     2  arm_startup_nrf51.o(.text)
    PendSV_Handler                           0x0001b115   Thumb Code     2  arm_startup_nrf51.o(.text)
    SysTick_Handler                          0x0001b117   Thumb Code     2  arm_startup_nrf51.o(.text)
    ADC_IRQHandler                           0x0001b119   Thumb Code     0  arm_startup_nrf51.o(.text)
    CCM_AAR_IRQHandler                       0x0001b119   Thumb Code     0  arm_startup_nrf51.o(.text)
    ECB_IRQHandler                           0x0001b119   Thumb Code     0  arm_startup_nrf51.o(.text)
    LPCOMP_IRQHandler                        0x0001b119   Thumb Code     0  arm_startup_nrf51.o(.text)
    POWER_CLOCK_IRQHandler                   0x0001b119   Thumb Code     0  arm_startup_nrf51.o(.text)
    QDEC_IRQHandler                          0x0001b119   Thumb Code     0  arm_startup_nrf51.o(.text)
    RADIO_IRQHandler                         0x0001b119   Thumb Code     0  arm_startup_nrf51.o(.text)
    RNG_IRQHandler                           0x0001b119   Thumb Code     0  arm_startup_nrf51.o(.text)
    RTC0_IRQHandler                          0x0001b119   Thumb Code     0  arm_startup_nrf51.o(.text)
    SPI0_TWI0_IRQHandler                     0x0001b119   Thumb Code     0  arm_startup_nrf51.o(.text)
    SPI1_TWI1_IRQHandler                     0x0001b119   Thumb Code     0  arm_startup_nrf51.o(.text)
    SWI1_IRQHandler                          0x0001b119   Thumb Code     0  arm_startup_nrf51.o(.text)
    SWI3_IRQHandler                          0x0001b119   Thumb Code     0  arm_startup_nrf51.o(.text)
    SWI4_IRQHandler                          0x0001b119   Thumb Code     0  arm_startup_nrf51.o(.text)
    SWI5_IRQHandler                          0x0001b119   Thumb Code     0  arm_startup_nrf51.o(.text)
    TEMP_IRQHandler                          0x0001b119   Thumb Code     0  arm_startup_nrf51.o(.text)
    TIMER0_IRQHandler                        0x0001b119   Thumb Code     0  arm_startup_nrf51.o(.text)
    TIMER1_IRQHandler                        0x0001b119   Thumb Code     0  arm_startup_nrf51.o(.text)
    TIMER2_IRQHandler                        0x0001b119   Thumb Code     0  arm_startup_nrf51.o(.text)
    WDT_IRQHandler                           0x0001b119   Thumb Code     0  arm_startup_nrf51.o(.text)
    __aeabi_uidiv                            0x0001b12d   Thumb Code     0  uidiv.o(.text)
    __aeabi_uidivmod                         0x0001b12d   Thumb Code    44  uidiv.o(.text)
    __aeabi_memcpy                           0x0001b159   Thumb Code    36  memcpya.o(.text)
    __aeabi_memcpy4                          0x0001b159   Thumb Code     0  memcpya.o(.text)
    __aeabi_memcpy8                          0x0001b159   Thumb Code     0  memcpya.o(.text)
    __aeabi_memset                           0x0001b17d   Thumb Code    14  memseta.o(.text)
    __aeabi_memset4                          0x0001b17d   Thumb Code     0  memseta.o(.text)
    __aeabi_memset8                          0x0001b17d   Thumb Code     0  memseta.o(.text)
    __aeabi_memclr                           0x0001b18b   Thumb Code     4  memseta.o(.text)
    __aeabi_memclr4                          0x0001b18b   Thumb Code     0  memseta.o(.text)
    __aeabi_memclr8                          0x0001b18b   Thumb Code     0  memseta.o(.text)
    _memset$wrapper                          0x0001b18f   Thumb Code    18  memseta.o(.text)
    strlen                                   0x0001b1a1   Thumb Code    14  strlen.o(.text)
    __aeabi_uldivmod                         0x0001b1af   Thumb Code    96  uldiv.o(.text)
    __I$use$fp                               0x0001b20f   Thumb Code     0  iusefp.o(.text)
    __aeabi_dadd                             0x0001b211   Thumb Code   328  dadd.o(.text)
    __aeabi_dsub                             0x0001b359   Thumb Code    12  dadd.o(.text)
    __aeabi_drsub                            0x0001b365   Thumb Code    12  dadd.o(.text)
    __aeabi_dmul                             0x0001b375   Thumb Code   202  dmul.o(.text)
    __aeabi_ddiv                             0x0001b445   Thumb Code   234  ddiv.o(.text)
    __aeabi_d2ulz                            0x0001b535   Thumb Code    54  dfixul.o(.text)
    __aeabi_cdrcmple                         0x0001b575   Thumb Code    38  cdrcmple.o(.text)
    __scatterload                            0x0001b59d   Thumb Code    28  init.o(.text)
    __scatterload_rt2                        0x0001b59d   Thumb Code     0  init.o(.text)
    __aeabi_llsl                             0x0001b5c1   Thumb Code    32  llshl.o(.text)
    _ll_shift_l                              0x0001b5c1   Thumb Code     0  llshl.o(.text)
    __aeabi_llsr                             0x0001b5e1   Thumb Code    34  llushr.o(.text)
    _ll_ushift_r                             0x0001b5e1   Thumb Code     0  llushr.o(.text)
    __aeabi_lasr                             0x0001b603   Thumb Code    38  llsshr.o(.text)
    _ll_sshift_r                             0x0001b603   Thumb Code     0  llsshr.o(.text)
    _double_round                            0x0001b629   Thumb Code    26  depilogue.o(.text)
    _double_epilogue                         0x0001b643   Thumb Code   164  depilogue.o(.text)
    GPIOTE_IRQHandler                        0x0001b6e9   Thumb Code   312  nrf_drv_gpiote.o(i.GPIOTE_IRQHandler)
    RTC1_IRQHandler                          0x0001b881   Thumb Code    28  app_timer.o(i.RTC1_IRQHandler)
    SWI0_IRQHandler                          0x0001b8a1   Thumb Code     8  app_timer.o(i.SWI0_IRQHandler)
    SWI2_IRQHandler                          0x0001b8a9   Thumb Code    28  softdevice_handler.o(i.SWI2_IRQHandler)
    SystemInit                               0x0001b8c9   Thumb Code   130  system_nrf51.o(i.SystemInit)
    UART0_IRQHandler                         0x0001b969   Thumb Code     8  nrf_drv_uart.o(i.UART0_IRQHandler)
    __0printf                                0x0001b971   Thumb Code    24  printfa.o(i.__0printf)
    __1printf                                0x0001b971   Thumb Code     0  printfa.o(i.__0printf)
    __2printf                                0x0001b971   Thumb Code     0  printfa.o(i.__0printf)
    __c89printf                              0x0001b971   Thumb Code     0  printfa.o(i.__0printf)
    printf                                   0x0001b971   Thumb Code     0  printfa.o(i.__0printf)
    __ARM_clz                                0x0001b991   Thumb Code    46  depilogue.o(i.__ARM_clz)
    __ARM_common_switch8                     0x0001b9bf   Thumb Code    26  bsp.o(i.__ARM_common_switch8)
    __scatterload_copy                       0x0001b9d9   Thumb Code    14  handlers.o(i.__scatterload_copy)
    __scatterload_null                       0x0001b9e7   Thumb Code     2  handlers.o(i.__scatterload_null)
    __scatterload_zeroinit                   0x0001b9e9   Thumb Code    14  handlers.o(i.__scatterload_zeroinit)
    adv_data_encode                          0x0001c289   Thumb Code   534  ble_advdata.o(i.adv_data_encode)
    app_button_enable                        0x0001c4f5   Thumb Code    32  app_button.o(i.app_button_enable)
    app_button_init                          0x0001c519   Thumb Code   100  app_button.o(i.app_button_init)
    app_error_fault_handler                  0x0001c58d   Thumb Code    18  app_error_weak.o(i.app_error_fault_handler)
    app_error_handler_bare                   0x0001c5a9   Thumb Code    20  app_error.o(i.app_error_handler_bare)
    app_fifo_get                             0x0001c5c1   Thumb Code    22  app_fifo.o(i.app_fifo_get)
    app_fifo_init                            0x0001c5d7   Thumb Code    36  app_fifo.o(i.app_fifo_init)
    app_fifo_put                             0x0001c5fb   Thumb Code    26  app_fifo.o(i.app_fifo_put)
    app_timer_create                         0x0001c615   Thumb Code    40  app_timer.o(i.app_timer_create)
    app_timer_init                           0x0001c641   Thumb Code   126  app_timer.o(i.app_timer_init)
    app_timer_start                          0x0001c6d1   Thumb Code   114  app_timer.o(i.app_timer_start)
    app_timer_stop                           0x0001c74d   Thumb Code    78  app_timer.o(i.app_timer_stop)
    app_uart_get                             0x0001c7a1   Thumb Code    44  app_uart_fifo.o(i.app_uart_get)
    app_uart_init                            0x0001c7d5   Thumb Code   144  app_uart_fifo.o(i.app_uart_init)
    app_uart_put                             0x0001c875   Thumb Code    48  app_uart_fifo.o(i.app_uart_put)
    ble_advdata_set                          0x0001c8ad   Thumb Code   104  ble_advdata.o(i.ble_advdata_set)
    ble_advertising_init                     0x0001c915   Thumb Code   284  ble_advertising.o(i.ble_advertising_init)
    ble_advertising_on_ble_evt               0x0001ca39   Thumb Code   118  ble_advertising.o(i.ble_advertising_on_ble_evt)
    ble_advertising_restart_without_whitelist 0x0001cac5   Thumb Code    78  ble_advertising.o(i.ble_advertising_restart_without_whitelist)
    ble_advertising_start                    0x0001cb1d   Thumb Code   482  ble_advertising.o(i.ble_advertising_start)
    ble_conn_params_init                     0x0001cd09   Thumb Code    68  ble_conn_params.o(i.ble_conn_params_init)
    ble_conn_params_on_ble_evt               0x0001cd5d   Thumb Code   132  ble_conn_params.o(i.ble_conn_params_on_ble_evt)
    ble_nus_init                             0x0001ce75   Thumb Code    98  ble_nus.o(i.ble_nus_init)
    ble_nus_on_ble_evt                       0x0001cedd   Thumb Code    88  ble_nus.o(i.ble_nus_on_ble_evt)
    ble_nus_string_send                      0x0001cf35   Thumb Code    78  ble_nus.o(i.ble_nus_string_send)
    bsp_btn_ble_init                         0x0001cff9   Thumb Code    80  bsp_btn_ble.o(i.bsp_btn_ble_init)
    bsp_btn_ble_on_ble_evt                   0x0001d04d   Thumb Code   114  bsp_btn_ble.o(i.bsp_btn_ble_on_ble_evt)
    bsp_btn_ble_sleep_mode_prepare           0x0001d0c5   Thumb Code    20  bsp_btn_ble.o(i.bsp_btn_ble_sleep_mode_prepare)
    bsp_button_is_pressed                    0x0001d179   Thumb Code    34  bsp.o(i.bsp_button_is_pressed)
    bsp_event_handler                        0x0001d1a5   Thumb Code    50  main.o(i.bsp_event_handler)
    bsp_event_to_button_action_assign        0x0001d1dd   Thumb Code    66  bsp.o(i.bsp_event_to_button_action_assign)
    bsp_indication_set                       0x0001d225   Thumb Code    22  bsp.o(i.bsp_indication_set)
    bsp_init                                 0x0001d241   Thumb Code   134  bsp.o(i.bsp_init)
    bsp_wakeup_buttons_set                   0x0001d4d9   Thumb Code    50  bsp.o(i.bsp_wakeup_buttons_set)
    button_chk_handler                       0x0001d515   Thumb Code    44  main.o(i.button_chk_handler)
    fputc                                    0x0001d82f   Thumb Code    14  retarget.o(i.fputc)
    fs_queued_op_count_get                   0x0001d83d   Thumb Code    18  fstorage.o(i.fs_queued_op_count_get)
    in_pin_handler                           0x0001d8a5   Thumb Code     8  main.o(i.in_pin_handler)
    intern_softdevice_events_execute         0x0001d8b1   Thumb Code   116  softdevice_handler.o(i.intern_softdevice_events_execute)
    main                                     0x0001db89   Thumb Code   452  main.o(i.main)
    nrf_drv_common_irq_enable                0x0001dead   Thumb Code    78  nrf_drv_common.o(i.nrf_drv_common_irq_enable)
    nrf_drv_gpiote_in_event_enable           0x0001df0d   Thumb Code   138  nrf_drv_gpiote.o(i.nrf_drv_gpiote_in_event_enable)
    nrf_drv_gpiote_in_init                   0x0001dfad   Thumb Code   146  nrf_drv_gpiote.o(i.nrf_drv_gpiote_in_init)
    nrf_drv_gpiote_in_is_set                 0x0001e051   Thumb Code    16  nrf_drv_gpiote.o(i.nrf_drv_gpiote_in_is_set)
    nrf_drv_gpiote_init                      0x0001e065   Thumb Code    76  nrf_drv_gpiote.o(i.nrf_drv_gpiote_init)
    nrf_drv_gpiote_is_init                   0x0001e0b9   Thumb Code    12  nrf_drv_gpiote.o(i.nrf_drv_gpiote_is_init)
    nrf_drv_uart_init                        0x0001e0c9   Thumb Code   170  nrf_drv_uart.o(i.nrf_drv_uart_init)
    nrf_drv_uart_rx                          0x0001e191   Thumb Code    66  nrf_drv_uart.o(i.nrf_drv_uart_rx)
    nrf_drv_uart_rx_enable                   0x0001e1dd   Thumb Code    20  nrf_drv_uart.o(i.nrf_drv_uart_rx_enable)
    nrf_drv_uart_tx                          0x0001e291   Thumb Code    32  nrf_drv_uart.o(i.nrf_drv_uart_tx)
    nrf_drv_uart_tx_in_progress              0x0001e329   Thumb Code    12  nrf_drv_uart.o(i.nrf_drv_uart_tx_in_progress)
    pstorage_access_status_get               0x0001e509   Thumb Code    30  pstorage.o(i.pstorage_access_status_get)
    sd_check_ram_start                       0x0001e685   Thumb Code    10  softdevice_handler.o(i.sd_check_ram_start)
    softdevice_ble_evt_handler_set           0x0001e7d9   Thumb Code    16  softdevice_handler.o(i.softdevice_ble_evt_handler_set)
    softdevice_enable                        0x0001e7ed   Thumb Code    14  softdevice_handler.o(i.softdevice_enable)
    softdevice_enable_get_default_config     0x0001e801   Thumb Code    40  softdevice_handler.o(i.softdevice_enable_get_default_config)
    softdevice_fault_handler                 0x0001e829   Thumb Code     8  softdevice_handler.o(i.softdevice_fault_handler)
    softdevice_handler_init                  0x0001e831   Thumb Code    42  softdevice_handler.o(i.softdevice_handler_init)
    uart_event_handle                        0x0001ea85   Thumb Code    84  main.o(i.uart_event_handle)
    Region$$Table$$Base                      0x0001ef58   Number         0  anon$$obj.o(Region$$Table)
    Region$$Table$$Limit                     0x0001ef78   Number         0  anon$$obj.o(Region$$Table)
    Image$$RW_IRAM1$$Base                    0x20002080   Number         0  anon$$obj.o ABSOLUTE
    button_str                               0x20002088   Data           4  main.o(.data)
    __stdout                                 0x20002140   Data           4  retarget.o(.data)
    nrf_nvic_state                           0x20002158   Data           8  softdevice_handler.o(.data)
    SystemCoreClock                          0x20002160   Data           4  system_nrf51.o(.data)
    __initial_sp                             0x200031d8   Data           0  arm_startup_nrf51.o(STACK)



==============================================================================

Memory Map of the image

  Image Entry point : 0x0001b0c1

  Load Region LR_IROM1 (Base: 0x0001b000, Size: 0x0000405c, Max: 0x00025000, ABSOLUTE)

    Execution Region ER_IROM1 (Base: 0x0001b000, Size: 0x00003f78, Max: 0x00025000, ABSOLUTE)

    Base Addr    Size         Type   Attr      Idx    E Section Name        Object

    0x0001b000   0x000000c0   Data   RO         2354    RESET               arm_startup_nrf51.o
    0x0001b0c0   0x00000000   Code   RO         2396  * .ARM.Collect$$$$00000000  mc_p.l(entry.o)
    0x0001b0c0   0x00000004   Code   RO         2673    .ARM.Collect$$$$00000001  mc_p.l(entry2.o)
    0x0001b0c4   0x00000004   Code   RO         2676    .ARM.Collect$$$$00000004  mc_p.l(entry5.o)
    0x0001b0c8   0x00000000   Code   RO         2678    .ARM.Collect$$$$00000008  mc_p.l(entry7b.o)
    0x0001b0c8   0x00000000   Code   RO         2680    .ARM.Collect$$$$0000000A  mc_p.l(entry8b.o)
    0x0001b0c8   0x00000008   Code   RO         2681    .ARM.Collect$$$$0000000B  mc_p.l(entry9a.o)
    0x0001b0d0   0x00000000   Code   RO         2683    .ARM.Collect$$$$0000000D  mc_p.l(entry10a.o)
    0x0001b0d0   0x00000000   Code   RO         2685    .ARM.Collect$$$$0000000F  mc_p.l(entry11a.o)
    0x0001b0d0   0x00000004   Code   RO         2674    .ARM.Collect$$$$00002712  mc_p.l(entry2.o)
    0x0001b0d4   0x0000001e   Code   RO         1689    .emb_text           app_timer.o
    0x0001b0f2   0x00000002   PAD
    0x0001b0f4   0x00000038   Code   RO         2355    .text               arm_startup_nrf51.o
    0x0001b12c   0x0000002c   Code   RO         2399    .text               mc_p.l(uidiv.o)
    0x0001b158   0x00000024   Code   RO         2403    .text               mc_p.l(memcpya.o)
    0x0001b17c   0x00000024   Code   RO         2405    .text               mc_p.l(memseta.o)
    0x0001b1a0   0x0000000e   Code   RO         2407    .text               mc_p.l(strlen.o)
    0x0001b1ae   0x00000060   Code   RO         2687    .text               mc_p.l(uldiv.o)
    0x0001b20e   0x00000000   Code   RO         2689    .text               mc_p.l(iusefp.o)
    0x0001b20e   0x00000002   PAD
    0x0001b210   0x00000164   Code   RO         2690    .text               mf_p.l(dadd.o)
    0x0001b374   0x000000d0   Code   RO         2692    .text               mf_p.l(dmul.o)
    0x0001b444   0x000000f0   Code   RO         2694    .text               mf_p.l(ddiv.o)
    0x0001b534   0x00000040   Code   RO         2696    .text               mf_p.l(dfixul.o)
    0x0001b574   0x00000028   Code   RO         2698    .text               mf_p.l(cdrcmple.o)
    0x0001b59c   0x00000024   Code   RO         2700    .text               mc_p.l(init.o)
    0x0001b5c0   0x00000020   Code   RO         2702    .text               mc_p.l(llshl.o)
    0x0001b5e0   0x00000022   Code   RO         2704    .text               mc_p.l(llushr.o)
    0x0001b602   0x00000026   Code   RO         2706    .text               mc_p.l(llsshr.o)
    0x0001b628   0x000000be   Code   RO         2708    .text               mf_p.l(depilogue.o)
    0x0001b6e6   0x00000002   PAD
    0x0001b6e8   0x00000154   Code   RO          909    i.GPIOTE_IRQHandler  nrf_drv_gpiote.o
    0x0001b83c   0x00000044   Code   RO         1690    i.NVIC_SetPriority  app_timer.o
    0x0001b880   0x00000020   Code   RO         1691    i.RTC1_IRQHandler   app_timer.o
    0x0001b8a0   0x00000008   Code   RO         1692    i.SWI0_IRQHandler   app_timer.o
    0x0001b8a8   0x00000020   Code   RO         2259    i.SWI2_IRQHandler   softdevice_handler.o
    0x0001b8c8   0x000000a0   Code   RO         2362    i.SystemInit        system_nrf51.o
    0x0001b968   0x00000008   Code   RO         1099    i.UART0_IRQHandler  nrf_drv_uart.o
    0x0001b970   0x00000020   Code   RO         2646    i.__0printf         mc_p.l(printfa.o)
    0x0001b990   0x0000002e   Code   RO         2710    i.__ARM_clz         mf_p.l(depilogue.o)
    0x0001b9be   0x0000001a   Code   RO          390    i.__ARM_common_switch8  bsp.o
    0x0001b9d8   0x0000000e   Code   RO         2714    i.__scatterload_copy  mc_p.l(handlers.o)
    0x0001b9e6   0x00000002   Code   RO         2715    i.__scatterload_null  mc_p.l(handlers.o)
    0x0001b9e8   0x0000000e   Code   RO         2716    i.__scatterload_zeroinit  mc_p.l(handlers.o)
    0x0001b9f6   0x00000002   PAD
    0x0001b9f8   0x00000158   Code   RO         2653    i._fp_digits        mc_p.l(printfa.o)
    0x0001bb50   0x000006ec   Code   RO         2654    i._printf_core      mc_p.l(printfa.o)
    0x0001c23c   0x00000020   Code   RO         2655    i._printf_post_padding  mc_p.l(printfa.o)
    0x0001c25c   0x0000002c   Code   RO         2656    i._printf_pre_padding  mc_p.l(printfa.o)
    0x0001c288   0x00000216   Code   RO          444    i.adv_data_encode   ble_advdata.o
    0x0001c49e   0x0000003c   Code   RO          405    i.advertising_buttons_configure  bsp_btn_ble.o
    0x0001c4da   0x00000002   PAD
    0x0001c4dc   0x00000018   Code   RO          296    i.alert_timer_handler  bsp.o
    0x0001c4f4   0x00000024   Code   RO         1513    i.app_button_enable  app_button.o
    0x0001c518   0x00000074   Code   RO         1514    i.app_button_init   app_button.o
    0x0001c58c   0x0000001c   Code   RO         1600    i.app_error_fault_handler  app_error_weak.o
    0x0001c5a8   0x00000018   Code   RO         1565    i.app_error_handler_bare  app_error.o
    0x0001c5c0   0x00000016   Code   RO         1624    i.app_fifo_get      app_fifo.o
    0x0001c5d6   0x00000024   Code   RO         1625    i.app_fifo_init     app_fifo.o
    0x0001c5fa   0x0000001a   Code   RO         1627    i.app_fifo_put      app_fifo.o
    0x0001c614   0x0000002c   Code   RO         1695    i.app_timer_create  app_timer.o
    0x0001c640   0x00000090   Code   RO         1696    i.app_timer_init    app_timer.o
    0x0001c6d0   0x0000007c   Code   RO         1697    i.app_timer_start   app_timer.o
    0x0001c74c   0x00000054   Code   RO         1698    i.app_timer_stop    app_timer.o
    0x0001c7a0   0x00000034   Code   RO          776    i.app_uart_get      app_uart_fifo.o
    0x0001c7d4   0x000000a0   Code   RO          777    i.app_uart_init     app_uart_fifo.o
    0x0001c874   0x00000038   Code   RO          778    i.app_uart_put      app_uart_fifo.o
    0x0001c8ac   0x00000068   Code   RO          445    i.ble_advdata_set   ble_advdata.o
    0x0001c914   0x00000124   Code   RO          531    i.ble_advertising_init  ble_advertising.o
    0x0001ca38   0x0000007c   Code   RO          532    i.ble_advertising_on_ble_evt  ble_advertising.o
    0x0001cab4   0x00000010   Code   RO          535    i.ble_advertising_peer_address_clear  ble_advertising.o
    0x0001cac4   0x00000058   Code   RO          536    i.ble_advertising_restart_without_whitelist  ble_advertising.o
    0x0001cb1c   0x000001ec   Code   RO          537    i.ble_advertising_start  ble_advertising.o
    0x0001cd08   0x00000054   Code   RO          618    i.ble_conn_params_init  ble_conn_params.o
    0x0001cd5c   0x00000090   Code   RO          619    i.ble_conn_params_on_ble_evt  ble_conn_params.o
    0x0001cdec   0x0000005e   Code   RO          446    i.ble_device_addr_encode  ble_advdata.o
    0x0001ce4a   0x00000002   PAD
    0x0001ce4c   0x00000028   Code   RO            4    i.ble_evt_dispatch  main.o
    0x0001ce74   0x00000068   Code   RO          688    i.ble_nus_init      ble_nus.o
    0x0001cedc   0x00000058   Code   RO          689    i.ble_nus_on_ble_evt  ble_nus.o
    0x0001cf34   0x00000054   Code   RO          690    i.ble_nus_string_send  ble_nus.o
    0x0001cf88   0x00000070   Code   RO            5    i.ble_stack_init    main.o
    0x0001cff8   0x00000054   Code   RO          406    i.bsp_btn_ble_init  bsp_btn_ble.o
    0x0001d04c   0x00000078   Code   RO          407    i.bsp_btn_ble_on_ble_evt  bsp_btn_ble.o
    0x0001d0c4   0x00000014   Code   RO          408    i.bsp_btn_ble_sleep_mode_prepare  bsp_btn_ble.o
    0x0001d0d8   0x000000a0   Code   RO          297    i.bsp_button_event_handler  bsp.o
    0x0001d178   0x0000002c   Code   RO          298    i.bsp_button_is_pressed  bsp.o
    0x0001d1a4   0x00000038   Code   RO            6    i.bsp_event_handler  main.o
    0x0001d1dc   0x00000048   Code   RO          302    i.bsp_event_to_button_action_assign  bsp.o
    0x0001d224   0x0000001c   Code   RO          303    i.bsp_indication_set  bsp.o
    0x0001d240   0x000000a0   Code   RO          305    i.bsp_init          bsp.o
    0x0001d2e0   0x000001f8   Code   RO          306    i.bsp_led_indication  bsp.o
    0x0001d4d8   0x0000003c   Code   RO          307    i.bsp_wakeup_buttons_set  bsp.o
    0x0001d514   0x00000034   Code   RO            7    i.button_chk_handler  main.o
    0x0001d548   0x0000000c   Code   RO          308    i.button_timer_handler  bsp.o
    0x0001d554   0x0000001c   Code   RO          910    i.channel_free      nrf_drv_gpiote.o
    0x0001d570   0x00000048   Code   RO          911    i.channel_port_alloc  nrf_drv_gpiote.o
    0x0001d5b8   0x00000010   Code   RO          912    i.channel_port_get  nrf_drv_gpiote.o
    0x0001d5c8   0x000000a8   Code   RO         1700    i.compare_reg_update  app_timer.o
    0x0001d670   0x00000088   Code   RO          447    i.conn_int_encode   ble_advdata.o
    0x0001d6f8   0x00000008   Code   RO            8    i.conn_params_error_handler  main.o
    0x0001d700   0x00000068   Code   RO          621    i.conn_params_negotiation  ble_conn_params.o
    0x0001d768   0x00000060   Code   RO         1516    i.detection_delay_timeout_handler  app_button.o
    0x0001d7c8   0x00000040   Code   RO         1701    i.elapsed_ticks_acquire  app_timer.o
    0x0001d808   0x00000014   Code   RO         1630    i.fifo_get          app_fifo.o
    0x0001d81c   0x00000012   Code   RO         1631    i.fifo_put          app_fifo.o
    0x0001d82e   0x0000000e   Code   RO         2079    i.fputc             retarget.o
    0x0001d83c   0x00000018   Code   RO         1885    i.fs_queued_op_count_get  fstorage.o
    0x0001d854   0x00000050   Code   RO         1517    i.gpiote_event_handler  app_button.o
    0x0001d8a4   0x0000000c   Code   RO            9    i.in_pin_handler    main.o
    0x0001d8b0   0x00000078   Code   RO         2260    i.intern_softdevice_events_execute  softdevice_handler.o
    0x0001d928   0x0000001c   Code   RO          622    i.is_conn_params_ok  ble_conn_params.o
    0x0001d944   0x00000048   Code   RO         2363    i.is_manual_peripheral_setup_needed  system_nrf51.o
    0x0001d98c   0x00000054   Code   RO          448    i.le_role_encode    ble_advdata.o
    0x0001d9e0   0x00000018   Code   RO          309    i.leds_timer_handler  bsp.o
    0x0001d9f8   0x000000bc   Code   RO         1702    i.list_deletions_handler  app_timer.o
    0x0001dab4   0x000000d4   Code   RO         1703    i.list_insertions_handler  app_timer.o
    0x0001db88   0x0000021c   Code   RO           10    i.main              main.o
    0x0001dda4   0x00000068   Code   RO          449    i.manuf_specific_data_encode  ble_advdata.o
    0x0001de0c   0x0000009e   Code   RO          450    i.name_encode       ble_advdata.o
    0x0001deaa   0x00000002   PAD
    0x0001deac   0x00000060   Code   RO          876    i.nrf_drv_common_irq_enable  nrf_drv_common.o
    0x0001df0c   0x000000a0   Code   RO          915    i.nrf_drv_gpiote_in_event_enable  nrf_drv_gpiote.o
    0x0001dfac   0x000000a4   Code   RO          916    i.nrf_drv_gpiote_in_init  nrf_drv_gpiote.o
    0x0001e050   0x00000014   Code   RO          917    i.nrf_drv_gpiote_in_is_set  nrf_drv_gpiote.o
    0x0001e064   0x00000054   Code   RO          919    i.nrf_drv_gpiote_init  nrf_drv_gpiote.o
    0x0001e0b8   0x00000010   Code   RO          920    i.nrf_drv_gpiote_is_init  nrf_drv_gpiote.o
    0x0001e0c8   0x000000c8   Code   RO         1101    i.nrf_drv_uart_init  nrf_drv_uart.o
    0x0001e190   0x0000004c   Code   RO         1102    i.nrf_drv_uart_rx   nrf_drv_uart.o
    0x0001e1dc   0x00000018   Code   RO         1105    i.nrf_drv_uart_rx_enable  nrf_drv_uart.o
    0x0001e1f4   0x0000009c   Code   RO         1106    i.nrf_drv_uart_rx_for_uart  nrf_drv_uart.o
    0x0001e290   0x00000024   Code   RO         1107    i.nrf_drv_uart_tx   nrf_drv_uart.o
    0x0001e2b4   0x00000074   Code   RO         1109    i.nrf_drv_uart_tx_for_uart  nrf_drv_uart.o
    0x0001e328   0x00000010   Code   RO         1110    i.nrf_drv_uart_tx_in_progress  nrf_drv_uart.o
    0x0001e338   0x00000024   Code   RO          932    i.nrf_gpio_cfg      nrf_drv_gpiote.o
    0x0001e35c   0x00000024   Code   RO         1112    i.nrf_gpio_cfg      nrf_drv_uart.o
    0x0001e380   0x00000012   Code   RO         1114    i.nrf_gpio_cfg_input  nrf_drv_uart.o
    0x0001e392   0x00000014   Code   RO         1115    i.nrf_gpio_cfg_output  nrf_drv_uart.o
    0x0001e3a6   0x00000002   PAD
    0x0001e3a8   0x00000020   Code   RO          934    i.nrf_gpio_cfg_sense_set  nrf_drv_gpiote.o
    0x0001e3c8   0x00000014   Code   RO          935    i.nrf_gpiote_event_is_set  nrf_drv_gpiote.o
    0x0001e3dc   0x0000000a   Code   RO         1116    i.nrf_uart_event_check  nrf_drv_uart.o
    0x0001e3e6   0x00000010   Code   RO         1117    i.nrf_uart_int_enable_check  nrf_drv_uart.o
    0x0001e3f6   0x00000026   Code   RO           11    i.nus_data_handler  main.o
    0x0001e41c   0x00000020   Code   RO           12    i.on_adv_evt        main.o
    0x0001e43c   0x00000064   Code   RO           13    i.on_ble_evt        main.o
    0x0001e4a0   0x00000020   Code   RO           14    i.on_conn_params_evt  main.o
    0x0001e4c0   0x00000016   Code   RO          539    i.peer_address_exists  ble_advertising.o
    0x0001e4d6   0x00000002   PAD
    0x0001e4d8   0x00000018   Code   RO          936    i.pin_in_use_by_port  nrf_drv_gpiote.o
    0x0001e4f0   0x00000018   Code   RO          937    i.pin_in_use_by_te  nrf_drv_gpiote.o
    0x0001e508   0x00000028   Code   RO         1285    i.pstorage_access_status_get  pstorage.o
    0x0001e530   0x00000044   Code   RO         1704    i.rtc1_stop         app_timer.o
    0x0001e574   0x00000038   Code   RO         1118    i.rx_byte           nrf_drv_uart.o
    0x0001e5ac   0x0000009e   Code   RO          691    i.rx_char_add       ble_nus.o
    0x0001e64a   0x00000002   PAD
    0x0001e64c   0x0000001c   Code   RO         1119    i.rx_done_event     nrf_drv_uart.o
    0x0001e668   0x0000001c   Code   RO         1120    i.rx_enable         nrf_drv_uart.o
    0x0001e684   0x00000010   Code   RO         2261    i.sd_check_ram_start  softdevice_handler.o
    0x0001e694   0x0000008c   Code   RO         2262    i.sd_nvic_EnableIRQ  softdevice_handler.o
    0x0001e720   0x0000008e   Code   RO          451    i.service_data_encode  ble_advdata.o
    0x0001e7ae   0x00000028   Code   RO           15    i.sleep_mode_enter  main.o
    0x0001e7d6   0x00000002   PAD
    0x0001e7d8   0x00000014   Code   RO         2263    i.softdevice_ble_evt_handler_set  softdevice_handler.o
    0x0001e7ec   0x00000014   Code   RO         2264    i.softdevice_enable  softdevice_handler.o
    0x0001e800   0x00000028   Code   RO         2265    i.softdevice_enable_get_default_config  softdevice_handler.o
    0x0001e828   0x00000008   Code   RO         2266    i.softdevice_fault_handler  softdevice_handler.o
    0x0001e830   0x00000034   Code   RO         2267    i.softdevice_handler_init  softdevice_handler.o
    0x0001e864   0x00000084   Code   RO         1705    i.timer_list_handler  app_timer.o
    0x0001e8e8   0x00000010   Code   RO         1706    i.timer_list_handler_sched  app_timer.o
    0x0001e8f8   0x00000040   Code   RO         1707    i.timer_list_insert  app_timer.o
    0x0001e938   0x00000080   Code   RO         1708    i.timer_timeouts_check  app_timer.o
    0x0001e9b8   0x0000002c   Code   RO         1121    i.tx_byte           nrf_drv_uart.o
    0x0001e9e4   0x00000080   Code   RO          692    i.tx_char_add       ble_nus.o
    0x0001ea64   0x00000020   Code   RO         1122    i.tx_done_event     nrf_drv_uart.o
    0x0001ea84   0x00000060   Code   RO           16    i.uart_event_handle  main.o
    0x0001eae4   0x000000b0   Code   RO          779    i.uart_event_handler  app_uart_fifo.o
    0x0001eb94   0x00000128   Code   RO         1123    i.uart_irq_handler  nrf_drv_uart.o
    0x0001ecbc   0x0000000a   Code   RO          452    i.uint16_encode     ble_advdata.o
    0x0001ecc6   0x00000002   PAD
    0x0001ecc8   0x00000064   Code   RO          623    i.update_timeout_handler  ble_conn_params.o
    0x0001ed2c   0x00000054   Code   RO         1709    i.user_id_get       app_timer.o
    0x0001ed80   0x00000026   Code   RO         1710    i.user_op_alloc     app_timer.o
    0x0001eda6   0x00000030   Code   RO          453    i.uuid_list_encode  ble_advdata.o
    0x0001edd6   0x000000ae   Code   RO          454    i.uuid_list_sized_encode  ble_advdata.o
    0x0001ee84   0x00000010   Code   RO          540    i.whitelist_has_entries  ble_advertising.o
    0x0001ee94   0x00000018   Data   RO           19    .constdata          main.o
    0x0001eeac   0x0000003c   Data   RO          314    .constdata          bsp.o
    0x0001eee8   0x00000004   Data   RO          626    .constdata          ble_conn_params.o
    0x0001eeec   0x00000010   Data   RO          693    .constdata          ble_nus.o
    0x0001eefc   0x00000020   Data   RO          781    .constdata          app_uart_fifo.o
    0x0001ef1c   0x00000020   Data   RO         1125    .constdata          nrf_drv_uart.o
    0x0001ef3c   0x00000008   Data   RO         1519    .constdata          app_button.o
    0x0001ef44   0x00000011   Data   RO           20    .conststring        main.o
    0x0001ef55   0x00000003   PAD
    0x0001ef58   0x00000020   Data   RO         2712    Region$$Table       anon$$obj.o


    Execution Region RW_IRAM1 (Base: 0x20002080, Size: 0x00001158, Max: 0x00005f80, ABSOLUTE)

    Base Addr    Size         Type   Attr      Idx    E Section Name        Object

    0x20002080   0x0000000c   Data   RW           21    .data               main.o
    0x2000208c   0x00000018   Data   RW          315    .data               bsp.o
    0x200020a4   0x00000008   Data   RW          409    .data               bsp_btn_ble.o
    0x200020ac   0x0000001f   Data   RW          542    .data               ble_advertising.o
    0x200020cb   0x00000001   PAD
    0x200020cc   0x00000014   Data   RW          627    .data               ble_conn_params.o
    0x200020e0   0x00000008   Data   RW          782    .data               app_uart_fifo.o
    0x200020e8   0x00000024   Data   RW         1310    .data               pstorage.o
    0x2000210c   0x00000014   Data   RW         1520    .data               app_button.o
    0x20002120   0x00000020   Data   RW         1711    .data               app_timer.o
    0x20002140   0x00000004   Data   RW         2080    .data               retarget.o
    0x20002144   0x0000001c   Data   RW         2271    .data               softdevice_handler.o
    0x20002160   0x00000004   Data   RW         2364    .data               system_nrf51.o
    0x20002164   0x00000020   Zero   RW           17    .bss                main.o
    0x20002184   0x000004d0   Zero   RW           18    .bss                main.o
    0x20002654   0x00000020   Zero   RW          310    .bss                bsp.o
    0x20002674   0x00000020   Zero   RW          311    .bss                bsp.o
    0x20002694   0x0000000c   Zero   RW          312    .bss                bsp.o
    0x200026a0   0x00000020   Zero   RW          313    .bss                bsp.o
    0x200026c0   0x00000103   Zero   RW          541    .bss                ble_advertising.o
    0x200027c3   0x00000001   PAD
    0x200027c4   0x00000020   Zero   RW          624    .bss                ble_conn_params.o
    0x200027e4   0x0000001c   Zero   RW          625    .bss                ble_conn_params.o
    0x20002800   0x00000020   Zero   RW          780    .bss                app_uart_fifo.o
    0x20002820   0x00000048   Zero   RW          938    .bss                nrf_drv_gpiote.o
    0x20002868   0x0000001c   Zero   RW         1124    .bss                nrf_drv_uart.o
    0x20002884   0x000000d8   Zero   RW         1308    .bss                pstorage.o
    0x2000295c   0x00000020   Zero   RW         1518    .bss                app_button.o
    0x2000297c   0x00000058   Zero   RW         1894    .bss                fstorage.o
    0x200029d4   0x00000004   PAD
    0x200029d8   0x00000800   Zero   RW         2352    STACK               arm_startup_nrf51.o


==============================================================================

Image component sizes


      Code (inc. data)   RO Data    RW Data    ZI Data      Debug   Object Name

       328         34          8         20         32       4722   app_button.o
        24          4          0          0          0       2305   app_error.o
        28         10          0          0          0       7134   app_error_weak.o
       122          0          0          0          0       4502   app_fifo.o
      1696        150          0         32          0      31479   app_timer.o
       444         42         32          8         32      10658   app_uart_fifo.o
        56         18        192          0       2048        752   arm_startup_nrf51.o
      1588          6          0          0          0      20788   ble_advdata.o
      1050         38          0         31        259       9764   ble_advertising.o
       460         58          4         20         60      13824   ble_conn_params.o
       562         12         16          0          0       5878   ble_nus.o
      1114        118         60         24        108      10493   bsp.o
       284         10          0          8          0       4901   bsp_btn_ble.o
        24          6          0          0         88       3928   fstorage.o
      1158        150         41         12       1264     109974   main.o
        96         18          0          0          0       8696   nrf_drv_common.o
      1036        126          0          0         72      23324   nrf_drv_gpiote.o
      1216        140         32          0         28      27230   nrf_drv_uart.o
        40         10          0         36        216      11381   pstorage.o
        14          0          0          4          0       2938   retarget.o
       448         58          0         28          0      19028   softdevice_handler.o
       232         36          0          4          0       2511   system_nrf51.o

    ----------------------------------------------------------------------
     12038       1044        420        228       4212     336210   Object Totals
         0          0         32          0          0          0   (incl. Generated)
        18          0          3          1          5          0   (incl. Padding)

    ----------------------------------------------------------------------

      Code (inc. data)   RO Data    RW Data    ZI Data      Debug   Library Member Name

         0          0          0          0          0          0   entry.o
         0          0          0          0          0          0   entry10a.o
         0          0          0          0          0          0   entry11a.o
         8          4          0          0          0          0   entry2.o
         4          0          0          0          0          0   entry5.o
         0          0          0          0          0          0   entry7b.o
         0          0          0          0          0          0   entry8b.o
         8          4          0          0          0          0   entry9a.o
        30          0          0          0          0          0   handlers.o
        36          8          0          0          0         68   init.o
         0          0          0          0          0          0   iusefp.o
        32          0          0          0          0         68   llshl.o
        38          0          0          0          0         68   llsshr.o
        34          0          0          0          0         68   llushr.o
        36          0          0          0          0         60   memcpya.o
        36          0          0          0          0        100   memseta.o
      2224         98          0          0          0        412   printfa.o
        14          0          0          0          0         60   strlen.o
        44          0          0          0          0         72   uidiv.o
        96          0          0          0          0         84   uldiv.o
        40          2          0          0          0         68   cdrcmple.o
       356          4          0          0          0        140   dadd.o
       240          6          0          0          0         84   ddiv.o
       236          0          0          0          0        216   depilogue.o
        64         10          0          0          0         68   dfixul.o
       208          6          0          0          0         88   dmul.o

    ----------------------------------------------------------------------
      3790        142          0          0          0       1724   Library Totals
         6          0          0          0          0          0   (incl. Padding)

    ----------------------------------------------------------------------

      Code (inc. data)   RO Data    RW Data    ZI Data      Debug   Library Name

      2640        114          0          0          0       1060   mc_p.l
      1144         28          0          0          0        664   mf_p.l

    ----------------------------------------------------------------------
      3790        142          0          0          0       1724   Library Totals

    ----------------------------------------------------------------------

==============================================================================


      Code (inc. data)   RO Data    RW Data    ZI Data      Debug   

     15828       1186        420        228       4212     331338   Grand Totals
     15828       1186        420        228       4212     331338   ELF Image Totals
     15828       1186        420        228          0          0   ROM Totals

==============================================================================

    Total RO  Size (Code + RO Data)                16248 (  15.87kB)
    Total RW  Size (RW Data + ZI Data)              4440 (   4.34kB)
    Total ROM Size (Code + RO Data + RW Data)      16476 (  16.09kB)

==============================================================================

