<!doctype html public "-//w3c//dtd html 4.0 transitional//en">
<html><head>
<title>Static Call Graph - [.\_build\nrf51422_xxac_s130.axf]</title></head>
<body><HR>
<H1>Static Call Graph for image .\_build\nrf51422_xxac_s130.axf</H1><HR>
<BR><P>#&#060CALLGRAPH&#062# ARM Linker, 5060061: Last Updated: Tue Oct 11 08:55:07 2016
<BR><P>
<H3>Maximum Stack Usage =        440 bytes + Unknown(Cycles, Untraceable Function Pointers)</H3><H3>
Call chain for Maximum Stack Depth:</H3>
main &rArr; ble_advertising_start &rArr; ble_advdata_set &rArr; adv_data_encode &rArr; uuid_list_encode &rArr; uuid_list_sized_encode
<P>
<H3>
Mutually Recursive functions
</H3> <LI><a href="#[1]">NMI_Handler</a>&nbsp;&nbsp;&nbsp;&rArr;&nbsp;&nbsp;&nbsp;<a href="#[1]">NMI_Handler</a><BR>
 <LI><a href="#[2]">HardFault_Handler</a>&nbsp;&nbsp;&nbsp;&rArr;&nbsp;&nbsp;&nbsp;<a href="#[2]">HardFault_Handler</a><BR>
 <LI><a href="#[3]">SVC_Handler</a>&nbsp;&nbsp;&nbsp;&rArr;&nbsp;&nbsp;&nbsp;<a href="#[3]">SVC_Handler</a><BR>
 <LI><a href="#[4]">PendSV_Handler</a>&nbsp;&nbsp;&nbsp;&rArr;&nbsp;&nbsp;&nbsp;<a href="#[4]">PendSV_Handler</a><BR>
 <LI><a href="#[5]">SysTick_Handler</a>&nbsp;&nbsp;&nbsp;&rArr;&nbsp;&nbsp;&nbsp;<a href="#[5]">SysTick_Handler</a><BR>
 <LI><a href="#[c]">ADC_IRQHandler</a>&nbsp;&nbsp;&nbsp;&rArr;&nbsp;&nbsp;&nbsp;<a href="#[c]">ADC_IRQHandler</a><BR>
 <LI><a href="#[37]">__asm___11_app_timer_c_cd27f9c3__nrf_delay_us</a>&nbsp;&nbsp;&nbsp;&rArr;&nbsp;&nbsp;&nbsp;<a href="#[37]">__asm___11_app_timer_c_cd27f9c3__nrf_delay_us</a><BR>
</UL>
<P>
<H3>
Function Pointers
</H3><UL>
 <LI><a href="#[c]">ADC_IRQHandler</a> from arm_startup_nrf51.o(.text) referenced from arm_startup_nrf51.o(RESET)
 <LI><a href="#[14]">CCM_AAR_IRQHandler</a> from arm_startup_nrf51.o(.text) referenced from arm_startup_nrf51.o(RESET)
 <LI><a href="#[13]">ECB_IRQHandler</a> from arm_startup_nrf51.o(.text) referenced from arm_startup_nrf51.o(RESET)
 <LI><a href="#[b]">GPIOTE_IRQHandler</a> from nrf_drv_gpiote.o(i.GPIOTE_IRQHandler) referenced from arm_startup_nrf51.o(RESET)
 <LI><a href="#[2]">HardFault_Handler</a> from arm_startup_nrf51.o(.text) referenced from arm_startup_nrf51.o(RESET)
 <LI><a href="#[18]">LPCOMP_IRQHandler</a> from arm_startup_nrf51.o(.text) referenced from arm_startup_nrf51.o(RESET)
 <LI><a href="#[1]">NMI_Handler</a> from arm_startup_nrf51.o(.text) referenced from arm_startup_nrf51.o(RESET)
 <LI><a href="#[6]">POWER_CLOCK_IRQHandler</a> from arm_startup_nrf51.o(.text) referenced from arm_startup_nrf51.o(RESET)
 <LI><a href="#[4]">PendSV_Handler</a> from arm_startup_nrf51.o(.text) referenced from arm_startup_nrf51.o(RESET)
 <LI><a href="#[17]">QDEC_IRQHandler</a> from arm_startup_nrf51.o(.text) referenced from arm_startup_nrf51.o(RESET)
 <LI><a href="#[7]">RADIO_IRQHandler</a> from arm_startup_nrf51.o(.text) referenced from arm_startup_nrf51.o(RESET)
 <LI><a href="#[12]">RNG_IRQHandler</a> from arm_startup_nrf51.o(.text) referenced from arm_startup_nrf51.o(RESET)
 <LI><a href="#[10]">RTC0_IRQHandler</a> from arm_startup_nrf51.o(.text) referenced from arm_startup_nrf51.o(RESET)
 <LI><a href="#[16]">RTC1_IRQHandler</a> from app_timer.o(i.RTC1_IRQHandler) referenced from arm_startup_nrf51.o(RESET)
 <LI><a href="#[0]">Reset_Handler</a> from arm_startup_nrf51.o(.text) referenced from arm_startup_nrf51.o(RESET)
 <LI><a href="#[9]">SPI0_TWI0_IRQHandler</a> from arm_startup_nrf51.o(.text) referenced from arm_startup_nrf51.o(RESET)
 <LI><a href="#[a]">SPI1_TWI1_IRQHandler</a> from arm_startup_nrf51.o(.text) referenced from arm_startup_nrf51.o(RESET)
 <LI><a href="#[3]">SVC_Handler</a> from arm_startup_nrf51.o(.text) referenced from arm_startup_nrf51.o(RESET)
 <LI><a href="#[19]">SWI0_IRQHandler</a> from app_timer.o(i.SWI0_IRQHandler) referenced from arm_startup_nrf51.o(RESET)
 <LI><a href="#[1a]">SWI1_IRQHandler</a> from arm_startup_nrf51.o(.text) referenced from arm_startup_nrf51.o(RESET)
 <LI><a href="#[1b]">SWI2_IRQHandler</a> from softdevice_handler.o(i.SWI2_IRQHandler) referenced from arm_startup_nrf51.o(RESET)
 <LI><a href="#[1c]">SWI3_IRQHandler</a> from arm_startup_nrf51.o(.text) referenced from arm_startup_nrf51.o(RESET)
 <LI><a href="#[1d]">SWI4_IRQHandler</a> from arm_startup_nrf51.o(.text) referenced from arm_startup_nrf51.o(RESET)
 <LI><a href="#[1e]">SWI5_IRQHandler</a> from arm_startup_nrf51.o(.text) referenced from arm_startup_nrf51.o(RESET)
 <LI><a href="#[5]">SysTick_Handler</a> from arm_startup_nrf51.o(.text) referenced from arm_startup_nrf51.o(RESET)
 <LI><a href="#[20]">SystemInit</a> from system_nrf51.o(i.SystemInit) referenced from arm_startup_nrf51.o(.text)
 <LI><a href="#[11]">TEMP_IRQHandler</a> from arm_startup_nrf51.o(.text) referenced from arm_startup_nrf51.o(RESET)
 <LI><a href="#[d]">TIMER0_IRQHandler</a> from arm_startup_nrf51.o(.text) referenced from arm_startup_nrf51.o(RESET)
 <LI><a href="#[e]">TIMER1_IRQHandler</a> from arm_startup_nrf51.o(.text) referenced from arm_startup_nrf51.o(RESET)
 <LI><a href="#[f]">TIMER2_IRQHandler</a> from arm_startup_nrf51.o(.text) referenced from arm_startup_nrf51.o(RESET)
 <LI><a href="#[8]">UART0_IRQHandler</a> from nrf_drv_uart.o(i.UART0_IRQHandler) referenced from arm_startup_nrf51.o(RESET)
 <LI><a href="#[15]">WDT_IRQHandler</a> from arm_startup_nrf51.o(.text) referenced from arm_startup_nrf51.o(RESET)
 <LI><a href="#[21]">__main</a> from entry.o(.ARM.Collect$$$$00000000) referenced from arm_startup_nrf51.o(.text)
 <LI><a href="#[2a]">alert_timer_handler</a> from bsp.o(i.alert_timer_handler) referenced from bsp.o(i.bsp_init)
 <LI><a href="#[27]">ble_evt_dispatch</a> from main.o(i.ble_evt_dispatch) referenced from main.o(i.ble_stack_init)
 <LI><a href="#[34]">bsp_button_event_handler</a> from bsp.o(i.bsp_button_event_handler) referenced 4 times from bsp.o(.constdata)
 <LI><a href="#[2d]">bsp_event_handler</a> from main.o(i.bsp_event_handler) referenced from main.o(i.main)
 <LI><a href="#[32]">button_chk_handler</a> from main.o(i.button_chk_handler) referenced from main.o(i.main)
 <LI><a href="#[28]">button_timer_handler</a> from bsp.o(i.button_timer_handler) referenced from bsp.o(i.bsp_init)
 <LI><a href="#[31]">conn_params_error_handler</a> from main.o(i.conn_params_error_handler) referenced from main.o(i.main)
 <LI><a href="#[24]">detection_delay_timeout_handler</a> from app_button.o(i.detection_delay_timeout_handler) referenced from app_button.o(i.app_button_init)
 <LI><a href="#[22]">fputc</a> from retarget.o(i.fputc) referenced from printfa.o(i.__0printf)
 <LI><a href="#[23]">gpiote_event_handler</a> from app_button.o(i.gpiote_event_handler) referenced from app_button.o(i.app_button_init)
 <LI><a href="#[2c]">in_pin_handler</a> from main.o(i.in_pin_handler) referenced from main.o(i.main)
 <LI><a href="#[29]">leds_timer_handler</a> from bsp.o(i.leds_timer_handler) referenced from bsp.o(i.bsp_init)
 <LI><a href="#[1f]">main</a> from main.o(i.main) referenced from entry9a.o(.ARM.Collect$$$$0000000B)
 <LI><a href="#[2e]">nus_data_handler</a> from main.o(i.nus_data_handler) referenced from main.o(i.main)
 <LI><a href="#[2f]">on_adv_evt</a> from main.o(i.on_adv_evt) referenced from main.o(i.main)
 <LI><a href="#[30]">on_conn_params_evt</a> from main.o(i.on_conn_params_evt) referenced from main.o(i.main)
 <LI><a href="#[33]">softdevice_fault_handler</a> from softdevice_handler.o(i.softdevice_fault_handler) referenced from softdevice_handler.o(i.softdevice_handler_init)
 <LI><a href="#[2b]">uart_event_handle</a> from main.o(i.uart_event_handle) referenced from main.o(i.main)
 <LI><a href="#[25]">uart_event_handler</a> from app_uart_fifo.o(i.uart_event_handler) referenced from app_uart_fifo.o(i.app_uart_init)
 <LI><a href="#[26]">update_timeout_handler</a> from ble_conn_params.o(i.update_timeout_handler) referenced from ble_conn_params.o(i.ble_conn_params_init)
</UL>
<P>
<H3>
Global Symbols
</H3>
<P><STRONG><a name="[21]"></a>__main</STRONG> (Thumb, 0 bytes, Stack size unknown bytes, entry.o(.ARM.Collect$$$$00000000))
<BR>[Address Reference Count : 1]<UL><LI> arm_startup_nrf51.o(.text)
</UL>
<P><STRONG><a name="[c4]"></a>_main_stk</STRONG> (Thumb, 0 bytes, Stack size unknown bytes, entry2.o(.ARM.Collect$$$$00000001))

<P><STRONG><a name="[35]"></a>_main_scatterload</STRONG> (Thumb, 0 bytes, Stack size unknown bytes, entry5.o(.ARM.Collect$$$$00000004))
<BR><BR>[Calls]<UL><LI><a href="#[36]">&gt;&gt;</a>&nbsp;&nbsp;&nbsp;__scatterload
</UL>

<P><STRONG><a name="[47]"></a>__main_after_scatterload</STRONG> (Thumb, 0 bytes, Stack size unknown bytes, entry5.o(.ARM.Collect$$$$00000004))
<BR><BR>[Called By]<UL><LI><a href="#[36]">&gt;&gt;</a>&nbsp;&nbsp;&nbsp;__scatterload
</UL>

<P><STRONG><a name="[c5]"></a>_main_clock</STRONG> (Thumb, 0 bytes, Stack size unknown bytes, entry7b.o(.ARM.Collect$$$$00000008))

<P><STRONG><a name="[c6]"></a>_main_cpp_init</STRONG> (Thumb, 0 bytes, Stack size unknown bytes, entry8b.o(.ARM.Collect$$$$0000000A))

<P><STRONG><a name="[c7]"></a>_main_init</STRONG> (Thumb, 0 bytes, Stack size unknown bytes, entry9a.o(.ARM.Collect$$$$0000000B))

<P><STRONG><a name="[c8]"></a>__rt_final_cpp</STRONG> (Thumb, 0 bytes, Stack size unknown bytes, entry10a.o(.ARM.Collect$$$$0000000D))

<P><STRONG><a name="[c9]"></a>__rt_final_exit</STRONG> (Thumb, 0 bytes, Stack size unknown bytes, entry11a.o(.ARM.Collect$$$$0000000F))

<P><STRONG><a name="[37]"></a>__asm___11_app_timer_c_cd27f9c3__nrf_delay_us</STRONG> (Thumb, 30 bytes, Stack size 0 bytes, app_timer.o(.emb_text))
<BR><BR>[Calls]<UL><LI><a href="#[37]">&gt;&gt;</a>&nbsp;&nbsp;&nbsp;__asm___11_app_timer_c_cd27f9c3__nrf_delay_us
</UL>
<BR>[Called By]<UL><LI><a href="#[37]">&gt;&gt;</a>&nbsp;&nbsp;&nbsp;__asm___11_app_timer_c_cd27f9c3__nrf_delay_us
<LI><a href="#[71]">&gt;&gt;</a>&nbsp;&nbsp;&nbsp;rtc1_stop
<LI><a href="#[a8]">&gt;&gt;</a>&nbsp;&nbsp;&nbsp;compare_reg_update
</UL>

<P><STRONG><a name="[0]"></a>Reset_Handler</STRONG> (Thumb, 26 bytes, Stack size 0 bytes, arm_startup_nrf51.o(.text))
<BR>[Address Reference Count : 1]<UL><LI> arm_startup_nrf51.o(RESET)
</UL>
<P><STRONG><a name="[1]"></a>NMI_Handler</STRONG> (Thumb, 2 bytes, Stack size 0 bytes, arm_startup_nrf51.o(.text))
<BR><BR>[Calls]<UL><LI><a href="#[1]">&gt;&gt;</a>&nbsp;&nbsp;&nbsp;NMI_Handler
</UL>
<BR>[Called By]<UL><LI><a href="#[1]">&gt;&gt;</a>&nbsp;&nbsp;&nbsp;NMI_Handler
</UL>
<BR>[Address Reference Count : 1]<UL><LI> arm_startup_nrf51.o(RESET)
</UL>
<P><STRONG><a name="[2]"></a>HardFault_Handler</STRONG> (Thumb, 2 bytes, Stack size 0 bytes, arm_startup_nrf51.o(.text))
<BR><BR>[Calls]<UL><LI><a href="#[2]">&gt;&gt;</a>&nbsp;&nbsp;&nbsp;HardFault_Handler
</UL>
<BR>[Called By]<UL><LI><a href="#[2]">&gt;&gt;</a>&nbsp;&nbsp;&nbsp;HardFault_Handler
</UL>
<BR>[Address Reference Count : 1]<UL><LI> arm_startup_nrf51.o(RESET)
</UL>
<P><STRONG><a name="[3]"></a>SVC_Handler</STRONG> (Thumb, 2 bytes, Stack size 0 bytes, arm_startup_nrf51.o(.text))
<BR><BR>[Calls]<UL><LI><a href="#[3]">&gt;&gt;</a>&nbsp;&nbsp;&nbsp;SVC_Handler
</UL>
<BR>[Called By]<UL><LI><a href="#[3]">&gt;&gt;</a>&nbsp;&nbsp;&nbsp;SVC_Handler
</UL>
<BR>[Address Reference Count : 1]<UL><LI> arm_startup_nrf51.o(RESET)
</UL>
<P><STRONG><a name="[4]"></a>PendSV_Handler</STRONG> (Thumb, 2 bytes, Stack size 0 bytes, arm_startup_nrf51.o(.text))
<BR><BR>[Calls]<UL><LI><a href="#[4]">&gt;&gt;</a>&nbsp;&nbsp;&nbsp;PendSV_Handler
</UL>
<BR>[Called By]<UL><LI><a href="#[4]">&gt;&gt;</a>&nbsp;&nbsp;&nbsp;PendSV_Handler
</UL>
<BR>[Address Reference Count : 1]<UL><LI> arm_startup_nrf51.o(RESET)
</UL>
<P><STRONG><a name="[5]"></a>SysTick_Handler</STRONG> (Thumb, 2 bytes, Stack size 0 bytes, arm_startup_nrf51.o(.text))
<BR><BR>[Calls]<UL><LI><a href="#[5]">&gt;&gt;</a>&nbsp;&nbsp;&nbsp;SysTick_Handler
</UL>
<BR>[Called By]<UL><LI><a href="#[5]">&gt;&gt;</a>&nbsp;&nbsp;&nbsp;SysTick_Handler
</UL>
<BR>[Address Reference Count : 1]<UL><LI> arm_startup_nrf51.o(RESET)
</UL>
<P><STRONG><a name="[c]"></a>ADC_IRQHandler</STRONG> (Thumb, 0 bytes, Stack size 0 bytes, arm_startup_nrf51.o(.text))
<BR><BR>[Calls]<UL><LI><a href="#[c]">&gt;&gt;</a>&nbsp;&nbsp;&nbsp;ADC_IRQHandler
</UL>
<BR>[Called By]<UL><LI><a href="#[c]">&gt;&gt;</a>&nbsp;&nbsp;&nbsp;ADC_IRQHandler
</UL>
<BR>[Address Reference Count : 1]<UL><LI> arm_startup_nrf51.o(RESET)
</UL>
<P><STRONG><a name="[14]"></a>CCM_AAR_IRQHandler</STRONG> (Thumb, 0 bytes, Stack size 0 bytes, arm_startup_nrf51.o(.text))
<BR>[Address Reference Count : 1]<UL><LI> arm_startup_nrf51.o(RESET)
</UL>
<P><STRONG><a name="[13]"></a>ECB_IRQHandler</STRONG> (Thumb, 0 bytes, Stack size 0 bytes, arm_startup_nrf51.o(.text))
<BR>[Address Reference Count : 1]<UL><LI> arm_startup_nrf51.o(RESET)
</UL>
<P><STRONG><a name="[18]"></a>LPCOMP_IRQHandler</STRONG> (Thumb, 0 bytes, Stack size 0 bytes, arm_startup_nrf51.o(.text))
<BR>[Address Reference Count : 1]<UL><LI> arm_startup_nrf51.o(RESET)
</UL>
<P><STRONG><a name="[6]"></a>POWER_CLOCK_IRQHandler</STRONG> (Thumb, 0 bytes, Stack size 0 bytes, arm_startup_nrf51.o(.text))
<BR>[Address Reference Count : 1]<UL><LI> arm_startup_nrf51.o(RESET)
</UL>
<P><STRONG><a name="[17]"></a>QDEC_IRQHandler</STRONG> (Thumb, 0 bytes, Stack size 0 bytes, arm_startup_nrf51.o(.text))
<BR>[Address Reference Count : 1]<UL><LI> arm_startup_nrf51.o(RESET)
</UL>
<P><STRONG><a name="[7]"></a>RADIO_IRQHandler</STRONG> (Thumb, 0 bytes, Stack size 0 bytes, arm_startup_nrf51.o(.text))
<BR>[Address Reference Count : 1]<UL><LI> arm_startup_nrf51.o(RESET)
</UL>
<P><STRONG><a name="[12]"></a>RNG_IRQHandler</STRONG> (Thumb, 0 bytes, Stack size 0 bytes, arm_startup_nrf51.o(.text))
<BR>[Address Reference Count : 1]<UL><LI> arm_startup_nrf51.o(RESET)
</UL>
<P><STRONG><a name="[10]"></a>RTC0_IRQHandler</STRONG> (Thumb, 0 bytes, Stack size 0 bytes, arm_startup_nrf51.o(.text))
<BR>[Address Reference Count : 1]<UL><LI> arm_startup_nrf51.o(RESET)
</UL>
<P><STRONG><a name="[9]"></a>SPI0_TWI0_IRQHandler</STRONG> (Thumb, 0 bytes, Stack size 0 bytes, arm_startup_nrf51.o(.text))
<BR>[Address Reference Count : 1]<UL><LI> arm_startup_nrf51.o(RESET)
</UL>
<P><STRONG><a name="[a]"></a>SPI1_TWI1_IRQHandler</STRONG> (Thumb, 0 bytes, Stack size 0 bytes, arm_startup_nrf51.o(.text))
<BR>[Address Reference Count : 1]<UL><LI> arm_startup_nrf51.o(RESET)
</UL>
<P><STRONG><a name="[1a]"></a>SWI1_IRQHandler</STRONG> (Thumb, 0 bytes, Stack size 0 bytes, arm_startup_nrf51.o(.text))
<BR>[Address Reference Count : 1]<UL><LI> arm_startup_nrf51.o(RESET)
</UL>
<P><STRONG><a name="[1c]"></a>SWI3_IRQHandler</STRONG> (Thumb, 0 bytes, Stack size 0 bytes, arm_startup_nrf51.o(.text))
<BR>[Address Reference Count : 1]<UL><LI> arm_startup_nrf51.o(RESET)
</UL>
<P><STRONG><a name="[1d]"></a>SWI4_IRQHandler</STRONG> (Thumb, 0 bytes, Stack size 0 bytes, arm_startup_nrf51.o(.text))
<BR>[Address Reference Count : 1]<UL><LI> arm_startup_nrf51.o(RESET)
</UL>
<P><STRONG><a name="[1e]"></a>SWI5_IRQHandler</STRONG> (Thumb, 0 bytes, Stack size 0 bytes, arm_startup_nrf51.o(.text))
<BR>[Address Reference Count : 1]<UL><LI> arm_startup_nrf51.o(RESET)
</UL>
<P><STRONG><a name="[11]"></a>TEMP_IRQHandler</STRONG> (Thumb, 0 bytes, Stack size 0 bytes, arm_startup_nrf51.o(.text))
<BR>[Address Reference Count : 1]<UL><LI> arm_startup_nrf51.o(RESET)
</UL>
<P><STRONG><a name="[d]"></a>TIMER0_IRQHandler</STRONG> (Thumb, 0 bytes, Stack size 0 bytes, arm_startup_nrf51.o(.text))
<BR>[Address Reference Count : 1]<UL><LI> arm_startup_nrf51.o(RESET)
</UL>
<P><STRONG><a name="[e]"></a>TIMER1_IRQHandler</STRONG> (Thumb, 0 bytes, Stack size 0 bytes, arm_startup_nrf51.o(.text))
<BR>[Address Reference Count : 1]<UL><LI> arm_startup_nrf51.o(RESET)
</UL>
<P><STRONG><a name="[f]"></a>TIMER2_IRQHandler</STRONG> (Thumb, 0 bytes, Stack size 0 bytes, arm_startup_nrf51.o(.text))
<BR>[Address Reference Count : 1]<UL><LI> arm_startup_nrf51.o(RESET)
</UL>
<P><STRONG><a name="[15]"></a>WDT_IRQHandler</STRONG> (Thumb, 0 bytes, Stack size 0 bytes, arm_startup_nrf51.o(.text))
<BR>[Address Reference Count : 1]<UL><LI> arm_startup_nrf51.o(RESET)
</UL>
<P><STRONG><a name="[ca]"></a>__aeabi_uidiv</STRONG> (Thumb, 0 bytes, Stack size 12 bytes, uidiv.o(.text), UNUSED)

<P><STRONG><a name="[58]"></a>__aeabi_uidivmod</STRONG> (Thumb, 44 bytes, Stack size 12 bytes, uidiv.o(.text))
<BR><BR>[Stack]<UL><LI>Max Depth = 12<LI>Call Chain = __aeabi_uidivmod
</UL>
<BR>[Called By]<UL><LI><a href="#[a3]">&gt;&gt;</a>&nbsp;&nbsp;&nbsp;bsp_led_indication
<LI><a href="#[53]">&gt;&gt;</a>&nbsp;&nbsp;&nbsp;_printf_core
</UL>

<P><STRONG><a name="[8e]"></a>__aeabi_memcpy</STRONG> (Thumb, 36 bytes, Stack size 0 bytes, memcpya.o(.text))
<BR><BR>[Called By]<UL><LI><a href="#[60]">&gt;&gt;</a>&nbsp;&nbsp;&nbsp;service_data_encode
<LI><a href="#[5f]">&gt;&gt;</a>&nbsp;&nbsp;&nbsp;manuf_specific_data_encode
<LI><a href="#[5b]">&gt;&gt;</a>&nbsp;&nbsp;&nbsp;ble_device_addr_encode
<LI><a href="#[8f]">&gt;&gt;</a>&nbsp;&nbsp;&nbsp;ble_conn_params_on_ble_evt
<LI><a href="#[8d]">&gt;&gt;</a>&nbsp;&nbsp;&nbsp;ble_conn_params_init
</UL>

<P><STRONG><a name="[7c]"></a>__aeabi_memcpy4</STRONG> (Thumb, 0 bytes, Stack size 0 bytes, memcpya.o(.text))
<BR><BR>[Called By]<UL><LI><a href="#[8d]">&gt;&gt;</a>&nbsp;&nbsp;&nbsp;ble_conn_params_init
<LI><a href="#[83]">&gt;&gt;</a>&nbsp;&nbsp;&nbsp;ble_advertising_init
<LI><a href="#[7a]">&gt;&gt;</a>&nbsp;&nbsp;&nbsp;app_uart_init
</UL>

<P><STRONG><a name="[cb]"></a>__aeabi_memcpy8</STRONG> (Thumb, 0 bytes, Stack size 0 bytes, memcpya.o(.text), UNUSED)

<P><STRONG><a name="[39]"></a>__aeabi_memset</STRONG> (Thumb, 14 bytes, Stack size 0 bytes, memseta.o(.text), UNUSED)
<BR><BR>[Called By]<UL><LI><a href="#[3a]">&gt;&gt;</a>&nbsp;&nbsp;&nbsp;_memset$wrapper
<LI><a href="#[38]">&gt;&gt;</a>&nbsp;&nbsp;&nbsp;__aeabi_memclr
</UL>

<P><STRONG><a name="[cc]"></a>__aeabi_memset4</STRONG> (Thumb, 0 bytes, Stack size 0 bytes, memseta.o(.text), UNUSED)

<P><STRONG><a name="[cd]"></a>__aeabi_memset8</STRONG> (Thumb, 0 bytes, Stack size 0 bytes, memseta.o(.text), UNUSED)

<P><STRONG><a name="[38]"></a>__aeabi_memclr</STRONG> (Thumb, 4 bytes, Stack size 0 bytes, memseta.o(.text), UNUSED)
<BR><BR>[Calls]<UL><LI><a href="#[39]">&gt;&gt;</a>&nbsp;&nbsp;&nbsp;__aeabi_memset
</UL>

<P><STRONG><a name="[85]"></a>__aeabi_memclr4</STRONG> (Thumb, 0 bytes, Stack size 0 bytes, memseta.o(.text))
<BR><BR>[Called By]<UL><LI><a href="#[96]">&gt;&gt;</a>&nbsp;&nbsp;&nbsp;tx_char_add
<LI><a href="#[95]">&gt;&gt;</a>&nbsp;&nbsp;&nbsp;rx_char_add
<LI><a href="#[84]">&gt;&gt;</a>&nbsp;&nbsp;&nbsp;ble_advertising_peer_address_clear
<LI><a href="#[99]">&gt;&gt;</a>&nbsp;&nbsp;&nbsp;softdevice_enable_get_default_config
<LI><a href="#[87]">&gt;&gt;</a>&nbsp;&nbsp;&nbsp;ble_advertising_start
<LI><a href="#[83]">&gt;&gt;</a>&nbsp;&nbsp;&nbsp;ble_advertising_init
<LI><a href="#[1f]">&gt;&gt;</a>&nbsp;&nbsp;&nbsp;main
</UL>

<P><STRONG><a name="[ce]"></a>__aeabi_memclr8</STRONG> (Thumb, 0 bytes, Stack size 0 bytes, memseta.o(.text), UNUSED)

<P><STRONG><a name="[3a]"></a>_memset$wrapper</STRONG> (Thumb, 18 bytes, Stack size 8 bytes, memseta.o(.text), UNUSED)
<BR><BR>[Calls]<UL><LI><a href="#[39]">&gt;&gt;</a>&nbsp;&nbsp;&nbsp;__aeabi_memset
</UL>

<P><STRONG><a name="[a6]"></a>strlen</STRONG> (Thumb, 14 bytes, Stack size 0 bytes, strlen.o(.text))
<BR><BR>[Called By]<UL><LI><a href="#[32]">&gt;&gt;</a>&nbsp;&nbsp;&nbsp;button_chk_handler
</UL>

<P><STRONG><a name="[3b]"></a>__aeabi_uldivmod</STRONG> (Thumb, 96 bytes, Stack size 48 bytes, uldiv.o(.text), UNUSED)
<BR><BR>[Calls]<UL><LI><a href="#[3c]">&gt;&gt;</a>&nbsp;&nbsp;&nbsp;__aeabi_llsr
<LI><a href="#[3d]">&gt;&gt;</a>&nbsp;&nbsp;&nbsp;__aeabi_llsl
</UL>
<BR>[Called By]<UL><LI><a href="#[53]">&gt;&gt;</a>&nbsp;&nbsp;&nbsp;_printf_core
<LI><a href="#[54]">&gt;&gt;</a>&nbsp;&nbsp;&nbsp;_fp_digits
</UL>

<P><STRONG><a name="[cf]"></a>__I$use$fp</STRONG> (Thumb, 0 bytes, Stack size unknown bytes, iusefp.o(.text), UNUSED)

<P><STRONG><a name="[3e]"></a>__aeabi_dadd</STRONG> (Thumb, 328 bytes, Stack size 48 bytes, dadd.o(.text), UNUSED)
<BR><BR>[Calls]<UL><LI><a href="#[3f]">&gt;&gt;</a>&nbsp;&nbsp;&nbsp;__aeabi_lasr
<LI><a href="#[3d]">&gt;&gt;</a>&nbsp;&nbsp;&nbsp;__aeabi_llsl
<LI><a href="#[41]">&gt;&gt;</a>&nbsp;&nbsp;&nbsp;_double_round
<LI><a href="#[40]">&gt;&gt;</a>&nbsp;&nbsp;&nbsp;_double_epilogue
</UL>
<BR>[Called By]<UL><LI><a href="#[43]">&gt;&gt;</a>&nbsp;&nbsp;&nbsp;__aeabi_drsub
<LI><a href="#[42]">&gt;&gt;</a>&nbsp;&nbsp;&nbsp;__aeabi_dsub
<LI><a href="#[54]">&gt;&gt;</a>&nbsp;&nbsp;&nbsp;_fp_digits
</UL>

<P><STRONG><a name="[42]"></a>__aeabi_dsub</STRONG> (Thumb, 12 bytes, Stack size 8 bytes, dadd.o(.text), UNUSED)
<BR><BR>[Calls]<UL><LI><a href="#[3e]">&gt;&gt;</a>&nbsp;&nbsp;&nbsp;__aeabi_dadd
</UL>

<P><STRONG><a name="[43]"></a>__aeabi_drsub</STRONG> (Thumb, 12 bytes, Stack size 8 bytes, dadd.o(.text), UNUSED)
<BR><BR>[Calls]<UL><LI><a href="#[3e]">&gt;&gt;</a>&nbsp;&nbsp;&nbsp;__aeabi_dadd
</UL>

<P><STRONG><a name="[44]"></a>__aeabi_dmul</STRONG> (Thumb, 202 bytes, Stack size 72 bytes, dmul.o(.text), UNUSED)
<BR><BR>[Calls]<UL><LI><a href="#[40]">&gt;&gt;</a>&nbsp;&nbsp;&nbsp;_double_epilogue
</UL>
<BR>[Called By]<UL><LI><a href="#[54]">&gt;&gt;</a>&nbsp;&nbsp;&nbsp;_fp_digits
</UL>

<P><STRONG><a name="[45]"></a>__aeabi_ddiv</STRONG> (Thumb, 234 bytes, Stack size 40 bytes, ddiv.o(.text), UNUSED)
<BR><BR>[Calls]<UL><LI><a href="#[41]">&gt;&gt;</a>&nbsp;&nbsp;&nbsp;_double_round
</UL>
<BR>[Called By]<UL><LI><a href="#[54]">&gt;&gt;</a>&nbsp;&nbsp;&nbsp;_fp_digits
</UL>

<P><STRONG><a name="[46]"></a>__aeabi_d2ulz</STRONG> (Thumb, 54 bytes, Stack size 8 bytes, dfixul.o(.text), UNUSED)
<BR><BR>[Calls]<UL><LI><a href="#[3c]">&gt;&gt;</a>&nbsp;&nbsp;&nbsp;__aeabi_llsr
<LI><a href="#[3d]">&gt;&gt;</a>&nbsp;&nbsp;&nbsp;__aeabi_llsl
</UL>
<BR>[Called By]<UL><LI><a href="#[54]">&gt;&gt;</a>&nbsp;&nbsp;&nbsp;_fp_digits
</UL>

<P><STRONG><a name="[55]"></a>__aeabi_cdrcmple</STRONG> (Thumb, 38 bytes, Stack size 0 bytes, cdrcmple.o(.text), UNUSED)
<BR><BR>[Called By]<UL><LI><a href="#[54]">&gt;&gt;</a>&nbsp;&nbsp;&nbsp;_fp_digits
</UL>

<P><STRONG><a name="[36]"></a>__scatterload</STRONG> (Thumb, 28 bytes, Stack size 0 bytes, init.o(.text))
<BR><BR>[Calls]<UL><LI><a href="#[47]">&gt;&gt;</a>&nbsp;&nbsp;&nbsp;__main_after_scatterload
</UL>
<BR>[Called By]<UL><LI><a href="#[35]">&gt;&gt;</a>&nbsp;&nbsp;&nbsp;_main_scatterload
</UL>

<P><STRONG><a name="[d0]"></a>__scatterload_rt2</STRONG> (Thumb, 0 bytes, Stack size 0 bytes, init.o(.text), UNUSED)

<P><STRONG><a name="[3d]"></a>__aeabi_llsl</STRONG> (Thumb, 32 bytes, Stack size 8 bytes, llshl.o(.text), UNUSED)
<BR><BR>[Called By]<UL><LI><a href="#[40]">&gt;&gt;</a>&nbsp;&nbsp;&nbsp;_double_epilogue
<LI><a href="#[3b]">&gt;&gt;</a>&nbsp;&nbsp;&nbsp;__aeabi_uldivmod
<LI><a href="#[3e]">&gt;&gt;</a>&nbsp;&nbsp;&nbsp;__aeabi_dadd
<LI><a href="#[46]">&gt;&gt;</a>&nbsp;&nbsp;&nbsp;__aeabi_d2ulz
</UL>

<P><STRONG><a name="[d1]"></a>_ll_shift_l</STRONG> (Thumb, 0 bytes, Stack size 8 bytes, llshl.o(.text), UNUSED)

<P><STRONG><a name="[3c]"></a>__aeabi_llsr</STRONG> (Thumb, 34 bytes, Stack size 8 bytes, llushr.o(.text), UNUSED)
<BR><BR>[Called By]<UL><LI><a href="#[40]">&gt;&gt;</a>&nbsp;&nbsp;&nbsp;_double_epilogue
<LI><a href="#[3b]">&gt;&gt;</a>&nbsp;&nbsp;&nbsp;__aeabi_uldivmod
<LI><a href="#[46]">&gt;&gt;</a>&nbsp;&nbsp;&nbsp;__aeabi_d2ulz
</UL>

<P><STRONG><a name="[d2]"></a>_ll_ushift_r</STRONG> (Thumb, 0 bytes, Stack size 8 bytes, llushr.o(.text), UNUSED)

<P><STRONG><a name="[3f]"></a>__aeabi_lasr</STRONG> (Thumb, 38 bytes, Stack size 8 bytes, llsshr.o(.text), UNUSED)
<BR><BR>[Called By]<UL><LI><a href="#[3e]">&gt;&gt;</a>&nbsp;&nbsp;&nbsp;__aeabi_dadd
</UL>

<P><STRONG><a name="[d3]"></a>_ll_sshift_r</STRONG> (Thumb, 0 bytes, Stack size 8 bytes, llsshr.o(.text), UNUSED)

<P><STRONG><a name="[41]"></a>_double_round</STRONG> (Thumb, 26 bytes, Stack size 8 bytes, depilogue.o(.text), UNUSED)
<BR><BR>[Called By]<UL><LI><a href="#[40]">&gt;&gt;</a>&nbsp;&nbsp;&nbsp;_double_epilogue
<LI><a href="#[45]">&gt;&gt;</a>&nbsp;&nbsp;&nbsp;__aeabi_ddiv
<LI><a href="#[3e]">&gt;&gt;</a>&nbsp;&nbsp;&nbsp;__aeabi_dadd
</UL>

<P><STRONG><a name="[40]"></a>_double_epilogue</STRONG> (Thumb, 164 bytes, Stack size 48 bytes, depilogue.o(.text), UNUSED)
<BR><BR>[Calls]<UL><LI><a href="#[48]">&gt;&gt;</a>&nbsp;&nbsp;&nbsp;__ARM_clz
<LI><a href="#[3c]">&gt;&gt;</a>&nbsp;&nbsp;&nbsp;__aeabi_llsr
<LI><a href="#[3d]">&gt;&gt;</a>&nbsp;&nbsp;&nbsp;__aeabi_llsl
<LI><a href="#[41]">&gt;&gt;</a>&nbsp;&nbsp;&nbsp;_double_round
</UL>
<BR>[Called By]<UL><LI><a href="#[44]">&gt;&gt;</a>&nbsp;&nbsp;&nbsp;__aeabi_dmul
<LI><a href="#[3e]">&gt;&gt;</a>&nbsp;&nbsp;&nbsp;__aeabi_dadd
</UL>

<P><STRONG><a name="[b]"></a>GPIOTE_IRQHandler</STRONG> (Thumb, 312 bytes, Stack size 64 bytes, nrf_drv_gpiote.o(i.GPIOTE_IRQHandler))
<BR><BR>[Stack]<UL><LI>Max Depth = 64<LI>Call Chain = GPIOTE_IRQHandler
</UL>
<BR>[Calls]<UL><LI><a href="#[49]">&gt;&gt;</a>&nbsp;&nbsp;&nbsp;nrf_gpiote_event_is_set
<LI><a href="#[4b]">&gt;&gt;</a>&nbsp;&nbsp;&nbsp;nrf_gpio_cfg_sense_set
<LI><a href="#[4a]">&gt;&gt;</a>&nbsp;&nbsp;&nbsp;channel_port_get
</UL>
<BR>[Address Reference Count : 1]<UL><LI> arm_startup_nrf51.o(RESET)
</UL>
<P><STRONG><a name="[16]"></a>RTC1_IRQHandler</STRONG> (Thumb, 28 bytes, Stack size 8 bytes, app_timer.o(i.RTC1_IRQHandler))
<BR><BR>[Stack]<UL><LI>Max Depth = 48<LI>Call Chain = RTC1_IRQHandler &rArr; timer_timeouts_check &rArr; app_error_handler_bare
</UL>
<BR>[Calls]<UL><LI><a href="#[4c]">&gt;&gt;</a>&nbsp;&nbsp;&nbsp;timer_timeouts_check
</UL>
<BR>[Address Reference Count : 1]<UL><LI> arm_startup_nrf51.o(RESET)
</UL>
<P><STRONG><a name="[19]"></a>SWI0_IRQHandler</STRONG> (Thumb, 8 bytes, Stack size 8 bytes, app_timer.o(i.SWI0_IRQHandler))
<BR><BR>[Stack]<UL><LI>Max Depth = 80<LI>Call Chain = SWI0_IRQHandler &rArr; timer_list_handler &rArr; compare_reg_update &rArr; rtc1_stop
</UL>
<BR>[Calls]<UL><LI><a href="#[4d]">&gt;&gt;</a>&nbsp;&nbsp;&nbsp;timer_list_handler
</UL>
<BR>[Address Reference Count : 1]<UL><LI> arm_startup_nrf51.o(RESET)
</UL>
<P><STRONG><a name="[1b]"></a>SWI2_IRQHandler</STRONG> (Thumb, 28 bytes, Stack size 8 bytes, softdevice_handler.o(i.SWI2_IRQHandler))
<BR><BR>[Stack]<UL><LI>Max Depth = 48<LI>Call Chain = SWI2_IRQHandler &rArr; intern_softdevice_events_execute &rArr; app_error_handler_bare
</UL>
<BR>[Calls]<UL><LI><a href="#[4e]">&gt;&gt;</a>&nbsp;&nbsp;&nbsp;app_error_handler_bare
<LI><a href="#[4f]">&gt;&gt;</a>&nbsp;&nbsp;&nbsp;intern_softdevice_events_execute
</UL>
<BR>[Address Reference Count : 1]<UL><LI> arm_startup_nrf51.o(RESET)
</UL>
<P><STRONG><a name="[20]"></a>SystemInit</STRONG> (Thumb, 130 bytes, Stack size 8 bytes, system_nrf51.o(i.SystemInit))
<BR><BR>[Stack]<UL><LI>Max Depth = 8<LI>Call Chain = SystemInit
</UL>
<BR>[Calls]<UL><LI><a href="#[50]">&gt;&gt;</a>&nbsp;&nbsp;&nbsp;is_manual_peripheral_setup_needed
</UL>
<BR>[Address Reference Count : 1]<UL><LI> arm_startup_nrf51.o(.text)
</UL>
<P><STRONG><a name="[8]"></a>UART0_IRQHandler</STRONG> (Thumb, 8 bytes, Stack size 8 bytes, nrf_drv_uart.o(i.UART0_IRQHandler))
<BR><BR>[Stack]<UL><LI>Max Depth = 72<LI>Call Chain = UART0_IRQHandler &rArr; uart_irq_handler &rArr; tx_done_event
</UL>
<BR>[Calls]<UL><LI><a href="#[51]">&gt;&gt;</a>&nbsp;&nbsp;&nbsp;uart_irq_handler
</UL>
<BR>[Address Reference Count : 1]<UL><LI> arm_startup_nrf51.o(RESET)
</UL>
<P><STRONG><a name="[52]"></a>__0printf</STRONG> (Thumb, 24 bytes, Stack size 24 bytes, printfa.o(i.__0printf), UNUSED)
<BR><BR>[Calls]<UL><LI><a href="#[53]">&gt;&gt;</a>&nbsp;&nbsp;&nbsp;_printf_core
</UL>

<P><STRONG><a name="[d4]"></a>__1printf</STRONG> (Thumb, 0 bytes, Stack size 24 bytes, printfa.o(i.__0printf), UNUSED)

<P><STRONG><a name="[ad]"></a>__2printf</STRONG> (Thumb, 0 bytes, Stack size 24 bytes, printfa.o(i.__0printf))
<BR><BR>[Stack]<UL><LI>Max Depth = 24<LI>Call Chain = __2printf
</UL>
<BR>[Called By]<UL><LI><a href="#[1f]">&gt;&gt;</a>&nbsp;&nbsp;&nbsp;main
</UL>

<P><STRONG><a name="[d5]"></a>__c89printf</STRONG> (Thumb, 0 bytes, Stack size 24 bytes, printfa.o(i.__0printf), UNUSED)

<P><STRONG><a name="[d6]"></a>printf</STRONG> (Thumb, 0 bytes, Stack size 24 bytes, printfa.o(i.__0printf), UNUSED)

<P><STRONG><a name="[48]"></a>__ARM_clz</STRONG> (Thumb, 46 bytes, Stack size 0 bytes, depilogue.o(i.__ARM_clz), UNUSED)
<BR><BR>[Called By]<UL><LI><a href="#[40]">&gt;&gt;</a>&nbsp;&nbsp;&nbsp;_double_epilogue
</UL>

<P><STRONG><a name="[a5]"></a>__ARM_common_switch8</STRONG> (Thumb, 26 bytes, Stack size 8 bytes, bsp.o(i.__ARM_common_switch8))
<BR><BR>[Stack]<UL><LI>Max Depth = 8<LI>Call Chain = __ARM_common_switch8
</UL>
<BR>[Called By]<UL><LI><a href="#[a3]">&gt;&gt;</a>&nbsp;&nbsp;&nbsp;bsp_led_indication
</UL>

<P><STRONG><a name="[d7]"></a>__scatterload_copy</STRONG> (Thumb, 14 bytes, Stack size unknown bytes, handlers.o(i.__scatterload_copy), UNUSED)

<P><STRONG><a name="[d8]"></a>__scatterload_null</STRONG> (Thumb, 2 bytes, Stack size unknown bytes, handlers.o(i.__scatterload_null), UNUSED)

<P><STRONG><a name="[d9]"></a>__scatterload_zeroinit</STRONG> (Thumb, 14 bytes, Stack size unknown bytes, handlers.o(i.__scatterload_zeroinit), UNUSED)

<P><STRONG><a name="[59]"></a>adv_data_encode</STRONG> (Thumb, 534 bytes, Stack size 48 bytes, ble_advdata.o(i.adv_data_encode))
<BR><BR>[Stack]<UL><LI>Max Depth = 144<LI>Call Chain = adv_data_encode &rArr; uuid_list_encode &rArr; uuid_list_sized_encode
</UL>
<BR>[Calls]<UL><LI><a href="#[5d]">&gt;&gt;</a>&nbsp;&nbsp;&nbsp;uuid_list_encode
<LI><a href="#[5c]">&gt;&gt;</a>&nbsp;&nbsp;&nbsp;uint16_encode
<LI><a href="#[60]">&gt;&gt;</a>&nbsp;&nbsp;&nbsp;service_data_encode
<LI><a href="#[61]">&gt;&gt;</a>&nbsp;&nbsp;&nbsp;name_encode
<LI><a href="#[5f]">&gt;&gt;</a>&nbsp;&nbsp;&nbsp;manuf_specific_data_encode
<LI><a href="#[5a]">&gt;&gt;</a>&nbsp;&nbsp;&nbsp;le_role_encode
<LI><a href="#[5e]">&gt;&gt;</a>&nbsp;&nbsp;&nbsp;conn_int_encode
<LI><a href="#[5b]">&gt;&gt;</a>&nbsp;&nbsp;&nbsp;ble_device_addr_encode
</UL>
<BR>[Called By]<UL><LI><a href="#[82]">&gt;&gt;</a>&nbsp;&nbsp;&nbsp;ble_advdata_set
</UL>

<P><STRONG><a name="[64]"></a>app_button_enable</STRONG> (Thumb, 32 bytes, Stack size 16 bytes, app_button.o(i.app_button_enable))
<BR><BR>[Stack]<UL><LI>Max Depth = 48<LI>Call Chain = app_button_enable &rArr; nrf_drv_gpiote_in_event_enable
</UL>
<BR>[Calls]<UL><LI><a href="#[65]">&gt;&gt;</a>&nbsp;&nbsp;&nbsp;nrf_drv_gpiote_in_event_enable
</UL>
<BR>[Called By]<UL><LI><a href="#[a4]">&gt;&gt;</a>&nbsp;&nbsp;&nbsp;bsp_init
</UL>

<P><STRONG><a name="[66]"></a>app_button_init</STRONG> (Thumb, 100 bytes, Stack size 24 bytes, app_button.o(i.app_button_init))
<BR><BR>[Stack]<UL><LI>Max Depth = 76<LI>Call Chain = app_button_init &rArr; nrf_drv_gpiote_in_init &rArr; channel_port_alloc
</UL>
<BR>[Calls]<UL><LI><a href="#[68]">&gt;&gt;</a>&nbsp;&nbsp;&nbsp;nrf_drv_gpiote_init
<LI><a href="#[69]">&gt;&gt;</a>&nbsp;&nbsp;&nbsp;nrf_drv_gpiote_in_init
<LI><a href="#[6a]">&gt;&gt;</a>&nbsp;&nbsp;&nbsp;app_timer_create
<LI><a href="#[67]">&gt;&gt;</a>&nbsp;&nbsp;&nbsp;nrf_drv_gpiote_is_init
</UL>
<BR>[Called By]<UL><LI><a href="#[a4]">&gt;&gt;</a>&nbsp;&nbsp;&nbsp;bsp_init
</UL>

<P><STRONG><a name="[6b]"></a>app_error_fault_handler</STRONG> (Thumb, 18 bytes, Stack size 0 bytes, app_error_weak.o(i.app_error_fault_handler))
<BR><BR>[Called By]<UL><LI><a href="#[4e]">&gt;&gt;</a>&nbsp;&nbsp;&nbsp;app_error_handler_bare
<LI><a href="#[33]">&gt;&gt;</a>&nbsp;&nbsp;&nbsp;softdevice_fault_handler
</UL>

<P><STRONG><a name="[4e]"></a>app_error_handler_bare</STRONG> (Thumb, 20 bytes, Stack size 16 bytes, app_error.o(i.app_error_handler_bare))
<BR><BR>[Stack]<UL><LI>Max Depth = 16<LI>Call Chain = app_error_handler_bare
</UL>
<BR>[Calls]<UL><LI><a href="#[6b]">&gt;&gt;</a>&nbsp;&nbsp;&nbsp;app_error_fault_handler
</UL>
<BR>[Called By]<UL><LI><a href="#[2b]">&gt;&gt;</a>&nbsp;&nbsp;&nbsp;uart_event_handle
<LI><a href="#[1f]">&gt;&gt;</a>&nbsp;&nbsp;&nbsp;main
<LI><a href="#[32]">&gt;&gt;</a>&nbsp;&nbsp;&nbsp;button_chk_handler
<LI><a href="#[2d]">&gt;&gt;</a>&nbsp;&nbsp;&nbsp;bsp_event_handler
<LI><a href="#[a1]">&gt;&gt;</a>&nbsp;&nbsp;&nbsp;sleep_mode_enter
<LI><a href="#[30]">&gt;&gt;</a>&nbsp;&nbsp;&nbsp;on_conn_params_evt
<LI><a href="#[92]">&gt;&gt;</a>&nbsp;&nbsp;&nbsp;on_ble_evt
<LI><a href="#[2f]">&gt;&gt;</a>&nbsp;&nbsp;&nbsp;on_adv_evt
<LI><a href="#[31]">&gt;&gt;</a>&nbsp;&nbsp;&nbsp;conn_params_error_handler
<LI><a href="#[97]">&gt;&gt;</a>&nbsp;&nbsp;&nbsp;ble_stack_init
<LI><a href="#[4c]">&gt;&gt;</a>&nbsp;&nbsp;&nbsp;timer_timeouts_check
<LI><a href="#[4f]">&gt;&gt;</a>&nbsp;&nbsp;&nbsp;intern_softdevice_events_execute
<LI><a href="#[1b]">&gt;&gt;</a>&nbsp;&nbsp;&nbsp;SWI2_IRQHandler
</UL>

<P><STRONG><a name="[6c]"></a>app_fifo_get</STRONG> (Thumb, 22 bytes, Stack size 8 bytes, app_fifo.o(i.app_fifo_get))
<BR><BR>[Stack]<UL><LI>Max Depth = 8<LI>Call Chain = app_fifo_get
</UL>
<BR>[Calls]<UL><LI><a href="#[6d]">&gt;&gt;</a>&nbsp;&nbsp;&nbsp;fifo_get
</UL>
<BR>[Called By]<UL><LI><a href="#[7f]">&gt;&gt;</a>&nbsp;&nbsp;&nbsp;app_uart_put
<LI><a href="#[78]">&gt;&gt;</a>&nbsp;&nbsp;&nbsp;app_uart_get
<LI><a href="#[25]">&gt;&gt;</a>&nbsp;&nbsp;&nbsp;uart_event_handler
</UL>

<P><STRONG><a name="[7b]"></a>app_fifo_init</STRONG> (Thumb, 36 bytes, Stack size 0 bytes, app_fifo.o(i.app_fifo_init))
<BR><BR>[Called By]<UL><LI><a href="#[7a]">&gt;&gt;</a>&nbsp;&nbsp;&nbsp;app_uart_init
</UL>

<P><STRONG><a name="[6e]"></a>app_fifo_put</STRONG> (Thumb, 26 bytes, Stack size 8 bytes, app_fifo.o(i.app_fifo_put))
<BR><BR>[Stack]<UL><LI>Max Depth = 8<LI>Call Chain = app_fifo_put
</UL>
<BR>[Calls]<UL><LI><a href="#[6f]">&gt;&gt;</a>&nbsp;&nbsp;&nbsp;fifo_put
</UL>
<BR>[Called By]<UL><LI><a href="#[7f]">&gt;&gt;</a>&nbsp;&nbsp;&nbsp;app_uart_put
<LI><a href="#[25]">&gt;&gt;</a>&nbsp;&nbsp;&nbsp;uart_event_handler
</UL>

<P><STRONG><a name="[6a]"></a>app_timer_create</STRONG> (Thumb, 40 bytes, Stack size 0 bytes, app_timer.o(i.app_timer_create))
<BR><BR>[Called By]<UL><LI><a href="#[66]">&gt;&gt;</a>&nbsp;&nbsp;&nbsp;app_button_init
<LI><a href="#[a4]">&gt;&gt;</a>&nbsp;&nbsp;&nbsp;bsp_init
<LI><a href="#[8d]">&gt;&gt;</a>&nbsp;&nbsp;&nbsp;ble_conn_params_init
<LI><a href="#[1f]">&gt;&gt;</a>&nbsp;&nbsp;&nbsp;main
</UL>

<P><STRONG><a name="[70]"></a>app_timer_init</STRONG> (Thumb, 126 bytes, Stack size 40 bytes, app_timer.o(i.app_timer_init))
<BR><BR>[Stack]<UL><LI>Max Depth = 56<LI>Call Chain = app_timer_init &rArr; rtc1_stop
</UL>
<BR>[Calls]<UL><LI><a href="#[71]">&gt;&gt;</a>&nbsp;&nbsp;&nbsp;rtc1_stop
<LI><a href="#[72]">&gt;&gt;</a>&nbsp;&nbsp;&nbsp;NVIC_SetPriority
</UL>
<BR>[Called By]<UL><LI><a href="#[1f]">&gt;&gt;</a>&nbsp;&nbsp;&nbsp;main
</UL>

<P><STRONG><a name="[73]"></a>app_timer_start</STRONG> (Thumb, 114 bytes, Stack size 32 bytes, app_timer.o(i.app_timer_start))
<BR><BR>[Stack]<UL><LI>Max Depth = 32<LI>Call Chain = app_timer_start
</UL>
<BR>[Calls]<UL><LI><a href="#[75]">&gt;&gt;</a>&nbsp;&nbsp;&nbsp;user_op_alloc
<LI><a href="#[74]">&gt;&gt;</a>&nbsp;&nbsp;&nbsp;user_id_get
<LI><a href="#[76]">&gt;&gt;</a>&nbsp;&nbsp;&nbsp;timer_list_handler_sched
</UL>
<BR>[Called By]<UL><LI><a href="#[90]">&gt;&gt;</a>&nbsp;&nbsp;&nbsp;conn_params_negotiation
<LI><a href="#[a3]">&gt;&gt;</a>&nbsp;&nbsp;&nbsp;bsp_led_indication
<LI><a href="#[34]">&gt;&gt;</a>&nbsp;&nbsp;&nbsp;bsp_button_event_handler
<LI><a href="#[1f]">&gt;&gt;</a>&nbsp;&nbsp;&nbsp;main
<LI><a href="#[23]">&gt;&gt;</a>&nbsp;&nbsp;&nbsp;gpiote_event_handler
</UL>

<P><STRONG><a name="[77]"></a>app_timer_stop</STRONG> (Thumb, 78 bytes, Stack size 24 bytes, app_timer.o(i.app_timer_stop))
<BR><BR>[Stack]<UL><LI>Max Depth = 24<LI>Call Chain = app_timer_stop
</UL>
<BR>[Calls]<UL><LI><a href="#[75]">&gt;&gt;</a>&nbsp;&nbsp;&nbsp;user_op_alloc
<LI><a href="#[74]">&gt;&gt;</a>&nbsp;&nbsp;&nbsp;user_id_get
<LI><a href="#[76]">&gt;&gt;</a>&nbsp;&nbsp;&nbsp;timer_list_handler_sched
</UL>
<BR>[Called By]<UL><LI><a href="#[a3]">&gt;&gt;</a>&nbsp;&nbsp;&nbsp;bsp_led_indication
<LI><a href="#[34]">&gt;&gt;</a>&nbsp;&nbsp;&nbsp;bsp_button_event_handler
<LI><a href="#[8f]">&gt;&gt;</a>&nbsp;&nbsp;&nbsp;ble_conn_params_on_ble_evt
<LI><a href="#[23]">&gt;&gt;</a>&nbsp;&nbsp;&nbsp;gpiote_event_handler
</UL>

<P><STRONG><a name="[78]"></a>app_uart_get</STRONG> (Thumb, 44 bytes, Stack size 8 bytes, app_uart_fifo.o(i.app_uart_get))
<BR><BR>[Stack]<UL><LI>Max Depth = 68<LI>Call Chain = app_uart_get &rArr; nrf_drv_uart_rx &rArr; nrf_drv_uart_rx_for_uart &rArr; rx_byte
</UL>
<BR>[Calls]<UL><LI><a href="#[79]">&gt;&gt;</a>&nbsp;&nbsp;&nbsp;nrf_drv_uart_rx
<LI><a href="#[6c]">&gt;&gt;</a>&nbsp;&nbsp;&nbsp;app_fifo_get
</UL>
<BR>[Called By]<UL><LI><a href="#[2b]">&gt;&gt;</a>&nbsp;&nbsp;&nbsp;uart_event_handle
</UL>

<P><STRONG><a name="[7a]"></a>app_uart_init</STRONG> (Thumb, 144 bytes, Stack size 48 bytes, app_uart_fifo.o(i.app_uart_init))
<BR><BR>[Stack]<UL><LI>Max Depth = 108<LI>Call Chain = app_uart_init &rArr; nrf_drv_uart_rx &rArr; nrf_drv_uart_rx_for_uart &rArr; rx_byte
</UL>
<BR>[Calls]<UL><LI><a href="#[7e]">&gt;&gt;</a>&nbsp;&nbsp;&nbsp;nrf_drv_uart_rx_enable
<LI><a href="#[79]">&gt;&gt;</a>&nbsp;&nbsp;&nbsp;nrf_drv_uart_rx
<LI><a href="#[7d]">&gt;&gt;</a>&nbsp;&nbsp;&nbsp;nrf_drv_uart_init
<LI><a href="#[7b]">&gt;&gt;</a>&nbsp;&nbsp;&nbsp;app_fifo_init
<LI><a href="#[7c]">&gt;&gt;</a>&nbsp;&nbsp;&nbsp;__aeabi_memcpy4
</UL>
<BR>[Called By]<UL><LI><a href="#[1f]">&gt;&gt;</a>&nbsp;&nbsp;&nbsp;main
</UL>

<P><STRONG><a name="[7f]"></a>app_uart_put</STRONG> (Thumb, 48 bytes, Stack size 8 bytes, app_uart_fifo.o(i.app_uart_put))
<BR><BR>[Stack]<UL><LI>Max Depth = 40<LI>Call Chain = app_uart_put &rArr; nrf_drv_uart_tx &rArr; nrf_drv_uart_tx_for_uart
</UL>
<BR>[Calls]<UL><LI><a href="#[80]">&gt;&gt;</a>&nbsp;&nbsp;&nbsp;nrf_drv_uart_tx_in_progress
<LI><a href="#[81]">&gt;&gt;</a>&nbsp;&nbsp;&nbsp;nrf_drv_uart_tx
<LI><a href="#[6e]">&gt;&gt;</a>&nbsp;&nbsp;&nbsp;app_fifo_put
<LI><a href="#[6c]">&gt;&gt;</a>&nbsp;&nbsp;&nbsp;app_fifo_get
</UL>
<BR>[Called By]<UL><LI><a href="#[2e]">&gt;&gt;</a>&nbsp;&nbsp;&nbsp;nus_data_handler
<LI><a href="#[22]">&gt;&gt;</a>&nbsp;&nbsp;&nbsp;fputc
</UL>

<P><STRONG><a name="[82]"></a>ble_advdata_set</STRONG> (Thumb, 104 bytes, Stack size 96 bytes, ble_advdata.o(i.ble_advdata_set))
<BR><BR>[Stack]<UL><LI>Max Depth = 240<LI>Call Chain = ble_advdata_set &rArr; adv_data_encode &rArr; uuid_list_encode &rArr; uuid_list_sized_encode
</UL>
<BR>[Calls]<UL><LI><a href="#[59]">&gt;&gt;</a>&nbsp;&nbsp;&nbsp;adv_data_encode
</UL>
<BR>[Called By]<UL><LI><a href="#[87]">&gt;&gt;</a>&nbsp;&nbsp;&nbsp;ble_advertising_start
<LI><a href="#[88]">&gt;&gt;</a>&nbsp;&nbsp;&nbsp;ble_advertising_restart_without_whitelist
<LI><a href="#[83]">&gt;&gt;</a>&nbsp;&nbsp;&nbsp;ble_advertising_init
</UL>

<P><STRONG><a name="[83]"></a>ble_advertising_init</STRONG> (Thumb, 284 bytes, Stack size 16 bytes, ble_advertising.o(i.ble_advertising_init))
<BR><BR>[Stack]<UL><LI>Max Depth = 256<LI>Call Chain = ble_advertising_init &rArr; ble_advdata_set &rArr; adv_data_encode &rArr; uuid_list_encode &rArr; uuid_list_sized_encode
</UL>
<BR>[Calls]<UL><LI><a href="#[84]">&gt;&gt;</a>&nbsp;&nbsp;&nbsp;ble_advertising_peer_address_clear
<LI><a href="#[82]">&gt;&gt;</a>&nbsp;&nbsp;&nbsp;ble_advdata_set
<LI><a href="#[85]">&gt;&gt;</a>&nbsp;&nbsp;&nbsp;__aeabi_memclr4
<LI><a href="#[7c]">&gt;&gt;</a>&nbsp;&nbsp;&nbsp;__aeabi_memcpy4
</UL>
<BR>[Called By]<UL><LI><a href="#[1f]">&gt;&gt;</a>&nbsp;&nbsp;&nbsp;main
</UL>

<P><STRONG><a name="[86]"></a>ble_advertising_on_ble_evt</STRONG> (Thumb, 118 bytes, Stack size 8 bytes, ble_advertising.o(i.ble_advertising_on_ble_evt))
<BR><BR>[Stack]<UL><LI>Max Depth = 296<LI>Call Chain = ble_advertising_on_ble_evt &rArr; ble_advertising_start &rArr; ble_advdata_set &rArr; adv_data_encode &rArr; uuid_list_encode &rArr; uuid_list_sized_encode
</UL>
<BR>[Calls]<UL><LI><a href="#[87]">&gt;&gt;</a>&nbsp;&nbsp;&nbsp;ble_advertising_start
</UL>
<BR>[Called By]<UL><LI><a href="#[27]">&gt;&gt;</a>&nbsp;&nbsp;&nbsp;ble_evt_dispatch
</UL>

<P><STRONG><a name="[88]"></a>ble_advertising_restart_without_whitelist</STRONG> (Thumb, 78 bytes, Stack size 8 bytes, ble_advertising.o(i.ble_advertising_restart_without_whitelist))
<BR><BR>[Stack]<UL><LI>Max Depth = 296<LI>Call Chain = ble_advertising_restart_without_whitelist &rArr; ble_advertising_start &rArr; ble_advdata_set &rArr; adv_data_encode &rArr; uuid_list_encode &rArr; uuid_list_sized_encode
</UL>
<BR>[Calls]<UL><LI><a href="#[82]">&gt;&gt;</a>&nbsp;&nbsp;&nbsp;ble_advdata_set
<LI><a href="#[87]">&gt;&gt;</a>&nbsp;&nbsp;&nbsp;ble_advertising_start
</UL>
<BR>[Called By]<UL><LI><a href="#[2d]">&gt;&gt;</a>&nbsp;&nbsp;&nbsp;bsp_event_handler
</UL>

<P><STRONG><a name="[87]"></a>ble_advertising_start</STRONG> (Thumb, 482 bytes, Stack size 48 bytes, ble_advertising.o(i.ble_advertising_start))
<BR><BR>[Stack]<UL><LI>Max Depth = 288<LI>Call Chain = ble_advertising_start &rArr; ble_advdata_set &rArr; adv_data_encode &rArr; uuid_list_encode &rArr; uuid_list_sized_encode
</UL>
<BR>[Calls]<UL><LI><a href="#[89]">&gt;&gt;</a>&nbsp;&nbsp;&nbsp;pstorage_access_status_get
<LI><a href="#[8a]">&gt;&gt;</a>&nbsp;&nbsp;&nbsp;fs_queued_op_count_get
<LI><a href="#[8c]">&gt;&gt;</a>&nbsp;&nbsp;&nbsp;whitelist_has_entries
<LI><a href="#[8b]">&gt;&gt;</a>&nbsp;&nbsp;&nbsp;peer_address_exists
<LI><a href="#[84]">&gt;&gt;</a>&nbsp;&nbsp;&nbsp;ble_advertising_peer_address_clear
<LI><a href="#[82]">&gt;&gt;</a>&nbsp;&nbsp;&nbsp;ble_advdata_set
<LI><a href="#[85]">&gt;&gt;</a>&nbsp;&nbsp;&nbsp;__aeabi_memclr4
</UL>
<BR>[Called By]<UL><LI><a href="#[88]">&gt;&gt;</a>&nbsp;&nbsp;&nbsp;ble_advertising_restart_without_whitelist
<LI><a href="#[86]">&gt;&gt;</a>&nbsp;&nbsp;&nbsp;ble_advertising_on_ble_evt
<LI><a href="#[1f]">&gt;&gt;</a>&nbsp;&nbsp;&nbsp;main
</UL>

<P><STRONG><a name="[8d]"></a>ble_conn_params_init</STRONG> (Thumb, 68 bytes, Stack size 16 bytes, ble_conn_params.o(i.ble_conn_params_init))
<BR><BR>[Stack]<UL><LI>Max Depth = 16<LI>Call Chain = ble_conn_params_init
</UL>
<BR>[Calls]<UL><LI><a href="#[6a]">&gt;&gt;</a>&nbsp;&nbsp;&nbsp;app_timer_create
<LI><a href="#[7c]">&gt;&gt;</a>&nbsp;&nbsp;&nbsp;__aeabi_memcpy4
<LI><a href="#[8e]">&gt;&gt;</a>&nbsp;&nbsp;&nbsp;__aeabi_memcpy
</UL>
<BR>[Called By]<UL><LI><a href="#[1f]">&gt;&gt;</a>&nbsp;&nbsp;&nbsp;main
</UL>

<P><STRONG><a name="[8f]"></a>ble_conn_params_on_ble_evt</STRONG> (Thumb, 132 bytes, Stack size 24 bytes, ble_conn_params.o(i.ble_conn_params_on_ble_evt))
<BR><BR>[Stack]<UL><LI>Max Depth = 80<LI>Call Chain = ble_conn_params_on_ble_evt &rArr; conn_params_negotiation &rArr; app_timer_start
</UL>
<BR>[Calls]<UL><LI><a href="#[90]">&gt;&gt;</a>&nbsp;&nbsp;&nbsp;conn_params_negotiation
<LI><a href="#[77]">&gt;&gt;</a>&nbsp;&nbsp;&nbsp;app_timer_stop
<LI><a href="#[8e]">&gt;&gt;</a>&nbsp;&nbsp;&nbsp;__aeabi_memcpy
</UL>
<BR>[Called By]<UL><LI><a href="#[27]">&gt;&gt;</a>&nbsp;&nbsp;&nbsp;ble_evt_dispatch
</UL>

<P><STRONG><a name="[94]"></a>ble_nus_init</STRONG> (Thumb, 98 bytes, Stack size 32 bytes, ble_nus.o(i.ble_nus_init))
<BR><BR>[Stack]<UL><LI>Max Depth = 112<LI>Call Chain = ble_nus_init &rArr; rx_char_add
</UL>
<BR>[Calls]<UL><LI><a href="#[96]">&gt;&gt;</a>&nbsp;&nbsp;&nbsp;tx_char_add
<LI><a href="#[95]">&gt;&gt;</a>&nbsp;&nbsp;&nbsp;rx_char_add
</UL>
<BR>[Called By]<UL><LI><a href="#[1f]">&gt;&gt;</a>&nbsp;&nbsp;&nbsp;main
</UL>

<P><STRONG><a name="[91]"></a>ble_nus_on_ble_evt</STRONG> (Thumb, 88 bytes, Stack size 0 bytes, ble_nus.o(i.ble_nus_on_ble_evt))
<BR><BR>[Called By]<UL><LI><a href="#[27]">&gt;&gt;</a>&nbsp;&nbsp;&nbsp;ble_evt_dispatch
</UL>

<P><STRONG><a name="[a7]"></a>ble_nus_string_send</STRONG> (Thumb, 78 bytes, Stack size 32 bytes, ble_nus.o(i.ble_nus_string_send))
<BR><BR>[Stack]<UL><LI>Max Depth = 32<LI>Call Chain = ble_nus_string_send
</UL>
<BR>[Called By]<UL><LI><a href="#[2b]">&gt;&gt;</a>&nbsp;&nbsp;&nbsp;uart_event_handle
<LI><a href="#[32]">&gt;&gt;</a>&nbsp;&nbsp;&nbsp;button_chk_handler
</UL>

<P><STRONG><a name="[9d]"></a>bsp_btn_ble_init</STRONG> (Thumb, 80 bytes, Stack size 24 bytes, bsp_btn_ble.o(i.bsp_btn_ble_init))
<BR><BR>[Stack]<UL><LI>Max Depth = 48<LI>Call Chain = bsp_btn_ble_init &rArr; advertising_buttons_configure &rArr; bsp_event_to_button_action_assign
</UL>
<BR>[Calls]<UL><LI><a href="#[62]">&gt;&gt;</a>&nbsp;&nbsp;&nbsp;advertising_buttons_configure
<LI><a href="#[9e]">&gt;&gt;</a>&nbsp;&nbsp;&nbsp;bsp_button_is_pressed
</UL>
<BR>[Called By]<UL><LI><a href="#[1f]">&gt;&gt;</a>&nbsp;&nbsp;&nbsp;main
</UL>

<P><STRONG><a name="[93]"></a>bsp_btn_ble_on_ble_evt</STRONG> (Thumb, 114 bytes, Stack size 8 bytes, bsp_btn_ble.o(i.bsp_btn_ble_on_ble_evt))
<BR><BR>[Stack]<UL><LI>Max Depth = 32<LI>Call Chain = bsp_btn_ble_on_ble_evt &rArr; advertising_buttons_configure &rArr; bsp_event_to_button_action_assign
</UL>
<BR>[Calls]<UL><LI><a href="#[62]">&gt;&gt;</a>&nbsp;&nbsp;&nbsp;advertising_buttons_configure
<LI><a href="#[63]">&gt;&gt;</a>&nbsp;&nbsp;&nbsp;bsp_event_to_button_action_assign
</UL>
<BR>[Called By]<UL><LI><a href="#[27]">&gt;&gt;</a>&nbsp;&nbsp;&nbsp;ble_evt_dispatch
</UL>

<P><STRONG><a name="[9f]"></a>bsp_btn_ble_sleep_mode_prepare</STRONG> (Thumb, 20 bytes, Stack size 8 bytes, bsp_btn_ble.o(i.bsp_btn_ble_sleep_mode_prepare))
<BR><BR>[Stack]<UL><LI>Max Depth = 28<LI>Call Chain = bsp_btn_ble_sleep_mode_prepare &rArr; bsp_wakeup_buttons_set
</UL>
<BR>[Calls]<UL><LI><a href="#[a0]">&gt;&gt;</a>&nbsp;&nbsp;&nbsp;bsp_wakeup_buttons_set
</UL>
<BR>[Called By]<UL><LI><a href="#[a1]">&gt;&gt;</a>&nbsp;&nbsp;&nbsp;sleep_mode_enter
</UL>

<P><STRONG><a name="[9e]"></a>bsp_button_is_pressed</STRONG> (Thumb, 34 bytes, Stack size 0 bytes, bsp.o(i.bsp_button_is_pressed))
<BR><BR>[Called By]<UL><LI><a href="#[9d]">&gt;&gt;</a>&nbsp;&nbsp;&nbsp;bsp_btn_ble_init
</UL>

<P><STRONG><a name="[2d]"></a>bsp_event_handler</STRONG> (Thumb, 50 bytes, Stack size 8 bytes, main.o(i.bsp_event_handler))
<BR><BR>[Stack]<UL><LI>Max Depth = 304<LI>Call Chain = bsp_event_handler &rArr; ble_advertising_restart_without_whitelist &rArr; ble_advertising_start &rArr; ble_advdata_set &rArr; adv_data_encode &rArr; uuid_list_encode &rArr; uuid_list_sized_encode
</UL>
<BR>[Calls]<UL><LI><a href="#[88]">&gt;&gt;</a>&nbsp;&nbsp;&nbsp;ble_advertising_restart_without_whitelist
<LI><a href="#[4e]">&gt;&gt;</a>&nbsp;&nbsp;&nbsp;app_error_handler_bare
<LI><a href="#[a1]">&gt;&gt;</a>&nbsp;&nbsp;&nbsp;sleep_mode_enter
</UL>
<BR>[Address Reference Count : 1]<UL><LI> main.o(i.main)
</UL>
<P><STRONG><a name="[63]"></a>bsp_event_to_button_action_assign</STRONG> (Thumb, 66 bytes, Stack size 16 bytes, bsp.o(i.bsp_event_to_button_action_assign))
<BR><BR>[Stack]<UL><LI>Max Depth = 16<LI>Call Chain = bsp_event_to_button_action_assign
</UL>
<BR>[Called By]<UL><LI><a href="#[62]">&gt;&gt;</a>&nbsp;&nbsp;&nbsp;advertising_buttons_configure
<LI><a href="#[a4]">&gt;&gt;</a>&nbsp;&nbsp;&nbsp;bsp_init
<LI><a href="#[93]">&gt;&gt;</a>&nbsp;&nbsp;&nbsp;bsp_btn_ble_on_ble_evt
</UL>

<P><STRONG><a name="[a2]"></a>bsp_indication_set</STRONG> (Thumb, 22 bytes, Stack size 8 bytes, bsp.o(i.bsp_indication_set))
<BR><BR>[Stack]<UL><LI>Max Depth = 72<LI>Call Chain = bsp_indication_set &rArr; bsp_led_indication &rArr; app_timer_start
</UL>
<BR>[Calls]<UL><LI><a href="#[a3]">&gt;&gt;</a>&nbsp;&nbsp;&nbsp;bsp_led_indication
</UL>
<BR>[Called By]<UL><LI><a href="#[a1]">&gt;&gt;</a>&nbsp;&nbsp;&nbsp;sleep_mode_enter
<LI><a href="#[92]">&gt;&gt;</a>&nbsp;&nbsp;&nbsp;on_ble_evt
<LI><a href="#[2f]">&gt;&gt;</a>&nbsp;&nbsp;&nbsp;on_adv_evt
</UL>

<P><STRONG><a name="[a4]"></a>bsp_init</STRONG> (Thumb, 134 bytes, Stack size 16 bytes, bsp.o(i.bsp_init))
<BR><BR>[Stack]<UL><LI>Max Depth = 92<LI>Call Chain = bsp_init &rArr; app_button_init &rArr; nrf_drv_gpiote_in_init &rArr; channel_port_alloc
</UL>
<BR>[Calls]<UL><LI><a href="#[66]">&gt;&gt;</a>&nbsp;&nbsp;&nbsp;app_button_init
<LI><a href="#[64]">&gt;&gt;</a>&nbsp;&nbsp;&nbsp;app_button_enable
<LI><a href="#[63]">&gt;&gt;</a>&nbsp;&nbsp;&nbsp;bsp_event_to_button_action_assign
<LI><a href="#[6a]">&gt;&gt;</a>&nbsp;&nbsp;&nbsp;app_timer_create
</UL>
<BR>[Called By]<UL><LI><a href="#[1f]">&gt;&gt;</a>&nbsp;&nbsp;&nbsp;main
</UL>

<P><STRONG><a name="[a0]"></a>bsp_wakeup_buttons_set</STRONG> (Thumb, 50 bytes, Stack size 20 bytes, bsp.o(i.bsp_wakeup_buttons_set))
<BR><BR>[Stack]<UL><LI>Max Depth = 20<LI>Call Chain = bsp_wakeup_buttons_set
</UL>
<BR>[Called By]<UL><LI><a href="#[9f]">&gt;&gt;</a>&nbsp;&nbsp;&nbsp;bsp_btn_ble_sleep_mode_prepare
</UL>

<P><STRONG><a name="[32]"></a>button_chk_handler</STRONG> (Thumb, 44 bytes, Stack size 8 bytes, main.o(i.button_chk_handler))
<BR><BR>[Stack]<UL><LI>Max Depth = 40<LI>Call Chain = button_chk_handler &rArr; ble_nus_string_send
</UL>
<BR>[Calls]<UL><LI><a href="#[a7]">&gt;&gt;</a>&nbsp;&nbsp;&nbsp;ble_nus_string_send
<LI><a href="#[4e]">&gt;&gt;</a>&nbsp;&nbsp;&nbsp;app_error_handler_bare
<LI><a href="#[a6]">&gt;&gt;</a>&nbsp;&nbsp;&nbsp;strlen
</UL>
<BR>[Address Reference Count : 1]<UL><LI> main.o(i.main)
</UL>
<P><STRONG><a name="[22]"></a>fputc</STRONG> (Thumb, 14 bytes, Stack size 8 bytes, retarget.o(i.fputc))
<BR><BR>[Stack]<UL><LI>Max Depth = 48<LI>Call Chain = fputc &rArr; app_uart_put &rArr; nrf_drv_uart_tx &rArr; nrf_drv_uart_tx_for_uart
</UL>
<BR>[Calls]<UL><LI><a href="#[7f]">&gt;&gt;</a>&nbsp;&nbsp;&nbsp;app_uart_put
</UL>
<BR>[Address Reference Count : 1]<UL><LI> printfa.o(i.__0printf)
</UL>
<P><STRONG><a name="[8a]"></a>fs_queued_op_count_get</STRONG> (Thumb, 18 bytes, Stack size 0 bytes, fstorage.o(i.fs_queued_op_count_get))
<BR><BR>[Called By]<UL><LI><a href="#[87]">&gt;&gt;</a>&nbsp;&nbsp;&nbsp;ble_advertising_start
</UL>

<P><STRONG><a name="[2c]"></a>in_pin_handler</STRONG> (Thumb, 8 bytes, Stack size 0 bytes, main.o(i.in_pin_handler))
<BR>[Address Reference Count : 1]<UL><LI> main.o(i.main)
</UL>
<P><STRONG><a name="[4f]"></a>intern_softdevice_events_execute</STRONG> (Thumb, 116 bytes, Stack size 24 bytes, softdevice_handler.o(i.intern_softdevice_events_execute))
<BR><BR>[Stack]<UL><LI>Max Depth = 40<LI>Call Chain = intern_softdevice_events_execute &rArr; app_error_handler_bare
</UL>
<BR>[Calls]<UL><LI><a href="#[4e]">&gt;&gt;</a>&nbsp;&nbsp;&nbsp;app_error_handler_bare
</UL>
<BR>[Called By]<UL><LI><a href="#[1b]">&gt;&gt;</a>&nbsp;&nbsp;&nbsp;SWI2_IRQHandler
</UL>

<P><STRONG><a name="[1f]"></a>main</STRONG> (Thumb, 452 bytes, Stack size 152 bytes, main.o(i.main))
<BR><BR>[Stack]<UL><LI>Max Depth = 440<LI>Call Chain = main &rArr; ble_advertising_start &rArr; ble_advdata_set &rArr; adv_data_encode &rArr; uuid_list_encode &rArr; uuid_list_sized_encode
</UL>
<BR>[Calls]<UL><LI><a href="#[68]">&gt;&gt;</a>&nbsp;&nbsp;&nbsp;nrf_drv_gpiote_init
<LI><a href="#[69]">&gt;&gt;</a>&nbsp;&nbsp;&nbsp;nrf_drv_gpiote_in_init
<LI><a href="#[65]">&gt;&gt;</a>&nbsp;&nbsp;&nbsp;nrf_drv_gpiote_in_event_enable
<LI><a href="#[a4]">&gt;&gt;</a>&nbsp;&nbsp;&nbsp;bsp_init
<LI><a href="#[9d]">&gt;&gt;</a>&nbsp;&nbsp;&nbsp;bsp_btn_ble_init
<LI><a href="#[94]">&gt;&gt;</a>&nbsp;&nbsp;&nbsp;ble_nus_init
<LI><a href="#[8d]">&gt;&gt;</a>&nbsp;&nbsp;&nbsp;ble_conn_params_init
<LI><a href="#[87]">&gt;&gt;</a>&nbsp;&nbsp;&nbsp;ble_advertising_start
<LI><a href="#[83]">&gt;&gt;</a>&nbsp;&nbsp;&nbsp;ble_advertising_init
<LI><a href="#[7a]">&gt;&gt;</a>&nbsp;&nbsp;&nbsp;app_uart_init
<LI><a href="#[73]">&gt;&gt;</a>&nbsp;&nbsp;&nbsp;app_timer_start
<LI><a href="#[70]">&gt;&gt;</a>&nbsp;&nbsp;&nbsp;app_timer_init
<LI><a href="#[6a]">&gt;&gt;</a>&nbsp;&nbsp;&nbsp;app_timer_create
<LI><a href="#[4e]">&gt;&gt;</a>&nbsp;&nbsp;&nbsp;app_error_handler_bare
<LI><a href="#[97]">&gt;&gt;</a>&nbsp;&nbsp;&nbsp;ble_stack_init
<LI><a href="#[ad]">&gt;&gt;</a>&nbsp;&nbsp;&nbsp;__2printf
<LI><a href="#[85]">&gt;&gt;</a>&nbsp;&nbsp;&nbsp;__aeabi_memclr4
</UL>
<BR>[Address Reference Count : 1]<UL><LI> entry9a.o(.ARM.Collect$$$$0000000B)
</UL>
<P><STRONG><a name="[b3]"></a>nrf_drv_common_irq_enable</STRONG> (Thumb, 78 bytes, Stack size 8 bytes, nrf_drv_common.o(i.nrf_drv_common_irq_enable))
<BR><BR>[Stack]<UL><LI>Max Depth = 8<LI>Call Chain = nrf_drv_common_irq_enable
</UL>
<BR>[Called By]<UL><LI><a href="#[68]">&gt;&gt;</a>&nbsp;&nbsp;&nbsp;nrf_drv_gpiote_init
<LI><a href="#[7d]">&gt;&gt;</a>&nbsp;&nbsp;&nbsp;nrf_drv_uart_init
</UL>

<P><STRONG><a name="[65]"></a>nrf_drv_gpiote_in_event_enable</STRONG> (Thumb, 138 bytes, Stack size 32 bytes, nrf_drv_gpiote.o(i.nrf_drv_gpiote_in_event_enable))
<BR><BR>[Stack]<UL><LI>Max Depth = 32<LI>Call Chain = nrf_drv_gpiote_in_event_enable
</UL>
<BR>[Calls]<UL><LI><a href="#[af]">&gt;&gt;</a>&nbsp;&nbsp;&nbsp;pin_in_use_by_te
<LI><a href="#[ae]">&gt;&gt;</a>&nbsp;&nbsp;&nbsp;pin_in_use_by_port
<LI><a href="#[4b]">&gt;&gt;</a>&nbsp;&nbsp;&nbsp;nrf_gpio_cfg_sense_set
<LI><a href="#[4a]">&gt;&gt;</a>&nbsp;&nbsp;&nbsp;channel_port_get
</UL>
<BR>[Called By]<UL><LI><a href="#[64]">&gt;&gt;</a>&nbsp;&nbsp;&nbsp;app_button_enable
<LI><a href="#[1f]">&gt;&gt;</a>&nbsp;&nbsp;&nbsp;main
</UL>

<P><STRONG><a name="[69]"></a>nrf_drv_gpiote_in_init</STRONG> (Thumb, 146 bytes, Stack size 32 bytes, nrf_drv_gpiote.o(i.nrf_drv_gpiote_in_init))
<BR><BR>[Stack]<UL><LI>Max Depth = 52<LI>Call Chain = nrf_drv_gpiote_in_init &rArr; channel_port_alloc
</UL>
<BR>[Calls]<UL><LI><a href="#[b1]">&gt;&gt;</a>&nbsp;&nbsp;&nbsp;nrf_gpio_cfg
<LI><a href="#[b0]">&gt;&gt;</a>&nbsp;&nbsp;&nbsp;channel_port_alloc
</UL>
<BR>[Called By]<UL><LI><a href="#[66]">&gt;&gt;</a>&nbsp;&nbsp;&nbsp;app_button_init
<LI><a href="#[1f]">&gt;&gt;</a>&nbsp;&nbsp;&nbsp;main
</UL>

<P><STRONG><a name="[aa]"></a>nrf_drv_gpiote_in_is_set</STRONG> (Thumb, 16 bytes, Stack size 0 bytes, nrf_drv_gpiote.o(i.nrf_drv_gpiote_in_is_set))
<BR><BR>[Called By]<UL><LI><a href="#[23]">&gt;&gt;</a>&nbsp;&nbsp;&nbsp;gpiote_event_handler
<LI><a href="#[24]">&gt;&gt;</a>&nbsp;&nbsp;&nbsp;detection_delay_timeout_handler
</UL>

<P><STRONG><a name="[68]"></a>nrf_drv_gpiote_init</STRONG> (Thumb, 76 bytes, Stack size 16 bytes, nrf_drv_gpiote.o(i.nrf_drv_gpiote_init))
<BR><BR>[Stack]<UL><LI>Max Depth = 24<LI>Call Chain = nrf_drv_gpiote_init &rArr; nrf_drv_common_irq_enable
</UL>
<BR>[Calls]<UL><LI><a href="#[b2]">&gt;&gt;</a>&nbsp;&nbsp;&nbsp;channel_free
<LI><a href="#[b3]">&gt;&gt;</a>&nbsp;&nbsp;&nbsp;nrf_drv_common_irq_enable
</UL>
<BR>[Called By]<UL><LI><a href="#[66]">&gt;&gt;</a>&nbsp;&nbsp;&nbsp;app_button_init
<LI><a href="#[1f]">&gt;&gt;</a>&nbsp;&nbsp;&nbsp;main
</UL>

<P><STRONG><a name="[67]"></a>nrf_drv_gpiote_is_init</STRONG> (Thumb, 12 bytes, Stack size 0 bytes, nrf_drv_gpiote.o(i.nrf_drv_gpiote_is_init))
<BR><BR>[Called By]<UL><LI><a href="#[66]">&gt;&gt;</a>&nbsp;&nbsp;&nbsp;app_button_init
</UL>

<P><STRONG><a name="[7d]"></a>nrf_drv_uart_init</STRONG> (Thumb, 170 bytes, Stack size 32 bytes, nrf_drv_uart.o(i.nrf_drv_uart_init))
<BR><BR>[Stack]<UL><LI>Max Depth = 60<LI>Call Chain = nrf_drv_uart_init &rArr; nrf_gpio_cfg_output &rArr; nrf_gpio_cfg
</UL>
<BR>[Calls]<UL><LI><a href="#[b4]">&gt;&gt;</a>&nbsp;&nbsp;&nbsp;nrf_gpio_cfg_output
<LI><a href="#[b5]">&gt;&gt;</a>&nbsp;&nbsp;&nbsp;nrf_gpio_cfg_input
<LI><a href="#[b3]">&gt;&gt;</a>&nbsp;&nbsp;&nbsp;nrf_drv_common_irq_enable
</UL>
<BR>[Called By]<UL><LI><a href="#[7a]">&gt;&gt;</a>&nbsp;&nbsp;&nbsp;app_uart_init
</UL>

<P><STRONG><a name="[79]"></a>nrf_drv_uart_rx</STRONG> (Thumb, 66 bytes, Stack size 24 bytes, nrf_drv_uart.o(i.nrf_drv_uart_rx))
<BR><BR>[Stack]<UL><LI>Max Depth = 60<LI>Call Chain = nrf_drv_uart_rx &rArr; nrf_drv_uart_rx_for_uart &rArr; rx_byte
</UL>
<BR>[Calls]<UL><LI><a href="#[b6]">&gt;&gt;</a>&nbsp;&nbsp;&nbsp;nrf_drv_uart_rx_for_uart
</UL>
<BR>[Called By]<UL><LI><a href="#[7a]">&gt;&gt;</a>&nbsp;&nbsp;&nbsp;app_uart_init
<LI><a href="#[78]">&gt;&gt;</a>&nbsp;&nbsp;&nbsp;app_uart_get
<LI><a href="#[25]">&gt;&gt;</a>&nbsp;&nbsp;&nbsp;uart_event_handler
</UL>

<P><STRONG><a name="[7e]"></a>nrf_drv_uart_rx_enable</STRONG> (Thumb, 20 bytes, Stack size 8 bytes, nrf_drv_uart.o(i.nrf_drv_uart_rx_enable))
<BR><BR>[Stack]<UL><LI>Max Depth = 8<LI>Call Chain = nrf_drv_uart_rx_enable
</UL>
<BR>[Calls]<UL><LI><a href="#[b7]">&gt;&gt;</a>&nbsp;&nbsp;&nbsp;rx_enable
</UL>
<BR>[Called By]<UL><LI><a href="#[7a]">&gt;&gt;</a>&nbsp;&nbsp;&nbsp;app_uart_init
</UL>

<P><STRONG><a name="[81]"></a>nrf_drv_uart_tx</STRONG> (Thumb, 32 bytes, Stack size 8 bytes, nrf_drv_uart.o(i.nrf_drv_uart_tx))
<BR><BR>[Stack]<UL><LI>Max Depth = 32<LI>Call Chain = nrf_drv_uart_tx &rArr; nrf_drv_uart_tx_for_uart
</UL>
<BR>[Calls]<UL><LI><a href="#[ba]">&gt;&gt;</a>&nbsp;&nbsp;&nbsp;nrf_drv_uart_tx_for_uart
<LI><a href="#[80]">&gt;&gt;</a>&nbsp;&nbsp;&nbsp;nrf_drv_uart_tx_in_progress
</UL>
<BR>[Called By]<UL><LI><a href="#[7f]">&gt;&gt;</a>&nbsp;&nbsp;&nbsp;app_uart_put
<LI><a href="#[25]">&gt;&gt;</a>&nbsp;&nbsp;&nbsp;uart_event_handler
</UL>

<P><STRONG><a name="[80]"></a>nrf_drv_uart_tx_in_progress</STRONG> (Thumb, 12 bytes, Stack size 0 bytes, nrf_drv_uart.o(i.nrf_drv_uart_tx_in_progress))
<BR><BR>[Called By]<UL><LI><a href="#[7f]">&gt;&gt;</a>&nbsp;&nbsp;&nbsp;app_uart_put
<LI><a href="#[81]">&gt;&gt;</a>&nbsp;&nbsp;&nbsp;nrf_drv_uart_tx
</UL>

<P><STRONG><a name="[89]"></a>pstorage_access_status_get</STRONG> (Thumb, 30 bytes, Stack size 0 bytes, pstorage.o(i.pstorage_access_status_get))
<BR><BR>[Called By]<UL><LI><a href="#[87]">&gt;&gt;</a>&nbsp;&nbsp;&nbsp;ble_advertising_start
</UL>

<P><STRONG><a name="[9a]"></a>sd_check_ram_start</STRONG> (Thumb, 10 bytes, Stack size 8 bytes, softdevice_handler.o(i.sd_check_ram_start))
<BR><BR>[Stack]<UL><LI>Max Depth = 8<LI>Call Chain = sd_check_ram_start
</UL>
<BR>[Called By]<UL><LI><a href="#[97]">&gt;&gt;</a>&nbsp;&nbsp;&nbsp;ble_stack_init
</UL>

<P><STRONG><a name="[9c]"></a>softdevice_ble_evt_handler_set</STRONG> (Thumb, 16 bytes, Stack size 0 bytes, softdevice_handler.o(i.softdevice_ble_evt_handler_set))
<BR><BR>[Called By]<UL><LI><a href="#[97]">&gt;&gt;</a>&nbsp;&nbsp;&nbsp;ble_stack_init
</UL>

<P><STRONG><a name="[9b]"></a>softdevice_enable</STRONG> (Thumb, 14 bytes, Stack size 16 bytes, softdevice_handler.o(i.softdevice_enable))
<BR><BR>[Stack]<UL><LI>Max Depth = 16<LI>Call Chain = softdevice_enable
</UL>
<BR>[Called By]<UL><LI><a href="#[97]">&gt;&gt;</a>&nbsp;&nbsp;&nbsp;ble_stack_init
</UL>

<P><STRONG><a name="[99]"></a>softdevice_enable_get_default_config</STRONG> (Thumb, 40 bytes, Stack size 16 bytes, softdevice_handler.o(i.softdevice_enable_get_default_config))
<BR><BR>[Stack]<UL><LI>Max Depth = 16<LI>Call Chain = softdevice_enable_get_default_config
</UL>
<BR>[Calls]<UL><LI><a href="#[85]">&gt;&gt;</a>&nbsp;&nbsp;&nbsp;__aeabi_memclr4
</UL>
<BR>[Called By]<UL><LI><a href="#[97]">&gt;&gt;</a>&nbsp;&nbsp;&nbsp;ble_stack_init
</UL>

<P><STRONG><a name="[33]"></a>softdevice_fault_handler</STRONG> (Thumb, 8 bytes, Stack size 8 bytes, softdevice_handler.o(i.softdevice_fault_handler))
<BR><BR>[Stack]<UL><LI>Max Depth = 8<LI>Call Chain = softdevice_fault_handler
</UL>
<BR>[Calls]<UL><LI><a href="#[6b]">&gt;&gt;</a>&nbsp;&nbsp;&nbsp;app_error_fault_handler
</UL>
<BR>[Address Reference Count : 1]<UL><LI> softdevice_handler.o(i.softdevice_handler_init)
</UL>
<P><STRONG><a name="[98]"></a>softdevice_handler_init</STRONG> (Thumb, 42 bytes, Stack size 16 bytes, softdevice_handler.o(i.softdevice_handler_init))
<BR><BR>[Stack]<UL><LI>Max Depth = 24<LI>Call Chain = softdevice_handler_init &rArr; sd_nvic_EnableIRQ
</UL>
<BR>[Calls]<UL><LI><a href="#[bd]">&gt;&gt;</a>&nbsp;&nbsp;&nbsp;sd_nvic_EnableIRQ
</UL>
<BR>[Called By]<UL><LI><a href="#[97]">&gt;&gt;</a>&nbsp;&nbsp;&nbsp;ble_stack_init
</UL>

<P><STRONG><a name="[2b]"></a>uart_event_handle</STRONG> (Thumb, 84 bytes, Stack size 16 bytes, main.o(i.uart_event_handle))
<BR><BR>[Stack]<UL><LI>Max Depth = 84<LI>Call Chain = uart_event_handle &rArr; app_uart_get &rArr; nrf_drv_uart_rx &rArr; nrf_drv_uart_rx_for_uart &rArr; rx_byte
</UL>
<BR>[Calls]<UL><LI><a href="#[a7]">&gt;&gt;</a>&nbsp;&nbsp;&nbsp;ble_nus_string_send
<LI><a href="#[78]">&gt;&gt;</a>&nbsp;&nbsp;&nbsp;app_uart_get
<LI><a href="#[4e]">&gt;&gt;</a>&nbsp;&nbsp;&nbsp;app_error_handler_bare
</UL>
<BR>[Address Reference Count : 1]<UL><LI> main.o(i.main)
</UL><P>
<H3>
Local Symbols
</H3>
<P><STRONG><a name="[27]"></a>ble_evt_dispatch</STRONG> (Thumb, 36 bytes, Stack size 8 bytes, main.o(i.ble_evt_dispatch))
<BR><BR>[Stack]<UL><LI>Max Depth = 304<LI>Call Chain = ble_evt_dispatch &rArr; ble_advertising_on_ble_evt &rArr; ble_advertising_start &rArr; ble_advdata_set &rArr; adv_data_encode &rArr; uuid_list_encode &rArr; uuid_list_sized_encode
</UL>
<BR>[Calls]<UL><LI><a href="#[93]">&gt;&gt;</a>&nbsp;&nbsp;&nbsp;bsp_btn_ble_on_ble_evt
<LI><a href="#[91]">&gt;&gt;</a>&nbsp;&nbsp;&nbsp;ble_nus_on_ble_evt
<LI><a href="#[8f]">&gt;&gt;</a>&nbsp;&nbsp;&nbsp;ble_conn_params_on_ble_evt
<LI><a href="#[86]">&gt;&gt;</a>&nbsp;&nbsp;&nbsp;ble_advertising_on_ble_evt
<LI><a href="#[92]">&gt;&gt;</a>&nbsp;&nbsp;&nbsp;on_ble_evt
</UL>
<BR>[Address Reference Count : 1]<UL><LI> main.o(i.ble_stack_init)
</UL>
<P><STRONG><a name="[97]"></a>ble_stack_init</STRONG> (Thumb, 94 bytes, Stack size 32 bytes, main.o(i.ble_stack_init))
<BR><BR>[Stack]<UL><LI>Max Depth = 56<LI>Call Chain = ble_stack_init &rArr; softdevice_handler_init &rArr; sd_nvic_EnableIRQ
</UL>
<BR>[Calls]<UL><LI><a href="#[98]">&gt;&gt;</a>&nbsp;&nbsp;&nbsp;softdevice_handler_init
<LI><a href="#[99]">&gt;&gt;</a>&nbsp;&nbsp;&nbsp;softdevice_enable_get_default_config
<LI><a href="#[9b]">&gt;&gt;</a>&nbsp;&nbsp;&nbsp;softdevice_enable
<LI><a href="#[9c]">&gt;&gt;</a>&nbsp;&nbsp;&nbsp;softdevice_ble_evt_handler_set
<LI><a href="#[9a]">&gt;&gt;</a>&nbsp;&nbsp;&nbsp;sd_check_ram_start
<LI><a href="#[4e]">&gt;&gt;</a>&nbsp;&nbsp;&nbsp;app_error_handler_bare
</UL>
<BR>[Called By]<UL><LI><a href="#[1f]">&gt;&gt;</a>&nbsp;&nbsp;&nbsp;main
</UL>

<P><STRONG><a name="[31]"></a>conn_params_error_handler</STRONG> (Thumb, 8 bytes, Stack size 8 bytes, main.o(i.conn_params_error_handler))
<BR><BR>[Stack]<UL><LI>Max Depth = 24<LI>Call Chain = conn_params_error_handler &rArr; app_error_handler_bare
</UL>
<BR>[Calls]<UL><LI><a href="#[4e]">&gt;&gt;</a>&nbsp;&nbsp;&nbsp;app_error_handler_bare
</UL>
<BR>[Address Reference Count : 1]<UL><LI> main.o(i.main)
</UL>
<P><STRONG><a name="[2e]"></a>nus_data_handler</STRONG> (Thumb, 38 bytes, Stack size 16 bytes, main.o(i.nus_data_handler))
<BR><BR>[Stack]<UL><LI>Max Depth = 56<LI>Call Chain = nus_data_handler &rArr; app_uart_put &rArr; nrf_drv_uart_tx &rArr; nrf_drv_uart_tx_for_uart
</UL>
<BR>[Calls]<UL><LI><a href="#[7f]">&gt;&gt;</a>&nbsp;&nbsp;&nbsp;app_uart_put
</UL>
<BR>[Address Reference Count : 1]<UL><LI> main.o(i.main)
</UL>
<P><STRONG><a name="[2f]"></a>on_adv_evt</STRONG> (Thumb, 32 bytes, Stack size 8 bytes, main.o(i.on_adv_evt))
<BR><BR>[Stack]<UL><LI>Max Depth = 88<LI>Call Chain = on_adv_evt &rArr; sleep_mode_enter &rArr; bsp_indication_set &rArr; bsp_led_indication &rArr; app_timer_start
</UL>
<BR>[Calls]<UL><LI><a href="#[a2]">&gt;&gt;</a>&nbsp;&nbsp;&nbsp;bsp_indication_set
<LI><a href="#[4e]">&gt;&gt;</a>&nbsp;&nbsp;&nbsp;app_error_handler_bare
<LI><a href="#[a1]">&gt;&gt;</a>&nbsp;&nbsp;&nbsp;sleep_mode_enter
</UL>
<BR>[Address Reference Count : 1]<UL><LI> main.o(i.main)
</UL>
<P><STRONG><a name="[92]"></a>on_ble_evt</STRONG> (Thumb, 96 bytes, Stack size 16 bytes, main.o(i.on_ble_evt))
<BR><BR>[Stack]<UL><LI>Max Depth = 88<LI>Call Chain = on_ble_evt &rArr; bsp_indication_set &rArr; bsp_led_indication &rArr; app_timer_start
</UL>
<BR>[Calls]<UL><LI><a href="#[a2]">&gt;&gt;</a>&nbsp;&nbsp;&nbsp;bsp_indication_set
<LI><a href="#[4e]">&gt;&gt;</a>&nbsp;&nbsp;&nbsp;app_error_handler_bare
</UL>
<BR>[Called By]<UL><LI><a href="#[27]">&gt;&gt;</a>&nbsp;&nbsp;&nbsp;ble_evt_dispatch
</UL>

<P><STRONG><a name="[30]"></a>on_conn_params_evt</STRONG> (Thumb, 26 bytes, Stack size 8 bytes, main.o(i.on_conn_params_evt))
<BR><BR>[Stack]<UL><LI>Max Depth = 24<LI>Call Chain = on_conn_params_evt &rArr; app_error_handler_bare
</UL>
<BR>[Calls]<UL><LI><a href="#[4e]">&gt;&gt;</a>&nbsp;&nbsp;&nbsp;app_error_handler_bare
</UL>
<BR>[Address Reference Count : 1]<UL><LI> main.o(i.main)
</UL>
<P><STRONG><a name="[a1]"></a>sleep_mode_enter</STRONG> (Thumb, 40 bytes, Stack size 8 bytes, main.o(i.sleep_mode_enter))
<BR><BR>[Stack]<UL><LI>Max Depth = 80<LI>Call Chain = sleep_mode_enter &rArr; bsp_indication_set &rArr; bsp_led_indication &rArr; app_timer_start
</UL>
<BR>[Calls]<UL><LI><a href="#[a2]">&gt;&gt;</a>&nbsp;&nbsp;&nbsp;bsp_indication_set
<LI><a href="#[9f]">&gt;&gt;</a>&nbsp;&nbsp;&nbsp;bsp_btn_ble_sleep_mode_prepare
<LI><a href="#[4e]">&gt;&gt;</a>&nbsp;&nbsp;&nbsp;app_error_handler_bare
</UL>
<BR>[Called By]<UL><LI><a href="#[2d]">&gt;&gt;</a>&nbsp;&nbsp;&nbsp;bsp_event_handler
<LI><a href="#[2f]">&gt;&gt;</a>&nbsp;&nbsp;&nbsp;on_adv_evt
</UL>

<P><STRONG><a name="[2a]"></a>alert_timer_handler</STRONG> (Thumb, 20 bytes, Stack size 0 bytes, bsp.o(i.alert_timer_handler))
<BR>[Address Reference Count : 1]<UL><LI> bsp.o(i.bsp_init)
</UL>
<P><STRONG><a name="[34]"></a>bsp_button_event_handler</STRONG> (Thumb, 148 bytes, Stack size 24 bytes, bsp.o(i.bsp_button_event_handler))
<BR><BR>[Stack]<UL><LI>Max Depth = 56<LI>Call Chain = bsp_button_event_handler &rArr; app_timer_start
</UL>
<BR>[Calls]<UL><LI><a href="#[77]">&gt;&gt;</a>&nbsp;&nbsp;&nbsp;app_timer_stop
<LI><a href="#[73]">&gt;&gt;</a>&nbsp;&nbsp;&nbsp;app_timer_start
</UL>
<BR>[Called By]<UL><LI><a href="#[28]">&gt;&gt;</a>&nbsp;&nbsp;&nbsp;button_timer_handler
</UL>
<BR>[Address Reference Count : 1]<UL><LI> bsp.o(.constdata)
</UL>
<P><STRONG><a name="[a3]"></a>bsp_led_indication</STRONG> (Thumb, 492 bytes, Stack size 32 bytes, bsp.o(i.bsp_led_indication))
<BR><BR>[Stack]<UL><LI>Max Depth = 64<LI>Call Chain = bsp_led_indication &rArr; app_timer_start
</UL>
<BR>[Calls]<UL><LI><a href="#[77]">&gt;&gt;</a>&nbsp;&nbsp;&nbsp;app_timer_stop
<LI><a href="#[a5]">&gt;&gt;</a>&nbsp;&nbsp;&nbsp;__ARM_common_switch8
<LI><a href="#[73]">&gt;&gt;</a>&nbsp;&nbsp;&nbsp;app_timer_start
<LI><a href="#[58]">&gt;&gt;</a>&nbsp;&nbsp;&nbsp;__aeabi_uidivmod
</UL>
<BR>[Called By]<UL><LI><a href="#[29]">&gt;&gt;</a>&nbsp;&nbsp;&nbsp;leds_timer_handler
<LI><a href="#[a2]">&gt;&gt;</a>&nbsp;&nbsp;&nbsp;bsp_indication_set
</UL>

<P><STRONG><a name="[28]"></a>button_timer_handler</STRONG> (Thumb, 12 bytes, Stack size 8 bytes, bsp.o(i.button_timer_handler))
<BR><BR>[Stack]<UL><LI>Max Depth = 64<LI>Call Chain = button_timer_handler &rArr; bsp_button_event_handler &rArr; app_timer_start
</UL>
<BR>[Calls]<UL><LI><a href="#[34]">&gt;&gt;</a>&nbsp;&nbsp;&nbsp;bsp_button_event_handler
</UL>
<BR>[Address Reference Count : 1]<UL><LI> bsp.o(i.bsp_init)
</UL>
<P><STRONG><a name="[29]"></a>leds_timer_handler</STRONG> (Thumb, 18 bytes, Stack size 8 bytes, bsp.o(i.leds_timer_handler))
<BR><BR>[Stack]<UL><LI>Max Depth = 72<LI>Call Chain = leds_timer_handler &rArr; bsp_led_indication &rArr; app_timer_start
</UL>
<BR>[Calls]<UL><LI><a href="#[a3]">&gt;&gt;</a>&nbsp;&nbsp;&nbsp;bsp_led_indication
</UL>
<BR>[Address Reference Count : 1]<UL><LI> bsp.o(i.bsp_init)
</UL>
<P><STRONG><a name="[62]"></a>advertising_buttons_configure</STRONG> (Thumb, 60 bytes, Stack size 8 bytes, bsp_btn_ble.o(i.advertising_buttons_configure))
<BR><BR>[Stack]<UL><LI>Max Depth = 24<LI>Call Chain = advertising_buttons_configure &rArr; bsp_event_to_button_action_assign
</UL>
<BR>[Calls]<UL><LI><a href="#[63]">&gt;&gt;</a>&nbsp;&nbsp;&nbsp;bsp_event_to_button_action_assign
</UL>
<BR>[Called By]<UL><LI><a href="#[93]">&gt;&gt;</a>&nbsp;&nbsp;&nbsp;bsp_btn_ble_on_ble_evt
<LI><a href="#[9d]">&gt;&gt;</a>&nbsp;&nbsp;&nbsp;bsp_btn_ble_init
</UL>

<P><STRONG><a name="[5b]"></a>ble_device_addr_encode</STRONG> (Thumb, 94 bytes, Stack size 24 bytes, ble_advdata.o(i.ble_device_addr_encode))
<BR><BR>[Stack]<UL><LI>Max Depth = 24<LI>Call Chain = ble_device_addr_encode
</UL>
<BR>[Calls]<UL><LI><a href="#[8e]">&gt;&gt;</a>&nbsp;&nbsp;&nbsp;__aeabi_memcpy
</UL>
<BR>[Called By]<UL><LI><a href="#[59]">&gt;&gt;</a>&nbsp;&nbsp;&nbsp;adv_data_encode
</UL>

<P><STRONG><a name="[5e]"></a>conn_int_encode</STRONG> (Thumb, 130 bytes, Stack size 24 bytes, ble_advdata.o(i.conn_int_encode))
<BR><BR>[Stack]<UL><LI>Max Depth = 24<LI>Call Chain = conn_int_encode
</UL>
<BR>[Calls]<UL><LI><a href="#[5c]">&gt;&gt;</a>&nbsp;&nbsp;&nbsp;uint16_encode
</UL>
<BR>[Called By]<UL><LI><a href="#[59]">&gt;&gt;</a>&nbsp;&nbsp;&nbsp;adv_data_encode
</UL>

<P><STRONG><a name="[5a]"></a>le_role_encode</STRONG> (Thumb, 84 bytes, Stack size 12 bytes, ble_advdata.o(i.le_role_encode))
<BR><BR>[Stack]<UL><LI>Max Depth = 12<LI>Call Chain = le_role_encode
</UL>
<BR>[Called By]<UL><LI><a href="#[59]">&gt;&gt;</a>&nbsp;&nbsp;&nbsp;adv_data_encode
</UL>

<P><STRONG><a name="[5f]"></a>manuf_specific_data_encode</STRONG> (Thumb, 104 bytes, Stack size 16 bytes, ble_advdata.o(i.manuf_specific_data_encode))
<BR><BR>[Stack]<UL><LI>Max Depth = 16<LI>Call Chain = manuf_specific_data_encode
</UL>
<BR>[Calls]<UL><LI><a href="#[5c]">&gt;&gt;</a>&nbsp;&nbsp;&nbsp;uint16_encode
<LI><a href="#[8e]">&gt;&gt;</a>&nbsp;&nbsp;&nbsp;__aeabi_memcpy
</UL>
<BR>[Called By]<UL><LI><a href="#[59]">&gt;&gt;</a>&nbsp;&nbsp;&nbsp;adv_data_encode
</UL>

<P><STRONG><a name="[61]"></a>name_encode</STRONG> (Thumb, 158 bytes, Stack size 24 bytes, ble_advdata.o(i.name_encode))
<BR><BR>[Stack]<UL><LI>Max Depth = 24<LI>Call Chain = name_encode
</UL>
<BR>[Called By]<UL><LI><a href="#[59]">&gt;&gt;</a>&nbsp;&nbsp;&nbsp;adv_data_encode
</UL>

<P><STRONG><a name="[60]"></a>service_data_encode</STRONG> (Thumb, 142 bytes, Stack size 40 bytes, ble_advdata.o(i.service_data_encode))
<BR><BR>[Stack]<UL><LI>Max Depth = 40<LI>Call Chain = service_data_encode
</UL>
<BR>[Calls]<UL><LI><a href="#[5c]">&gt;&gt;</a>&nbsp;&nbsp;&nbsp;uint16_encode
<LI><a href="#[8e]">&gt;&gt;</a>&nbsp;&nbsp;&nbsp;__aeabi_memcpy
</UL>
<BR>[Called By]<UL><LI><a href="#[59]">&gt;&gt;</a>&nbsp;&nbsp;&nbsp;adv_data_encode
</UL>

<P><STRONG><a name="[5c]"></a>uint16_encode</STRONG> (Thumb, 10 bytes, Stack size 0 bytes, ble_advdata.o(i.uint16_encode))
<BR><BR>[Called By]<UL><LI><a href="#[59]">&gt;&gt;</a>&nbsp;&nbsp;&nbsp;adv_data_encode
<LI><a href="#[60]">&gt;&gt;</a>&nbsp;&nbsp;&nbsp;service_data_encode
<LI><a href="#[5f]">&gt;&gt;</a>&nbsp;&nbsp;&nbsp;manuf_specific_data_encode
<LI><a href="#[5e]">&gt;&gt;</a>&nbsp;&nbsp;&nbsp;conn_int_encode
</UL>

<P><STRONG><a name="[5d]"></a>uuid_list_encode</STRONG> (Thumb, 48 bytes, Stack size 48 bytes, ble_advdata.o(i.uuid_list_encode))
<BR><BR>[Stack]<UL><LI>Max Depth = 96<LI>Call Chain = uuid_list_encode &rArr; uuid_list_sized_encode
</UL>
<BR>[Calls]<UL><LI><a href="#[c3]">&gt;&gt;</a>&nbsp;&nbsp;&nbsp;uuid_list_sized_encode
</UL>
<BR>[Called By]<UL><LI><a href="#[59]">&gt;&gt;</a>&nbsp;&nbsp;&nbsp;adv_data_encode
</UL>

<P><STRONG><a name="[c3]"></a>uuid_list_sized_encode</STRONG> (Thumb, 174 bytes, Stack size 48 bytes, ble_advdata.o(i.uuid_list_sized_encode))
<BR><BR>[Stack]<UL><LI>Max Depth = 48<LI>Call Chain = uuid_list_sized_encode
</UL>
<BR>[Called By]<UL><LI><a href="#[5d]">&gt;&gt;</a>&nbsp;&nbsp;&nbsp;uuid_list_encode
</UL>

<P><STRONG><a name="[84]"></a>ble_advertising_peer_address_clear</STRONG> (Thumb, 12 bytes, Stack size 8 bytes, ble_advertising.o(i.ble_advertising_peer_address_clear))
<BR><BR>[Stack]<UL><LI>Max Depth = 8<LI>Call Chain = ble_advertising_peer_address_clear
</UL>
<BR>[Calls]<UL><LI><a href="#[85]">&gt;&gt;</a>&nbsp;&nbsp;&nbsp;__aeabi_memclr4
</UL>
<BR>[Called By]<UL><LI><a href="#[87]">&gt;&gt;</a>&nbsp;&nbsp;&nbsp;ble_advertising_start
<LI><a href="#[83]">&gt;&gt;</a>&nbsp;&nbsp;&nbsp;ble_advertising_init
</UL>

<P><STRONG><a name="[8b]"></a>peer_address_exists</STRONG> (Thumb, 22 bytes, Stack size 0 bytes, ble_advertising.o(i.peer_address_exists))
<BR><BR>[Called By]<UL><LI><a href="#[87]">&gt;&gt;</a>&nbsp;&nbsp;&nbsp;ble_advertising_start
</UL>

<P><STRONG><a name="[8c]"></a>whitelist_has_entries</STRONG> (Thumb, 16 bytes, Stack size 0 bytes, ble_advertising.o(i.whitelist_has_entries))
<BR><BR>[Called By]<UL><LI><a href="#[87]">&gt;&gt;</a>&nbsp;&nbsp;&nbsp;ble_advertising_start
</UL>

<P><STRONG><a name="[90]"></a>conn_params_negotiation</STRONG> (Thumb, 92 bytes, Stack size 24 bytes, ble_conn_params.o(i.conn_params_negotiation))
<BR><BR>[Stack]<UL><LI>Max Depth = 56<LI>Call Chain = conn_params_negotiation &rArr; app_timer_start
</UL>
<BR>[Calls]<UL><LI><a href="#[a9]">&gt;&gt;</a>&nbsp;&nbsp;&nbsp;is_conn_params_ok
<LI><a href="#[73]">&gt;&gt;</a>&nbsp;&nbsp;&nbsp;app_timer_start
</UL>
<BR>[Called By]<UL><LI><a href="#[8f]">&gt;&gt;</a>&nbsp;&nbsp;&nbsp;ble_conn_params_on_ble_evt
</UL>

<P><STRONG><a name="[a9]"></a>is_conn_params_ok</STRONG> (Thumb, 24 bytes, Stack size 0 bytes, ble_conn_params.o(i.is_conn_params_ok))
<BR><BR>[Called By]<UL><LI><a href="#[90]">&gt;&gt;</a>&nbsp;&nbsp;&nbsp;conn_params_negotiation
</UL>

<P><STRONG><a name="[26]"></a>update_timeout_handler</STRONG> (Thumb, 86 bytes, Stack size 16 bytes, ble_conn_params.o(i.update_timeout_handler))
<BR><BR>[Stack]<UL><LI>Max Depth = 16<LI>Call Chain = update_timeout_handler
</UL>
<BR>[Address Reference Count : 1]<UL><LI> ble_conn_params.o(i.ble_conn_params_init)
</UL>
<P><STRONG><a name="[95]"></a>rx_char_add</STRONG> (Thumb, 158 bytes, Stack size 80 bytes, ble_nus.o(i.rx_char_add))
<BR><BR>[Stack]<UL><LI>Max Depth = 80<LI>Call Chain = rx_char_add
</UL>
<BR>[Calls]<UL><LI><a href="#[85]">&gt;&gt;</a>&nbsp;&nbsp;&nbsp;__aeabi_memclr4
</UL>
<BR>[Called By]<UL><LI><a href="#[94]">&gt;&gt;</a>&nbsp;&nbsp;&nbsp;ble_nus_init
</UL>

<P><STRONG><a name="[96]"></a>tx_char_add</STRONG> (Thumb, 128 bytes, Stack size 72 bytes, ble_nus.o(i.tx_char_add))
<BR><BR>[Stack]<UL><LI>Max Depth = 72<LI>Call Chain = tx_char_add
</UL>
<BR>[Calls]<UL><LI><a href="#[85]">&gt;&gt;</a>&nbsp;&nbsp;&nbsp;__aeabi_memclr4
</UL>
<BR>[Called By]<UL><LI><a href="#[94]">&gt;&gt;</a>&nbsp;&nbsp;&nbsp;ble_nus_init
</UL>

<P><STRONG><a name="[25]"></a>uart_event_handler</STRONG> (Thumb, 166 bytes, Stack size 24 bytes, app_uart_fifo.o(i.uart_event_handler))
<BR><BR>[Stack]<UL><LI>Max Depth = 84<LI>Call Chain = uart_event_handler &rArr; nrf_drv_uart_rx &rArr; nrf_drv_uart_rx_for_uart &rArr; rx_byte
</UL>
<BR>[Calls]<UL><LI><a href="#[81]">&gt;&gt;</a>&nbsp;&nbsp;&nbsp;nrf_drv_uart_tx
<LI><a href="#[79]">&gt;&gt;</a>&nbsp;&nbsp;&nbsp;nrf_drv_uart_rx
<LI><a href="#[6e]">&gt;&gt;</a>&nbsp;&nbsp;&nbsp;app_fifo_put
<LI><a href="#[6c]">&gt;&gt;</a>&nbsp;&nbsp;&nbsp;app_fifo_get
</UL>
<BR>[Address Reference Count : 1]<UL><LI> app_uart_fifo.o(i.app_uart_init)
</UL>
<P><STRONG><a name="[b2]"></a>channel_free</STRONG> (Thumb, 22 bytes, Stack size 0 bytes, nrf_drv_gpiote.o(i.channel_free))
<BR><BR>[Called By]<UL><LI><a href="#[68]">&gt;&gt;</a>&nbsp;&nbsp;&nbsp;nrf_drv_gpiote_init
</UL>

<P><STRONG><a name="[b0]"></a>channel_port_alloc</STRONG> (Thumb, 66 bytes, Stack size 20 bytes, nrf_drv_gpiote.o(i.channel_port_alloc))
<BR><BR>[Stack]<UL><LI>Max Depth = 20<LI>Call Chain = channel_port_alloc
</UL>
<BR>[Called By]<UL><LI><a href="#[69]">&gt;&gt;</a>&nbsp;&nbsp;&nbsp;nrf_drv_gpiote_in_init
</UL>

<P><STRONG><a name="[4a]"></a>channel_port_get</STRONG> (Thumb, 10 bytes, Stack size 0 bytes, nrf_drv_gpiote.o(i.channel_port_get))
<BR><BR>[Called By]<UL><LI><a href="#[65]">&gt;&gt;</a>&nbsp;&nbsp;&nbsp;nrf_drv_gpiote_in_event_enable
<LI><a href="#[b]">&gt;&gt;</a>&nbsp;&nbsp;&nbsp;GPIOTE_IRQHandler
</UL>

<P><STRONG><a name="[b1]"></a>nrf_gpio_cfg</STRONG> (Thumb, 32 bytes, Stack size 12 bytes, nrf_drv_gpiote.o(i.nrf_gpio_cfg))
<BR><BR>[Stack]<UL><LI>Max Depth = 12<LI>Call Chain = nrf_gpio_cfg
</UL>
<BR>[Called By]<UL><LI><a href="#[69]">&gt;&gt;</a>&nbsp;&nbsp;&nbsp;nrf_drv_gpiote_in_init
</UL>

<P><STRONG><a name="[4b]"></a>nrf_gpio_cfg_sense_set</STRONG> (Thumb, 26 bytes, Stack size 0 bytes, nrf_drv_gpiote.o(i.nrf_gpio_cfg_sense_set))
<BR><BR>[Called By]<UL><LI><a href="#[65]">&gt;&gt;</a>&nbsp;&nbsp;&nbsp;nrf_drv_gpiote_in_event_enable
<LI><a href="#[b]">&gt;&gt;</a>&nbsp;&nbsp;&nbsp;GPIOTE_IRQHandler
</UL>

<P><STRONG><a name="[49]"></a>nrf_gpiote_event_is_set</STRONG> (Thumb, 14 bytes, Stack size 0 bytes, nrf_drv_gpiote.o(i.nrf_gpiote_event_is_set))
<BR><BR>[Called By]<UL><LI><a href="#[b]">&gt;&gt;</a>&nbsp;&nbsp;&nbsp;GPIOTE_IRQHandler
</UL>

<P><STRONG><a name="[ae]"></a>pin_in_use_by_port</STRONG> (Thumb, 20 bytes, Stack size 0 bytes, nrf_drv_gpiote.o(i.pin_in_use_by_port))
<BR><BR>[Called By]<UL><LI><a href="#[65]">&gt;&gt;</a>&nbsp;&nbsp;&nbsp;nrf_drv_gpiote_in_event_enable
</UL>

<P><STRONG><a name="[af]"></a>pin_in_use_by_te</STRONG> (Thumb, 20 bytes, Stack size 0 bytes, nrf_drv_gpiote.o(i.pin_in_use_by_te))
<BR><BR>[Called By]<UL><LI><a href="#[65]">&gt;&gt;</a>&nbsp;&nbsp;&nbsp;nrf_drv_gpiote_in_event_enable
</UL>

<P><STRONG><a name="[b6]"></a>nrf_drv_uart_rx_for_uart</STRONG> (Thumb, 144 bytes, Stack size 24 bytes, nrf_drv_uart.o(i.nrf_drv_uart_rx_for_uart))
<BR><BR>[Stack]<UL><LI>Max Depth = 36<LI>Call Chain = nrf_drv_uart_rx_for_uart &rArr; rx_byte
</UL>
<BR>[Calls]<UL><LI><a href="#[b7]">&gt;&gt;</a>&nbsp;&nbsp;&nbsp;rx_enable
<LI><a href="#[b9]">&gt;&gt;</a>&nbsp;&nbsp;&nbsp;rx_byte
<LI><a href="#[b8]">&gt;&gt;</a>&nbsp;&nbsp;&nbsp;nrf_uart_event_check
</UL>
<BR>[Called By]<UL><LI><a href="#[79]">&gt;&gt;</a>&nbsp;&nbsp;&nbsp;nrf_drv_uart_rx
</UL>

<P><STRONG><a name="[ba]"></a>nrf_drv_uart_tx_for_uart</STRONG> (Thumb, 108 bytes, Stack size 24 bytes, nrf_drv_uart.o(i.nrf_drv_uart_tx_for_uart))
<BR><BR>[Stack]<UL><LI>Max Depth = 24<LI>Call Chain = nrf_drv_uart_tx_for_uart
</UL>
<BR>[Calls]<UL><LI><a href="#[bb]">&gt;&gt;</a>&nbsp;&nbsp;&nbsp;tx_byte
<LI><a href="#[b8]">&gt;&gt;</a>&nbsp;&nbsp;&nbsp;nrf_uart_event_check
</UL>
<BR>[Called By]<UL><LI><a href="#[81]">&gt;&gt;</a>&nbsp;&nbsp;&nbsp;nrf_drv_uart_tx
</UL>

<P><STRONG><a name="[bc]"></a>nrf_gpio_cfg</STRONG> (Thumb, 32 bytes, Stack size 12 bytes, nrf_drv_uart.o(i.nrf_gpio_cfg))
<BR><BR>[Stack]<UL><LI>Max Depth = 12<LI>Call Chain = nrf_gpio_cfg
</UL>
<BR>[Called By]<UL><LI><a href="#[b4]">&gt;&gt;</a>&nbsp;&nbsp;&nbsp;nrf_gpio_cfg_output
<LI><a href="#[b5]">&gt;&gt;</a>&nbsp;&nbsp;&nbsp;nrf_gpio_cfg_input
</UL>

<P><STRONG><a name="[b5]"></a>nrf_gpio_cfg_input</STRONG> (Thumb, 18 bytes, Stack size 16 bytes, nrf_drv_uart.o(i.nrf_gpio_cfg_input))
<BR><BR>[Stack]<UL><LI>Max Depth = 28<LI>Call Chain = nrf_gpio_cfg_input &rArr; nrf_gpio_cfg
</UL>
<BR>[Calls]<UL><LI><a href="#[bc]">&gt;&gt;</a>&nbsp;&nbsp;&nbsp;nrf_gpio_cfg
</UL>
<BR>[Called By]<UL><LI><a href="#[7d]">&gt;&gt;</a>&nbsp;&nbsp;&nbsp;nrf_drv_uart_init
</UL>

<P><STRONG><a name="[b4]"></a>nrf_gpio_cfg_output</STRONG> (Thumb, 20 bytes, Stack size 16 bytes, nrf_drv_uart.o(i.nrf_gpio_cfg_output))
<BR><BR>[Stack]<UL><LI>Max Depth = 28<LI>Call Chain = nrf_gpio_cfg_output &rArr; nrf_gpio_cfg
</UL>
<BR>[Calls]<UL><LI><a href="#[bc]">&gt;&gt;</a>&nbsp;&nbsp;&nbsp;nrf_gpio_cfg
</UL>
<BR>[Called By]<UL><LI><a href="#[7d]">&gt;&gt;</a>&nbsp;&nbsp;&nbsp;nrf_drv_uart_init
</UL>

<P><STRONG><a name="[b8]"></a>nrf_uart_event_check</STRONG> (Thumb, 10 bytes, Stack size 0 bytes, nrf_drv_uart.o(i.nrf_uart_event_check))
<BR><BR>[Called By]<UL><LI><a href="#[51]">&gt;&gt;</a>&nbsp;&nbsp;&nbsp;uart_irq_handler
<LI><a href="#[ba]">&gt;&gt;</a>&nbsp;&nbsp;&nbsp;nrf_drv_uart_tx_for_uart
<LI><a href="#[b6]">&gt;&gt;</a>&nbsp;&nbsp;&nbsp;nrf_drv_uart_rx_for_uart
</UL>

<P><STRONG><a name="[c0]"></a>nrf_uart_int_enable_check</STRONG> (Thumb, 16 bytes, Stack size 0 bytes, nrf_drv_uart.o(i.nrf_uart_int_enable_check))
<BR><BR>[Called By]<UL><LI><a href="#[51]">&gt;&gt;</a>&nbsp;&nbsp;&nbsp;uart_irq_handler
</UL>

<P><STRONG><a name="[b9]"></a>rx_byte</STRONG> (Thumb, 42 bytes, Stack size 12 bytes, nrf_drv_uart.o(i.rx_byte))
<BR><BR>[Stack]<UL><LI>Max Depth = 12<LI>Call Chain = rx_byte
</UL>
<BR>[Called By]<UL><LI><a href="#[51]">&gt;&gt;</a>&nbsp;&nbsp;&nbsp;uart_irq_handler
<LI><a href="#[b6]">&gt;&gt;</a>&nbsp;&nbsp;&nbsp;nrf_drv_uart_rx_for_uart
</UL>

<P><STRONG><a name="[c1]"></a>rx_done_event</STRONG> (Thumb, 22 bytes, Stack size 24 bytes, nrf_drv_uart.o(i.rx_done_event))
<BR><BR>[Stack]<UL><LI>Max Depth = 24<LI>Call Chain = rx_done_event
</UL>
<BR>[Called By]<UL><LI><a href="#[51]">&gt;&gt;</a>&nbsp;&nbsp;&nbsp;uart_irq_handler
</UL>

<P><STRONG><a name="[b7]"></a>rx_enable</STRONG> (Thumb, 22 bytes, Stack size 0 bytes, nrf_drv_uart.o(i.rx_enable))
<BR><BR>[Called By]<UL><LI><a href="#[b6]">&gt;&gt;</a>&nbsp;&nbsp;&nbsp;nrf_drv_uart_rx_for_uart
<LI><a href="#[7e]">&gt;&gt;</a>&nbsp;&nbsp;&nbsp;nrf_drv_uart_rx_enable
</UL>

<P><STRONG><a name="[bb]"></a>tx_byte</STRONG> (Thumb, 30 bytes, Stack size 0 bytes, nrf_drv_uart.o(i.tx_byte))
<BR><BR>[Called By]<UL><LI><a href="#[51]">&gt;&gt;</a>&nbsp;&nbsp;&nbsp;uart_irq_handler
<LI><a href="#[ba]">&gt;&gt;</a>&nbsp;&nbsp;&nbsp;nrf_drv_uart_tx_for_uart
</UL>

<P><STRONG><a name="[c2]"></a>tx_done_event</STRONG> (Thumb, 26 bytes, Stack size 24 bytes, nrf_drv_uart.o(i.tx_done_event))
<BR><BR>[Stack]<UL><LI>Max Depth = 24<LI>Call Chain = tx_done_event
</UL>
<BR>[Called By]<UL><LI><a href="#[51]">&gt;&gt;</a>&nbsp;&nbsp;&nbsp;uart_irq_handler
</UL>

<P><STRONG><a name="[51]"></a>uart_irq_handler</STRONG> (Thumb, 278 bytes, Stack size 40 bytes, nrf_drv_uart.o(i.uart_irq_handler))
<BR><BR>[Stack]<UL><LI>Max Depth = 64<LI>Call Chain = uart_irq_handler &rArr; tx_done_event
</UL>
<BR>[Calls]<UL><LI><a href="#[c2]">&gt;&gt;</a>&nbsp;&nbsp;&nbsp;tx_done_event
<LI><a href="#[bb]">&gt;&gt;</a>&nbsp;&nbsp;&nbsp;tx_byte
<LI><a href="#[c1]">&gt;&gt;</a>&nbsp;&nbsp;&nbsp;rx_done_event
<LI><a href="#[b9]">&gt;&gt;</a>&nbsp;&nbsp;&nbsp;rx_byte
<LI><a href="#[c0]">&gt;&gt;</a>&nbsp;&nbsp;&nbsp;nrf_uart_int_enable_check
<LI><a href="#[b8]">&gt;&gt;</a>&nbsp;&nbsp;&nbsp;nrf_uart_event_check
</UL>
<BR>[Called By]<UL><LI><a href="#[8]">&gt;&gt;</a>&nbsp;&nbsp;&nbsp;UART0_IRQHandler
</UL>

<P><STRONG><a name="[24]"></a>detection_delay_timeout_handler</STRONG> (Thumb, 90 bytes, Stack size 24 bytes, app_button.o(i.detection_delay_timeout_handler))
<BR><BR>[Stack]<UL><LI>Max Depth = 24<LI>Call Chain = detection_delay_timeout_handler
</UL>
<BR>[Calls]<UL><LI><a href="#[aa]">&gt;&gt;</a>&nbsp;&nbsp;&nbsp;nrf_drv_gpiote_in_is_set
</UL>
<BR>[Address Reference Count : 1]<UL><LI> app_button.o(i.app_button_init)
</UL>
<P><STRONG><a name="[23]"></a>gpiote_event_handler</STRONG> (Thumb, 72 bytes, Stack size 24 bytes, app_button.o(i.gpiote_event_handler))
<BR><BR>[Stack]<UL><LI>Max Depth = 56<LI>Call Chain = gpiote_event_handler &rArr; app_timer_start
</UL>
<BR>[Calls]<UL><LI><a href="#[77]">&gt;&gt;</a>&nbsp;&nbsp;&nbsp;app_timer_stop
<LI><a href="#[73]">&gt;&gt;</a>&nbsp;&nbsp;&nbsp;app_timer_start
<LI><a href="#[aa]">&gt;&gt;</a>&nbsp;&nbsp;&nbsp;nrf_drv_gpiote_in_is_set
</UL>
<BR>[Address Reference Count : 1]<UL><LI> app_button.o(i.app_button_init)
</UL>
<P><STRONG><a name="[6d]"></a>fifo_get</STRONG> (Thumb, 20 bytes, Stack size 0 bytes, app_fifo.o(i.fifo_get))
<BR><BR>[Called By]<UL><LI><a href="#[6c]">&gt;&gt;</a>&nbsp;&nbsp;&nbsp;app_fifo_get
</UL>

<P><STRONG><a name="[6f]"></a>fifo_put</STRONG> (Thumb, 18 bytes, Stack size 0 bytes, app_fifo.o(i.fifo_put))
<BR><BR>[Called By]<UL><LI><a href="#[6e]">&gt;&gt;</a>&nbsp;&nbsp;&nbsp;app_fifo_put
</UL>

<P><STRONG><a name="[72]"></a>NVIC_SetPriority</STRONG> (Thumb, 60 bytes, Stack size 0 bytes, app_timer.o(i.NVIC_SetPriority))
<BR><BR>[Called By]<UL><LI><a href="#[70]">&gt;&gt;</a>&nbsp;&nbsp;&nbsp;app_timer_init
</UL>

<P><STRONG><a name="[a8]"></a>compare_reg_update</STRONG> (Thumb, 142 bytes, Stack size 24 bytes, app_timer.o(i.compare_reg_update))
<BR><BR>[Stack]<UL><LI>Max Depth = 40<LI>Call Chain = compare_reg_update &rArr; rtc1_stop
</UL>
<BR>[Calls]<UL><LI><a href="#[37]">&gt;&gt;</a>&nbsp;&nbsp;&nbsp;__asm___11_app_timer_c_cd27f9c3__nrf_delay_us
<LI><a href="#[71]">&gt;&gt;</a>&nbsp;&nbsp;&nbsp;rtc1_stop
</UL>
<BR>[Called By]<UL><LI><a href="#[4d]">&gt;&gt;</a>&nbsp;&nbsp;&nbsp;timer_list_handler
</UL>

<P><STRONG><a name="[be]"></a>elapsed_ticks_acquire</STRONG> (Thumb, 58 bytes, Stack size 8 bytes, app_timer.o(i.elapsed_ticks_acquire))
<BR><BR>[Stack]<UL><LI>Max Depth = 8<LI>Call Chain = elapsed_ticks_acquire
</UL>
<BR>[Called By]<UL><LI><a href="#[4d]">&gt;&gt;</a>&nbsp;&nbsp;&nbsp;timer_list_handler
</UL>

<P><STRONG><a name="[bf]"></a>list_deletions_handler</STRONG> (Thumb, 180 bytes, Stack size 24 bytes, app_timer.o(i.list_deletions_handler))
<BR><BR>[Stack]<UL><LI>Max Depth = 24<LI>Call Chain = list_deletions_handler
</UL>
<BR>[Called By]<UL><LI><a href="#[4d]">&gt;&gt;</a>&nbsp;&nbsp;&nbsp;timer_list_handler
</UL>

<P><STRONG><a name="[ab]"></a>list_insertions_handler</STRONG> (Thumb, 202 bytes, Stack size 24 bytes, app_timer.o(i.list_insertions_handler))
<BR><BR>[Stack]<UL><LI>Max Depth = 32<LI>Call Chain = list_insertions_handler &rArr; timer_list_insert
</UL>
<BR>[Calls]<UL><LI><a href="#[ac]">&gt;&gt;</a>&nbsp;&nbsp;&nbsp;timer_list_insert
</UL>
<BR>[Called By]<UL><LI><a href="#[4d]">&gt;&gt;</a>&nbsp;&nbsp;&nbsp;timer_list_handler
</UL>

<P><STRONG><a name="[71]"></a>rtc1_stop</STRONG> (Thumb, 50 bytes, Stack size 16 bytes, app_timer.o(i.rtc1_stop))
<BR><BR>[Stack]<UL><LI>Max Depth = 16<LI>Call Chain = rtc1_stop
</UL>
<BR>[Calls]<UL><LI><a href="#[37]">&gt;&gt;</a>&nbsp;&nbsp;&nbsp;__asm___11_app_timer_c_cd27f9c3__nrf_delay_us
</UL>
<BR>[Called By]<UL><LI><a href="#[70]">&gt;&gt;</a>&nbsp;&nbsp;&nbsp;app_timer_init
<LI><a href="#[a8]">&gt;&gt;</a>&nbsp;&nbsp;&nbsp;compare_reg_update
</UL>

<P><STRONG><a name="[4d]"></a>timer_list_handler</STRONG> (Thumb, 128 bytes, Stack size 32 bytes, app_timer.o(i.timer_list_handler))
<BR><BR>[Stack]<UL><LI>Max Depth = 72<LI>Call Chain = timer_list_handler &rArr; compare_reg_update &rArr; rtc1_stop
</UL>
<BR>[Calls]<UL><LI><a href="#[ab]">&gt;&gt;</a>&nbsp;&nbsp;&nbsp;list_insertions_handler
<LI><a href="#[bf]">&gt;&gt;</a>&nbsp;&nbsp;&nbsp;list_deletions_handler
<LI><a href="#[be]">&gt;&gt;</a>&nbsp;&nbsp;&nbsp;elapsed_ticks_acquire
<LI><a href="#[a8]">&gt;&gt;</a>&nbsp;&nbsp;&nbsp;compare_reg_update
</UL>
<BR>[Called By]<UL><LI><a href="#[19]">&gt;&gt;</a>&nbsp;&nbsp;&nbsp;SWI0_IRQHandler
</UL>

<P><STRONG><a name="[76]"></a>timer_list_handler_sched</STRONG> (Thumb, 10 bytes, Stack size 0 bytes, app_timer.o(i.timer_list_handler_sched))
<BR><BR>[Called By]<UL><LI><a href="#[77]">&gt;&gt;</a>&nbsp;&nbsp;&nbsp;app_timer_stop
<LI><a href="#[73]">&gt;&gt;</a>&nbsp;&nbsp;&nbsp;app_timer_start
<LI><a href="#[4c]">&gt;&gt;</a>&nbsp;&nbsp;&nbsp;timer_timeouts_check
</UL>

<P><STRONG><a name="[ac]"></a>timer_list_insert</STRONG> (Thumb, 60 bytes, Stack size 8 bytes, app_timer.o(i.timer_list_insert))
<BR><BR>[Stack]<UL><LI>Max Depth = 8<LI>Call Chain = timer_list_insert
</UL>
<BR>[Called By]<UL><LI><a href="#[ab]">&gt;&gt;</a>&nbsp;&nbsp;&nbsp;list_insertions_handler
</UL>

<P><STRONG><a name="[4c]"></a>timer_timeouts_check</STRONG> (Thumb, 118 bytes, Stack size 24 bytes, app_timer.o(i.timer_timeouts_check))
<BR><BR>[Stack]<UL><LI>Max Depth = 40<LI>Call Chain = timer_timeouts_check &rArr; app_error_handler_bare
</UL>
<BR>[Calls]<UL><LI><a href="#[4e]">&gt;&gt;</a>&nbsp;&nbsp;&nbsp;app_error_handler_bare
<LI><a href="#[76]">&gt;&gt;</a>&nbsp;&nbsp;&nbsp;timer_list_handler_sched
</UL>
<BR>[Called By]<UL><LI><a href="#[16]">&gt;&gt;</a>&nbsp;&nbsp;&nbsp;RTC1_IRQHandler
</UL>

<P><STRONG><a name="[74]"></a>user_id_get</STRONG> (Thumb, 76 bytes, Stack size 0 bytes, app_timer.o(i.user_id_get))
<BR><BR>[Called By]<UL><LI><a href="#[77]">&gt;&gt;</a>&nbsp;&nbsp;&nbsp;app_timer_stop
<LI><a href="#[73]">&gt;&gt;</a>&nbsp;&nbsp;&nbsp;app_timer_start
</UL>

<P><STRONG><a name="[75]"></a>user_op_alloc</STRONG> (Thumb, 38 bytes, Stack size 0 bytes, app_timer.o(i.user_op_alloc))
<BR><BR>[Called By]<UL><LI><a href="#[77]">&gt;&gt;</a>&nbsp;&nbsp;&nbsp;app_timer_stop
<LI><a href="#[73]">&gt;&gt;</a>&nbsp;&nbsp;&nbsp;app_timer_start
</UL>

<P><STRONG><a name="[bd]"></a>sd_nvic_EnableIRQ</STRONG> (Thumb, 116 bytes, Stack size 8 bytes, softdevice_handler.o(i.sd_nvic_EnableIRQ))
<BR><BR>[Stack]<UL><LI>Max Depth = 8<LI>Call Chain = sd_nvic_EnableIRQ
</UL>
<BR>[Called By]<UL><LI><a href="#[98]">&gt;&gt;</a>&nbsp;&nbsp;&nbsp;softdevice_handler_init
</UL>

<P><STRONG><a name="[50]"></a>is_manual_peripheral_setup_needed</STRONG> (Thumb, 66 bytes, Stack size 0 bytes, system_nrf51.o(i.is_manual_peripheral_setup_needed))
<BR><BR>[Called By]<UL><LI><a href="#[20]">&gt;&gt;</a>&nbsp;&nbsp;&nbsp;SystemInit
</UL>

<P><STRONG><a name="[54]"></a>_fp_digits</STRONG> (Thumb, 316 bytes, Stack size 56 bytes, printfa.o(i._fp_digits), UNUSED)
<BR><BR>[Calls]<UL><LI><a href="#[3b]">&gt;&gt;</a>&nbsp;&nbsp;&nbsp;__aeabi_uldivmod
<LI><a href="#[44]">&gt;&gt;</a>&nbsp;&nbsp;&nbsp;__aeabi_dmul
<LI><a href="#[45]">&gt;&gt;</a>&nbsp;&nbsp;&nbsp;__aeabi_ddiv
<LI><a href="#[3e]">&gt;&gt;</a>&nbsp;&nbsp;&nbsp;__aeabi_dadd
<LI><a href="#[46]">&gt;&gt;</a>&nbsp;&nbsp;&nbsp;__aeabi_d2ulz
<LI><a href="#[55]">&gt;&gt;</a>&nbsp;&nbsp;&nbsp;__aeabi_cdrcmple
</UL>
<BR>[Called By]<UL><LI><a href="#[53]">&gt;&gt;</a>&nbsp;&nbsp;&nbsp;_printf_core
</UL>

<P><STRONG><a name="[53]"></a>_printf_core</STRONG> (Thumb, 1754 bytes, Stack size 128 bytes, printfa.o(i._printf_core), UNUSED)
<BR><BR>[Calls]<UL><LI><a href="#[3b]">&gt;&gt;</a>&nbsp;&nbsp;&nbsp;__aeabi_uldivmod
<LI><a href="#[56]">&gt;&gt;</a>&nbsp;&nbsp;&nbsp;_printf_pre_padding
<LI><a href="#[57]">&gt;&gt;</a>&nbsp;&nbsp;&nbsp;_printf_post_padding
<LI><a href="#[54]">&gt;&gt;</a>&nbsp;&nbsp;&nbsp;_fp_digits
<LI><a href="#[58]">&gt;&gt;</a>&nbsp;&nbsp;&nbsp;__aeabi_uidivmod
</UL>
<BR>[Called By]<UL><LI><a href="#[52]">&gt;&gt;</a>&nbsp;&nbsp;&nbsp;__0printf
</UL>

<P><STRONG><a name="[57]"></a>_printf_post_padding</STRONG> (Thumb, 32 bytes, Stack size 24 bytes, printfa.o(i._printf_post_padding), UNUSED)
<BR><BR>[Called By]<UL><LI><a href="#[53]">&gt;&gt;</a>&nbsp;&nbsp;&nbsp;_printf_core
</UL>

<P><STRONG><a name="[56]"></a>_printf_pre_padding</STRONG> (Thumb, 44 bytes, Stack size 40 bytes, printfa.o(i._printf_pre_padding), UNUSED)
<BR><BR>[Called By]<UL><LI><a href="#[53]">&gt;&gt;</a>&nbsp;&nbsp;&nbsp;_printf_core
</UL>
<P>
<H3>
Undefined Global Symbols
</H3><HR></body></html>
