Component: ARM Compiler 5.06 update 1 (build 61) Tool: armlink [4d35a8]

==============================================================================

Section Cross References

    main.o(i.ble_nus_c_evt_handler) refers to user_ble.o(i.scan_start) for scan_start
    main.o(i.ble_nus_c_evt_handler) refers to ble_nus_c.o(i.ble_nus_c_handles_assign) for ble_nus_c_handles_assign
    main.o(i.ble_nus_c_evt_handler) refers to app_error.o(i.app_error_handler_bare) for app_error_handler_bare
    main.o(i.ble_nus_c_evt_handler) refers to ble_nus_c.o(i.ble_nus_c_rx_notif_enable) for ble_nus_c_rx_notif_enable
    main.o(i.ble_nus_c_evt_handler) refers to printfa.o(i.__0printf) for __2printf
    main.o(i.ble_nus_c_evt_handler) refers to app_uart_fifo.o(i.app_uart_put) for app_uart_put
    main.o(i.ble_nus_c_evt_handler) refers to memcpya.o(.text) for __aeabi_memcpy
    main.o(i.ble_nus_c_evt_handler) refers to user_ble.o(.bss) for user_m_ble_nus_c
    main.o(i.ble_nus_c_evt_handler) refers to main.o(.data) for .data
    main.o(i.ble_nus_c_evt_handler) refers to main.o(.bss) for .bss
    main.o(i.ble_to_tcps) refers to w5500.o(i.WIZCHIP_READ) for WIZCHIP_READ
    main.o(i.ble_to_tcps) refers to printfa.o(i.__0sprintf) for __2sprintf
    main.o(i.ble_to_tcps) refers to strlen.o(.text) for strlen
    main.o(i.ble_to_tcps) refers to socket.o(i.send) for send
    main.o(i.ble_to_tcps) refers to socket.o(i.close) for close
    main.o(i.ble_to_tcps) refers to main.o(.data) for .data
    main.o(i.ble_to_tcps) refers to user_ble.o(.bss) for user_m_ble_nus_c
    main.o(i.ble_to_tcps) refers to main.o(.bss) for .bss
    main.o(i.bsp_event_handler) refers to bsp.o(i.bsp_indication_set) for bsp_indication_set
    main.o(i.bsp_event_handler) refers to app_error.o(i.app_error_handler_bare) for app_error_handler_bare
    main.o(i.bsp_event_handler) refers to bsp_btn_ble.o(i.bsp_btn_ble_sleep_mode_prepare) for bsp_btn_ble_sleep_mode_prepare
    main.o(i.bsp_event_handler) refers to user_ble.o(.bss) for user_m_ble_nus_c
    main.o(i.main) refers to app_timer.o(i.app_timer_init) for app_timer_init
    main.o(i.main) refers to app_error.o(i.app_error_handler_bare) for app_error_handler_bare
    main.o(i.main) refers to user_uart.o(i.uart_init) for uart_init
    main.o(i.main) refers to bsp.o(i.bsp_init) for bsp_init
    main.o(i.main) refers to bsp_btn_ble.o(i.bsp_btn_ble_init) for bsp_btn_ble_init
    main.o(i.main) refers to user_ble.o(i.db_discovery_init) for db_discovery_init
    main.o(i.main) refers to user_ble.o(i.ble_stack_init) for ble_stack_init
    main.o(i.main) refers to user_ble.o(i.nus_c_init) for nus_c_init
    main.o(i.main) refers to user_spi.o(i.spi0_master_init) for spi0_master_init
    main.o(i.main) refers to user_ethernet.o(i.user_ethernet_init) for user_ethernet_init
    main.o(i.main) refers to app_timer.o(i.app_timer_create) for app_timer_create
    main.o(i.main) refers to app_timer.o(i.app_timer_start) for app_timer_start
    main.o(i.main) refers to user_ble.o(i.scan_start) for scan_start
    main.o(i.main) refers to printfa.o(i.__0printf) for __2printf
    main.o(i.main) refers to main.o(.bss) for .bss
    main.o(i.main) refers to main.o(i.uart_event_handle) for uart_event_handle
    main.o(i.main) refers to main.o(i.bsp_event_handler) for bsp_event_handler
    main.o(i.main) refers to main.o(i.ble_nus_c_evt_handler) for ble_nus_c_evt_handler
    main.o(i.main) refers to main.o(i.tcp_con_timer) for tcp_con_timer
    main.o(i.main) refers to main.o(.constdata) for .constdata
    main.o(i.main) refers to main.o(i.ble_to_tcps) for ble_to_tcps
    main.o(i.main) refers to main.o(i.tcps_to_ble) for tcps_to_ble
    main.o(i.tcp_con_timer) refers to w5500.o(i.WIZCHIP_READ) for WIZCHIP_READ
    main.o(i.tcp_con_timer) refers to printfa.o(i.__0printf) for __2printf
    main.o(i.tcp_con_timer) refers to socket.o(i.disconnect) for disconnect
    main.o(i.tcp_con_timer) refers to socket.o(i.connect) for connect
    main.o(i.tcp_con_timer) refers to socket.o(i.send) for send
    main.o(i.tcp_con_timer) refers to socket.o(i.close) for close
    main.o(i.tcp_con_timer) refers to socket.o(i.socket) for socket
    main.o(i.tcp_con_timer) refers to main.o(.data) for .data
    main.o(i.tcps_to_ble) refers to w5500.o(i.getSn_RX_RSR) for getSn_RX_RSR
    main.o(i.tcps_to_ble) refers to socket.o(i.recv) for recv
    main.o(i.tcps_to_ble) refers to socket.o(i.close) for close
    main.o(i.tcps_to_ble) refers to ble_nus_c.o(i.ble_nus_c_string_send) for ble_nus_c_string_send
    main.o(i.tcps_to_ble) refers to user_ble.o(.bss) for user_m_ble_nus_c
    main.o(i.uart_event_handle) refers to app_error.o(i.app_error_handler_bare) for app_error_handler_bare
    main.o(i.uart_event_handle) refers to app_uart_fifo.o(i.app_uart_get) for app_uart_get
    main.o(i.uart_event_handle) refers to ble_nus_c.o(i.ble_nus_c_string_send) for ble_nus_c_string_send
    main.o(i.uart_event_handle) refers to main.o(.bss) for .bss
[...]
    i.ble_stack_init                         0x0001cc34   Section        0  user_ble.o(i.ble_stack_init)
    i.ble_to_tcps                            0x0001cca4   Section        0  main.o(i.ble_to_tcps)
    i.bsp_btn_ble_init                       0x0001cd3c   Section        0  bsp_btn_ble.o(i.bsp_btn_ble_init)
    i.bsp_btn_ble_on_ble_evt                 0x0001cd90   Section        0  bsp_btn_ble.o(i.bsp_btn_ble_on_ble_evt)
    i.bsp_btn_ble_sleep_mode_prepare         0x0001ce08   Section        0  bsp_btn_ble.o(i.bsp_btn_ble_sleep_mode_prepare)
    i.bsp_button_event_handler               0x0001ce1c   Section        0  bsp.o(i.bsp_button_event_handler)
    bsp_button_event_handler                 0x0001ce1d   Thumb Code   148  bsp.o(i.bsp_button_event_handler)
    i.bsp_button_is_pressed                  0x0001cebc   Section        0  bsp.o(i.bsp_button_is_pressed)
    i.bsp_event_handler                      0x0001cee8   Section        0  main.o(i.bsp_event_handler)
    i.bsp_event_to_button_action_assign      0x0001cf2c   Section        0  bsp.o(i.bsp_event_to_button_action_assign)
    i.bsp_indication_set                     0x0001cf74   Section        0  bsp.o(i.bsp_indication_set)
    i.bsp_init                               0x0001cf90   Section        0  bsp.o(i.bsp_init)
    i.bsp_led_indication                     0x0001d030   Section        0  bsp.o(i.bsp_led_indication)
    bsp_led_indication                       0x0001d031   Thumb Code   492  bsp.o(i.bsp_led_indication)
    i.bsp_wakeup_buttons_set                 0x0001d228   Section        0  bsp.o(i.bsp_wakeup_buttons_set)
    i.button_timer_handler                   0x0001d264   Section        0  bsp.o(i.button_timer_handler)
    button_timer_handler                     0x0001d265   Thumb Code    12  bsp.o(i.button_timer_handler)
    i.channel_free                           0x0001d270   Section        0  nrf_drv_gpiote.o(i.channel_free)
    channel_free                             0x0001d271   Thumb Code    22  nrf_drv_gpiote.o(i.channel_free)
    i.channel_port_alloc                     0x0001d28c   Section        0  nrf_drv_gpiote.o(i.channel_port_alloc)
    channel_port_alloc                       0x0001d28d   Thumb Code    66  nrf_drv_gpiote.o(i.channel_port_alloc)
    i.channel_port_get                       0x0001d2d4   Section        0  nrf_drv_gpiote.o(i.channel_port_get)
    channel_port_get                         0x0001d2d5   Thumb Code    10  nrf_drv_gpiote.o(i.channel_port_get)
    i.characteristics_discover               0x0001d2e4   Section        0  ble_db_discovery.o(i.characteristics_discover)
    characteristics_discover                 0x0001d2e5   Thumb Code    62  ble_db_discovery.o(i.characteristics_discover)
    i.close                                  0x0001d324   Section        0  socket.o(i.close)
    i.compare_reg_update                     0x0001d394   Section        0  app_timer.o(i.compare_reg_update)
    compare_reg_update                       0x0001d395   Thumb Code   142  app_timer.o(i.compare_reg_update)
    i.connect                                0x0001d43c   Section        0  socket.o(i.connect)
    i.ctlnetwork                             0x0001d540   Section        0  wizchip_conf.o(i.ctlnetwork)
    i.ctlwizchip                             0x0001d58c   Section        0  wizchip_conf.o(i.ctlwizchip)
    i.db_disc_handler                        0x0001d66c   Section        0  user_ble.o(i.db_disc_handler)
    i.db_discovery_init                      0x0001d67c   Section        0  user_ble.o(i.db_discovery_init)
    i.descriptors_discover                   0x0001d694   Section        0  ble_db_discovery.o(i.descriptors_discover)
    descriptors_discover                     0x0001d695   Thumb Code   132  ble_db_discovery.o(i.descriptors_discover)
    i.detection_delay_timeout_handler        0x0001d718   Section        0  app_button.o(i.detection_delay_timeout_handler)
    detection_delay_timeout_handler          0x0001d719   Thumb Code    90  app_button.o(i.detection_delay_timeout_handler)
    i.disconnect                             0x0001d778   Section        0  socket.o(i.disconnect)
    i.discovery_complete_evt_trigger         0x0001d800   Section        0  ble_db_discovery.o(i.discovery_complete_evt_trigger)
    discovery_complete_evt_trigger           0x0001d801   Thumb Code   132  ble_db_discovery.o(i.discovery_complete_evt_trigger)
    i.discovery_error_evt_trigger            0x0001d88c   Section        0  ble_db_discovery.o(i.discovery_error_evt_trigger)
    discovery_error_evt_trigger              0x0001d88d   Thumb Code    44  ble_db_discovery.o(i.discovery_error_evt_trigger)
    i.elapsed_ticks_acquire                  0x0001d8b8   Section        0  app_timer.o(i.elapsed_ticks_acquire)
    elapsed_ticks_acquire                    0x0001d8b9   Thumb Code    58  app_timer.o(i.elapsed_ticks_acquire)
    i.fifo_get                               0x0001d8f8   Section        0  app_fifo.o(i.fifo_get)
    fifo_get                                 0x0001d8f9   Thumb Code    20  app_fifo.o(i.fifo_get)
    i.fifo_put                               0x0001d90c   Section        0  app_fifo.o(i.fifo_put)
    fifo_put                                 0x0001d90d   Thumb Code    18  app_fifo.o(i.fifo_put)
    i.fputc                                  0x0001d91e   Section        0  retarget.o(i.fputc)
    i.getSn_RX_RSR                           0x0001d92c   Section        0  w5500.o(i.getSn_RX_RSR)
    i.getSn_TX_FSR                           0x0001d978   Section        0  w5500.o(i.getSn_TX_FSR)
    i.gpiote_event_handler                   0x0001d9c4   Section        0  app_button.o(i.gpiote_event_handler)
    gpiote_event_handler                     0x0001d9c5   Thumb Code    72  app_button.o(i.gpiote_event_handler)
    i.intern_softdevice_events_execute       0x0001da14   Section        0  softdevice_handler.o(i.intern_softdevice_events_execute)
    i.is_desc_discovery_reqd                 0x0001da8c   Section        0  ble_db_discovery.o(i.is_desc_discovery_reqd)
    is_desc_discovery_reqd                   0x0001da8d   Thumb Code    68  ble_db_discovery.o(i.is_desc_discovery_reqd)
    i.is_manual_peripheral_setup_needed      0x0001dad0   Section        0  system_nrf51.o(i.is_manual_peripheral_setup_needed)
    is_manual_peripheral_setup_needed        0x0001dad1   Thumb Code    66  system_nrf51.o(i.is_manual_peripheral_setup_needed)
    i.is_uuid_present                        0x0001db18   Section        0  user_ble.o(i.is_uuid_present)
    is_uuid_present                          0x0001db19   Thumb Code   226  user_ble.o(i.is_uuid_present)
    i.leds_timer_handler                     0x0001dbfc   Section        0  bsp.o(i.leds_timer_handler)
    leds_timer_handler                       0x0001dbfd   Thumb Code    18  bsp.o(i.leds_timer_handler)
    i.list_deletions_handler                 0x0001dc14   Section        0  app_timer.o(i.list_deletions_handler)
    list_deletions_handler                   0x0001dc15   Thumb Code   180  app_timer.o(i.list_deletions_handler)
    i.list_insertions_handler                0x0001dcd0   Section        0  app_timer.o(i.list_insertions_handler)
    list_insertions_handler                  0x0001dcd1   Thumb Code   202  app_timer.o(i.list_insertions_handler)
    i.main                                   0x0001dda4   Section        0  main.o(i.main)
    i.network_init                           0x0001debc   Section        0  user_ethernet.o(i.network_init)
    i.nrf_drv_common_irq_enable              0x0001dff4   Section        0  nrf_drv_common.o(i.nrf_drv_common_irq_enable)
    i.nrf_drv_gpiote_in_event_enable         0x0001e054   Section        0  nrf_drv_gpiote.o(i.nrf_drv_gpiote_in_event_enable)
    i.nrf_drv_gpiote_in_init                 0x0001e0f4   Section        0  nrf_drv_gpiote.o(i.nrf_drv_gpiote_in_init)
    i.nrf_drv_gpiote_in_is_set               0x0001e198   Section        0  nrf_drv_gpiote.o(i.nrf_drv_gpiote_in_is_set)
    i.nrf_drv_gpiote_init                    0x0001e1ac   Section        0  nrf_drv_gpiote.o(i.nrf_drv_gpiote_init)
    i.nrf_drv_gpiote_is_init                 0x0001e200   Section        0  nrf_drv_gpiote.o(i.nrf_drv_gpiote_is_init)
    i.nrf_drv_uart_init                      0x0001e210   Section        0  nrf_drv_uart.o(i.nrf_drv_uart_init)
    i.nrf_drv_uart_rx                        0x0001e2d8   Section        0  nrf_drv_uart.o(i.nrf_drv_uart_rx)
    i.nrf_drv_uart_rx_enable                 0x0001e324   Section        0  nrf_drv_uart.o(i.nrf_drv_uart_rx_enable)
    i.nrf_drv_uart_rx_for_uart               0x0001e33c   Section        0  nrf_drv_uart.o(i.nrf_drv_uart_rx_for_uart)
    nrf_drv_uart_rx_for_uart                 0x0001e33d   Thumb Code   144  nrf_drv_uart.o(i.nrf_drv_uart_rx_for_uart)
    i.nrf_drv_uart_tx                        0x0001e3d8   Section        0  nrf_drv_uart.o(i.nrf_drv_uart_tx)
    i.nrf_drv_uart_tx_for_uart               0x0001e3fc   Section        0  nrf_drv_uart.o(i.nrf_drv_uart_tx_for_uart)
    nrf_drv_uart_tx_for_uart                 0x0001e3fd   Thumb Code   108  nrf_drv_uart.o(i.nrf_drv_uart_tx_for_uart)
    i.nrf_drv_uart_tx_in_progress            0x0001e470   Section        0  nrf_drv_uart.o(i.nrf_drv_uart_tx_in_progress)
    i.nrf_gpio_cfg                           0x0001e480   Section        0  nrf_drv_gpiote.o(i.nrf_gpio_cfg)
    nrf_gpio_cfg                             0x0001e481   Thumb Code    32  nrf_drv_gpiote.o(i.nrf_gpio_cfg)
    i.nrf_gpio_cfg                           0x0001e4a4   Section        0  nrf_drv_uart.o(i.nrf_gpio_cfg)
    nrf_gpio_cfg                             0x0001e4a5   Thumb Code    32  nrf_drv_uart.o(i.nrf_gpio_cfg)
    i.nrf_gpio_cfg                           0x0001e4c8   Section        0  user_spi.o(i.nrf_gpio_cfg)
    nrf_gpio_cfg                             0x0001e4c9   Thumb Code    32  user_spi.o(i.nrf_gpio_cfg)
    i.nrf_gpio_cfg_input                     0x0001e4ec   Section        0  nrf_drv_uart.o(i.nrf_gpio_cfg_input)
    nrf_gpio_cfg_input                       0x0001e4ed   Thumb Code    18  nrf_drv_uart.o(i.nrf_gpio_cfg_input)
    i.nrf_gpio_cfg_output                    0x0001e4fe   Section        0  nrf_drv_uart.o(i.nrf_gpio_cfg_output)
    nrf_gpio_cfg_output                      0x0001e4ff   Thumb Code    20  nrf_drv_uart.o(i.nrf_gpio_cfg_output)
    i.nrf_gpio_cfg_output                    0x0001e512   Section        0  user_spi.o(i.nrf_gpio_cfg_output)
    nrf_gpio_cfg_output                      0x0001e513   Thumb Code    20  user_spi.o(i.nrf_gpio_cfg_output)
    i.nrf_gpio_cfg_sense_set                 0x0001e528   Section        0  nrf_drv_gpiote.o(i.nrf_gpio_cfg_sense_set)
    nrf_gpio_cfg_sense_set                   0x0001e529   Thumb Code    26  nrf_drv_gpiote.o(i.nrf_gpio_cfg_sense_set)
    i.nrf_gpiote_event_is_set                0x0001e548   Section        0  nrf_drv_gpiote.o(i.nrf_gpiote_event_is_set)
    nrf_gpiote_event_is_set                  0x0001e549   Thumb Code    14  nrf_drv_gpiote.o(i.nrf_gpiote_event_is_set)
    i.nrf_uart_event_check                   0x0001e55c   Section        0  nrf_drv_uart.o(i.nrf_uart_event_check)
    nrf_uart_event_check                     0x0001e55d   Thumb Code    10  nrf_drv_uart.o(i.nrf_uart_event_check)
    i.nrf_uart_int_enable_check              0x0001e566   Section        0  nrf_drv_uart.o(i.nrf_uart_int_enable_check)
    nrf_uart_int_enable_check                0x0001e567   Thumb Code    16  nrf_drv_uart.o(i.nrf_uart_int_enable_check)
    i.nus_c_init                             0x0001e578   Section        0  user_ble.o(i.nus_c_init)
    i.on_ble_evt                             0x0001e5a0   Section        0  user_ble.o(i.on_ble_evt)
    on_ble_evt                               0x0001e5a1   Thumb Code   150  user_ble.o(i.on_ble_evt)
    i.on_characteristic_discovery_rsp        0x0001e640   Section        0  ble_db_discovery.o(i.on_characteristic_discovery_rsp)
    on_characteristic_discovery_rsp          0x0001e641   Thumb Code   236  ble_db_discovery.o(i.on_characteristic_discovery_rsp)
    i.on_descriptor_discovery_rsp            0x0001e730   Section        0  ble_db_discovery.o(i.on_descriptor_discovery_rsp)
    on_descriptor_discovery_rsp              0x0001e731   Thumb Code   184  ble_db_discovery.o(i.on_descriptor_discovery_rsp)
    i.on_primary_srv_discovery_rsp           0x0001e7f0   Section        0  ble_db_discovery.o(i.on_primary_srv_discovery_rsp)
    on_primary_srv_discovery_rsp             0x0001e7f1   Thumb Code   108  ble_db_discovery.o(i.on_primary_srv_discovery_rsp)
    i.on_srv_disc_completion                 0x0001e860   Section        0  ble_db_discovery.o(i.on_srv_disc_completion)
    on_srv_disc_completion                   0x0001e861   Thumb Code    98  ble_db_discovery.o(i.on_srv_disc_completion)
    i.pin_in_use_by_port                     0x0001e8cc   Section        0  nrf_drv_gpiote.o(i.pin_in_use_by_port)
    pin_in_use_by_port                       0x0001e8cd   Thumb Code    20  nrf_drv_gpiote.o(i.pin_in_use_by_port)
    i.pin_in_use_by_te                       0x0001e8e4   Section        0  nrf_drv_gpiote.o(i.pin_in_use_by_te)
    pin_in_use_by_te                         0x0001e8e5   Thumb Code    20  nrf_drv_gpiote.o(i.pin_in_use_by_te)
    i.recv                                   0x0001e8fc   Section        0  socket.o(i.recv)
    i.reg_wizchip_cs_cbfunc                  0x0001e9e4   Section        0  wizchip_conf.o(i.reg_wizchip_cs_cbfunc)
    i.reg_wizchip_spi_cbfunc                 0x0001ea0c   Section        0  wizchip_conf.o(i.reg_wizchip_spi_cbfunc)
    i.registered_handler_get                 0x0001ea3c   Section        0  ble_db_discovery.o(i.registered_handler_get)
    registered_handler_get                   0x0001ea3d   Thumb Code    46  ble_db_discovery.o(i.registered_handler_get)
    i.rtc1_stop                              0x0001ea74   Section        0  app_timer.o(i.rtc1_stop)
    rtc1_stop                                0x0001ea75   Thumb Code    50  app_timer.o(i.rtc1_stop)
    i.rx_byte                                0x0001eab8   Section        0  nrf_drv_uart.o(i.rx_byte)
    rx_byte                                  0x0001eab9   Thumb Code    42  nrf_drv_uart.o(i.rx_byte)
    i.rx_done_event                          0x0001eaf0   Section        0  nrf_drv_uart.o(i.rx_done_event)
    rx_done_event                            0x0001eaf1   Thumb Code    22  nrf_drv_uart.o(i.rx_done_event)
    i.rx_enable                              0x0001eb0c   Section        0  nrf_drv_uart.o(i.rx_enable)
    rx_enable                                0x0001eb0d   Thumb Code    22  nrf_drv_uart.o(i.rx_enable)
    i.scan_start                             0x0001eb28   Section        0  user_ble.o(i.scan_start)
    i.sd_check_ram_start                     0x0001eb4c   Section        0  softdevice_handler.o(i.sd_check_ram_start)
    i.sd_nvic_EnableIRQ                      0x0001eb5c   Section        0  softdevice_handler.o(i.sd_nvic_EnableIRQ)
    sd_nvic_EnableIRQ                        0x0001eb5d   Thumb Code   116  softdevice_handler.o(i.sd_nvic_EnableIRQ)
    i.send                                   0x0001ebe8   Section        0  socket.o(i.send)
    i.socket                                 0x0001ecf4   Section        0  socket.o(i.socket)
    i.softdevice_ble_evt_handler_set         0x0001ee0c   Section        0  softdevice_handler.o(i.softdevice_ble_evt_handler_set)
    i.softdevice_enable                      0x0001ee20   Section        0  softdevice_handler.o(i.softdevice_enable)
    i.softdevice_enable_get_default_config   0x0001ee34   Section        0  softdevice_handler.o(i.softdevice_enable_get_default_config)
    i.softdevice_fault_handler               0x0001ee5c   Section        0  softdevice_handler.o(i.softdevice_fault_handler)
    i.softdevice_handler_init                0x0001ee64   Section        0  softdevice_handler.o(i.softdevice_handler_init)
    i.spi0_master_init                       0x0001ee98   Section        0  user_spi.o(i.spi0_master_init)
    i.spi_master_init                        0x0001eeb0   Section        0  user_spi.o(i.spi_master_init)
    i.spi_master_rx                          0x0001ef50   Section        0  user_spi.o(i.spi_master_rx)
    i.spi_master_tx                          0x0001efac   Section        0  user_spi.o(i.spi_master_tx)
    i.tcp_con_timer                          0x0001f00c   Section        0  main.o(i.tcp_con_timer)
    i.tcps_to_ble                            0x0001f154   Section        0  main.o(i.tcps_to_ble)
    i.timer_list_handler                     0x0001f1bc   Section        0  app_timer.o(i.timer_list_handler)
    timer_list_handler                       0x0001f1bd   Thumb Code   128  app_timer.o(i.timer_list_handler)
    i.timer_list_handler_sched               0x0001f240   Section        0  app_timer.o(i.timer_list_handler_sched)
    timer_list_handler_sched                 0x0001f241   Thumb Code    10  app_timer.o(i.timer_list_handler_sched)
    i.timer_list_insert                      0x0001f250   Section        0  app_timer.o(i.timer_list_insert)
    timer_list_insert                        0x0001f251   Thumb Code    60  app_timer.o(i.timer_list_insert)
    i.timer_timeouts_check                   0x0001f290   Section        0  app_timer.o(i.timer_timeouts_check)
    timer_timeouts_check                     0x0001f291   Thumb Code   118  app_timer.o(i.timer_timeouts_check)
    i.tx_byte                                0x0001f310   Section        0  nrf_drv_uart.o(i.tx_byte)
    tx_byte                                  0x0001f311   Thumb Code    30  nrf_drv_uart.o(i.tx_byte)
    i.tx_done_event                          0x0001f33c   Section        0  nrf_drv_uart.o(i.tx_done_event)
    tx_done_event                            0x0001f33d   Thumb Code    26  nrf_drv_uart.o(i.tx_done_event)
    i.uart_event_handle                      0x0001f35c   Section        0  main.o(i.uart_event_handle)
    i.uart_event_handler                     0x0001f3b4   Section        0  app_uart_fifo.o(i.uart_event_handler)
    uart_event_handler                       0x0001f3b5   Thumb Code   166  app_uart_fifo.o(i.uart_event_handler)
    i.uart_init                              0x0001f464   Section        0  user_uart.o(i.uart_init)
    i.uart_irq_handler                       0x0001f4a8   Section        0  nrf_drv_uart.o(i.uart_irq_handler)
    uart_irq_handler                         0x0001f4a9   Thumb Code   278  nrf_drv_uart.o(i.uart_irq_handler)
    i.user_ethernet_init                     0x0001f5d0   Section        0  user_ethernet.o(i.user_ethernet_init)
    i.user_id_get                            0x0001f6c4   Section        0  app_timer.o(i.user_id_get)
    user_id_get                              0x0001f6c5   Thumb Code    76  app_timer.o(i.user_id_get)
    i.user_op_alloc                          0x0001f718   Section        0  app_timer.o(i.user_op_alloc)
    user_op_alloc                            0x0001f719   Thumb Code    38  app_timer.o(i.user_op_alloc)
    i.wiz_recv_data                          0x0001f740   Section        0  w5500.o(i.wiz_recv_data)
    i.wiz_send_data                          0x0001f794   Section        0  w5500.o(i.wiz_send_data)
    i.wizchip_bus_readdata                   0x0001f7e8   Section        0  wizchip_conf.o(i.wizchip_bus_readdata)
    i.wizchip_bus_writedata                  0x0001f7ec   Section        0  wizchip_conf.o(i.wizchip_bus_writedata)
    i.wizchip_clrinterrupt                   0x0001f7f0   Section        0  wizchip_conf.o(i.wizchip_clrinterrupt)
    i.wizchip_cris_enter                     0x0001f80e   Section        0  wizchip_conf.o(i.wizchip_cris_enter)
    i.wizchip_cris_exit                      0x0001f810   Section        0  wizchip_conf.o(i.wizchip_cris_exit)
    i.wizchip_cs_deselect                    0x0001f812   Section        0  wizchip_conf.o(i.wizchip_cs_deselect)
    i.wizchip_cs_select                      0x0001f814   Section        0  wizchip_conf.o(i.wizchip_cs_select)
    i.wizchip_deselect                       0x0001f818   Section        0  user_ethernet.o(i.wizchip_deselect)
    i.wizchip_getinterrupt                   0x0001f828   Section        0  wizchip_conf.o(i.wizchip_getinterrupt)
    i.wizchip_getinterruptmask               0x0001f846   Section        0  wizchip_conf.o(i.wizchip_getinterruptmask)
    i.wizchip_getnetinfo                     0x0001f864   Section        0  wizchip_conf.o(i.wizchip_getnetinfo)
    i.wizchip_getnetmode                     0x0001f8bc   Section        0  wizchip_conf.o(i.wizchip_getnetmode)
    i.wizchip_gettimeout                     0x0001f8c6   Section        0  wizchip_conf.o(i.wizchip_gettimeout)
    i.wizchip_init                           0x0001f8ec   Section        0  wizchip_conf.o(i.wizchip_init)
    i.wizchip_read                           0x0001f968   Section        0  user_ethernet.o(i.wizchip_read)
    i.wizchip_select                         0x0001f97c   Section        0  user_ethernet.o(i.wizchip_select)
    i.wizchip_setinterruptmask               0x0001f98c   Section        0  wizchip_conf.o(i.wizchip_setinterruptmask)
    i.wizchip_setnetinfo                     0x0001f9a8   Section        0  wizchip_conf.o(i.wizchip_setnetinfo)
    i.wizchip_setnetmode                     0x0001fa00   Section        0  wizchip_conf.o(i.wizchip_setnetmode)
    i.wizchip_settimeout                     0x0001fa24   Section        0  wizchip_conf.o(i.wizchip_settimeout)
    i.wizchip_spi_readbyte                   0x0001fa4a   Section        0  wizchip_conf.o(i.wizchip_spi_readbyte)
    i.wizchip_spi_writebyte                  0x0001fa4e   Section        0  wizchip_conf.o(i.wizchip_spi_writebyte)
    i.wizchip_sw_reset                       0x0001fa50   Section        0  wizchip_conf.o(i.wizchip_sw_reset)
    i.wizchip_write                          0x0001fac4   Section        0  user_ethernet.o(i.wizchip_write)
    i.wizphy_getphyconf                      0x0001fad2   Section        0  wizchip_conf.o(i.wizphy_getphyconf)
    i.wizphy_getphylink                      0x0001fb20   Section        0  wizchip_conf.o(i.wizphy_getphylink)
    i.wizphy_getphypmode                     0x0001fb32   Section        0  wizchip_conf.o(i.wizphy_getphypmode)
    i.wizphy_reset                           0x0001fb4a   Section        0  wizchip_conf.o(i.wizphy_reset)
    i.wizphy_setphyconf                      0x0001fb72   Section        0  wizchip_conf.o(i.wizphy_setphyconf)
    i.wizphy_setphypmode                     0x0001fbb4   Section        0  wizchip_conf.o(i.wizphy_setphypmode)
    .constdata                               0x0001fc08   Section       12  main.o(.constdata)
    tcp_con_timer_id                         0x0001fc08   Data           4  main.o(.constdata)
    ble_to_tcps_timer_id                     0x0001fc0c   Data           4  main.o(.constdata)
    tcps_to_ble_timer_id                     0x0001fc10   Data           4  main.o(.constdata)
    .constdata                               0x0001fc14   Section       60  bsp.o(.constdata)
    m_leds_timer_id                          0x0001fc14   Data           4  bsp.o(.constdata)
    m_alert_timer_id                         0x0001fc18   Data           4  bsp.o(.constdata)
    m_button_timer_id                        0x0001fc1c   Data           4  bsp.o(.constdata)
    m_buttons_list                           0x0001fc20   Data          16  bsp.o(.constdata)
    app_buttons                              0x0001fc30   Data          32  bsp.o(.constdata)
    .constdata                               0x0001fc50   Section       40  ble_nus_c.o(.constdata)
    .constdata                               0x0001fc78   Section       32  app_uart_fifo.o(.constdata)
    .constdata                               0x0001fc98   Section       32  nrf_drv_uart.o(.constdata)
    m_default_config                         0x0001fc98   Data          32  nrf_drv_uart.o(.constdata)
    .constdata                               0x0001fcb8   Section        8  app_button.o(.constdata)
    m_detection_delay_timer_id               0x0001fcb8   Data           4  app_button.o(.constdata)
    .constdata                               0x0001fcc0   Section       32  user_ble.o(.constdata)
    .constdata                               0x0001fce0   Section       12  user_uart.o(.constdata)
    .constdata                               0x0001fcec   Section       16  user_ethernet.o(.constdata)
    .constdata                               0x0001fcfc   Section        6  user_spi.o(.constdata)
    .data                                    0x20001eb0   Section       12  main.o(.data)
    data_in_flag                             0x20001eb0   Data           1  main.o(.data)
    index                                    0x20001eb1   Data           1  main.o(.data)
    ble_input_data_len                       0x20001eb2   Data           1  main.o(.data)
    .data                                    0x20001ebc   Section       24  bsp.o(.data)
    m_stable_state                           0x20001ebc   Data           1  bsp.o(.data)
    current_long_push_pin_no                 0x20001ebd   Data           1  bsp.o(.data)
    m_app_ticks_per_100ms                    0x20001ec0   Data           4  bsp.o(.data)
    m_indication_type                        0x20001ec4   Data           4  bsp.o(.data)
    m_alert_mask                             0x20001ec8   Data           4  bsp.o(.data)
    m_registered_callback                    0x20001ecc   Data           4  bsp.o(.data)
    release_event_at_push                    0x20001ed0   Data           4  bsp.o(.data)
    .data                                    0x20001ed4   Section        8  bsp_btn_ble.o(.data)
    m_error_handler                          0x20001ed4   Data           4  bsp_btn_ble.o(.data)
    m_num_connections                        0x20001ed8   Data           4  bsp_btn_ble.o(.data)
    .data                                    0x20001edc   Section       16  ble_db_discovery.o(.data)
    m_initialized                            0x20001edc   Data           1  ble_db_discovery.o(.data)
    m_evt_handler                            0x20001ee0   Data           4  ble_db_discovery.o(.data)
    m_pending_usr_evt_index                  0x20001ee4   Data           4  ble_db_discovery.o(.data)
    m_num_of_handlers_reg                    0x20001ee8   Data           4  ble_db_discovery.o(.data)
    .data                                    0x20001eec   Section        8  app_uart_fifo.o(.data)
    tx_buffer                                0x20001eec   Data           1  app_uart_fifo.o(.data)
    rx_buffer                                0x20001eed   Data           1  app_uart_fifo.o(.data)
    m_event_handler                          0x20001ef0   Data           4  app_uart_fifo.o(.data)
    .data                                    0x20001ef4   Section       20  app_button.o(.data)
    m_button_count                           0x20001ef4   Data           1  app_button.o(.data)
    mp_buttons                               0x20001ef8   Data           4  app_button.o(.data)
    m_detection_delay                        0x20001efc   Data           4  app_button.o(.data)
    m_pin_state                              0x20001f00   Data           4  app_button.o(.data)
    m_pin_transition                         0x20001f04   Data           4  app_button.o(.data)
    .data                                    0x20001f08   Section       32  app_timer.o(.data)
    m_user_array_size                        0x20001f08   Data           1  app_timer.o(.data)
    m_ticks_elapsed_q_read_ind               0x20001f09   Data           1  app_timer.o(.data)
    m_ticks_elapsed_q_write_ind              0x20001f0a   Data           1  app_timer.o(.data)
    m_rtc1_running                           0x20001f0b   Data           1  app_timer.o(.data)
    m_rtc1_reset                             0x20001f0c   Data           1  app_timer.o(.data)
    mp_users                                 0x20001f10   Data           4  app_timer.o(.data)
    mp_timer_id_head                         0x20001f14   Data           4  app_timer.o(.data)
    m_ticks_latest                           0x20001f18   Data           4  app_timer.o(.data)
    m_evt_schedule_func                      0x20001f1c   Data           4  app_timer.o(.data)
    m_ticks_elapsed                          0x20001f20   Data           8  app_timer.o(.data)
    .data                                    0x20001f28   Section        4  retarget.o(.data)
    .data                                    0x20001f2c   Section       28  softdevice_handler.o(.data)
    m_softdevice_enabled                     0x20001f2c   Data           1  softdevice_handler.o(.data)
    m_ble_evt_buffer_size                    0x20001f2e   Data           2  softdevice_handler.o(.data)
    m_evt_schedule_func                      0x20001f30   Data           4  softdevice_handler.o(.data)
    mp_ble_evt_buffer                        0x20001f34   Data           4  softdevice_handler.o(.data)
    m_ble_evt_handler                        0x20001f38   Data           4  softdevice_handler.o(.data)
    m_sys_evt_handler                        0x20001f3c   Data           4  softdevice_handler.o(.data)
    .data                                    0x20001f48   Section       23  user_ethernet.o(.data)
    .data                                    0x20001f60   Section       12  user_spi.o(.data)
    SPI                                      0x20001f60   Data           4  user_spi.o(.data)
    spi_base                                 0x20001f64   Data           8  user_spi.o(.data)
    .data                                    0x20001f6c   Section       14  socket.o(.data)
    sock_any_port                            0x20001f6c   Data           2  socket.o(.data)
    sock_io_mode                             0x20001f6e   Data           2  socket.o(.data)
    sock_is_sending                          0x20001f70   Data           2  socket.o(.data)
    .data                                    0x20001f7c   Section       48  wizchip_conf.o(.data)
    _DHCP_                                   0x20001f7c   Data           1  wizchip_conf.o(.data)
    _DNS_                                    0x20001f7d   Data           4  wizchip_conf.o(.data)
    .data                                    0x20001fac   Section        4  system_nrf51.o(.data)
    __tagsym$$used                           0x20001fac   Number         0  system_nrf51.o(.data)
    .bss                                     0x20001fb0   Section       32  main.o(.bss)
    tcp_con_timer_id_data                    0x20001fb0   Data          32  main.o(.bss)
    .bss                                     0x20001fd0   Section       32  main.o(.bss)
    ble_to_tcps_timer_id_data                0x20001fd0   Data          32  main.o(.bss)
    .bss                                     0x20001ff0   Section       32  main.o(.bss)
    tcps_to_ble_timer_id_data                0x20001ff0   Data          32  main.o(.bss)
    .bss                                     0x20002010   Section      352  main.o(.bss)
    data_array                               0x20002010   Data          20  main.o(.bss)
    APP_TIMER_BUF                            0x20002024   Data         312  main.o(.bss)
    ble_input_data                           0x2000215c   Data          20  main.o(.bss)
    .bss                                     0x20002170   Section       32  bsp.o(.bss)
    m_leds_timer_id_data                     0x20002170   Data          32  bsp.o(.bss)
    .bss                                     0x20002190   Section       32  bsp.o(.bss)
    m_alert_timer_id_data                    0x20002190   Data          32  bsp.o(.bss)
    .bss                                     0x200021b0   Section       12  bsp.o(.bss)
    m_events_list                            0x200021b0   Data          12  bsp.o(.bss)
    .bss                                     0x200021bc   Section       32  bsp.o(.bss)
    m_button_timer_id_data                   0x200021bc   Data          32  bsp.o(.bss)
    .bss                                     0x200021dc   Section      504  ble_db_discovery.o(.bss)
    m_registered_handlers                    0x200021dc   Data          24  ble_db_discovery.o(.bss)
    m_pending_user_evts                      0x200021f4   Data         480  ble_db_discovery.o(.bss)
    .bss                                     0x200023d4   Section       32  app_uart_fifo.o(.bss)
    m_rx_fifo                                0x200023d4   Data          16  app_uart_fifo.o(.bss)
    m_tx_fifo                                0x200023e4   Data          16  app_uart_fifo.o(.bss)
    .bss                                     0x200023f4   Section       72  nrf_drv_gpiote.o(.bss)
    m_cb                                     0x200023f4   Data          72  nrf_drv_gpiote.o(.bss)
    .bss                                     0x2000243c   Section       28  nrf_drv_uart.o(.bss)
    m_cb                                     0x2000243c   Data          28  nrf_drv_uart.o(.bss)
    .bss                                     0x20002458   Section       32  app_button.o(.bss)
    m_detection_delay_timer_id_data          0x20002458   Data          32  app_button.o(.bss)
    .bss                                     0x20002478   Section      532  user_ble.o(.bss)
    BLE_EVT_BUFFER                           0x20002478   Data          72  user_ble.o(.bss)
    .bss                                     0x2000268c   Section      512  user_uart.o(.bss)
    rx_buf                                   0x2000268c   Data         256  user_uart.o(.bss)
    tx_buf                                   0x2000278c   Data         256  user_uart.o(.bss)
    .bss                                     0x2000288c   Section       12  user_spi.o(.bss)
    spi_config_table                         0x2000288c   Data          12  user_spi.o(.bss)
    .bss                                     0x20002898   Section       16  socket.o(.bss)
    sock_remained_size                       0x20002898   Data          16  socket.o(.bss)
    STACK                                    0x200028a8   Section     2048  arm_startup_nrf51.o(STACK)

    Global Symbols

    Symbol Name                              Value     Ov Type        Size  Object(Section)

    BuildAttributes$$THM_ISAv3M$S$PE$A:L22$X:L11$S22$IEEE1$IW$USESV6$~STKCKD$USESV7$~SHL$OSPACE$ROPI$EBA8$MICROLIB$REQ8$PRES8$EABIv2 0x00000000   Number         0  anon$$obj.o ABSOLUTE
    __ARM_use_no_argv                        0x00000000   Number         0  main.o ABSOLUTE
    _printf_a                                0x00000000   Number         0  stubs.o ABSOLUTE
    _printf_c                                0x00000000   Number         0  stubs.o ABSOLUTE
    _printf_charcount                        0x00000000   Number         0  stubs.o ABSOLUTE
    _printf_d                                0x00000000   Number         0  stubs.o ABSOLUTE
    _printf_e                                0x00000000   Number         0  stubs.o ABSOLUTE
    _printf_f                                0x00000000   Number         0  stubs.o ABSOLUTE
    _printf_flags                            0x00000000   Number         0  stubs.o ABSOLUTE
    _printf_fp_dec                           0x00000000   Number         0  stubs.o ABSOLUTE
    _printf_fp_hex                           0x00000000   Number         0  stubs.o ABSOLUTE
    _printf_g                                0x00000000   Number         0  stubs.o ABSOLUTE
    _printf_i                                0x00000000   Number         0  stubs.o ABSOLUTE
    _printf_int_dec                          0x00000000   Number         0  stubs.o ABSOLUTE
    _printf_l                                0x00000000   Number         0  stubs.o ABSOLUTE
    _printf_lc                               0x00000000   Number         0  stubs.o ABSOLUTE
    _printf_ll                               0x00000000   Number         0  stubs.o ABSOLUTE
    _printf_lld                              0x00000000   Number         0  stubs.o ABSOLUTE
    _printf_lli                              0x00000000   Number         0  stubs.o ABSOLUTE
    _printf_llo                              0x00000000   Number         0  stubs.o ABSOLUTE
    _printf_llu                              0x00000000   Number         0  stubs.o ABSOLUTE
    _printf_llx                              0x00000000   Number         0  stubs.o ABSOLUTE
    _printf_longlong_dec                     0x00000000   Number         0  stubs.o ABSOLUTE
    _printf_longlong_hex                     0x00000000   Number         0  stubs.o ABSOLUTE
    _printf_longlong_oct                     0x00000000   Number         0  stubs.o ABSOLUTE
    _printf_ls                               0x00000000   Number         0  stubs.o ABSOLUTE
    _printf_mbtowc                           0x00000000   Number         0  stubs.o ABSOLUTE
    _printf_n                                0x00000000   Number         0  stubs.o ABSOLUTE
    _printf_o                                0x00000000   Number         0  stubs.o ABSOLUTE
    _printf_p                                0x00000000   Number         0  stubs.o ABSOLUTE
    _printf_percent                          0x00000000   Number         0  stubs.o ABSOLUTE
    _printf_pre_padding                      0x00000000   Number         0  stubs.o ABSOLUTE
    _printf_return_value                     0x00000000   Number         0  stubs.o ABSOLUTE
    _printf_s                                0x00000000   Number         0  stubs.o ABSOLUTE
    _printf_sizespec                         0x00000000   Number         0  stubs.o ABSOLUTE
    _printf_str                              0x00000000   Number         0  stubs.o ABSOLUTE
    _printf_truncate_signed                  0x00000000   Number         0  stubs.o ABSOLUTE
    _printf_truncate_unsigned                0x00000000   Number         0  stubs.o ABSOLUTE
    _printf_u                                0x00000000   Number         0  stubs.o ABSOLUTE
    _printf_wc                               0x00000000   Number         0  stubs.o ABSOLUTE
    _printf_wctomb                           0x00000000   Number         0  stubs.o ABSOLUTE
    _printf_widthprec                        0x00000000   Number         0  stubs.o ABSOLUTE
    _printf_x                                0x00000000   Number         0  stubs.o ABSOLUTE
    __cpp_initialize__aeabi_                  - Undefined Weak Reference
    __cxa_finalize                            - Undefined Weak Reference
    __decompress                              - Undefined Weak Reference
    _clock_init                               - Undefined Weak Reference
    _microlib_exit                            - Undefined Weak Reference
    __Vectors_Size                           0x000000c0   Number         0  arm_startup_nrf51.o ABSOLUTE
    __Vectors                                0x0001b000   Data           4  arm_startup_nrf51.o(RESET)
    __Vectors_End                            0x0001b0c0   Data           0  arm_startup_nrf51.o(RESET)
    __main                                   0x0001b0c1   Thumb Code     0  entry.o(.ARM.Collect$$$$00000000)
    _main_stk                                0x0001b0c1   Thumb Code     0  entry2.o(.ARM.Collect$$$$00000001)
    _main_scatterload                        0x0001b0c5   Thumb Code     0  entry5.o(.ARM.Collect$$$$00000004)
    __main_after_scatterload                 0x0001b0c9   Thumb Code     0  entry5.o(.ARM.Collect$$$$00000004)
    _main_clock                              0x0001b0c9   Thumb Code     0  entry7b.o(.ARM.Collect$$$$00000008)
    _main_cpp_init                           0x0001b0c9   Thumb Code     0  entry8b.o(.ARM.Collect$$$$0000000A)
    _main_init                               0x0001b0c9   Thumb Code     0  entry9a.o(.ARM.Collect$$$$0000000B)
    __rt_final_cpp                           0x0001b0d1   Thumb Code     0  entry10a.o(.ARM.Collect$$$$0000000D)
    __rt_final_exit                          0x0001b0d1   Thumb Code     0  entry11a.o(.ARM.Collect$$$$0000000F)
    __asm___11_app_timer_c_cd27f9c3__nrf_delay_us 0x0001b0d5   Thumb Code    30  app_timer.o(.emb_text)
    Reset_Handler                            0x0001b0f5   Thumb Code    26  arm_startup_nrf51.o(.text)
    NMI_Handler                              0x0001b10f   Thumb Code     2  arm_startup_nrf51.o(.text)
    HardFault_Handler                        0x0001b111   Thumb Code     2  arm_startup_nrf51.o(.text)
    SVC_Handler                              0x0001b113   Thumb Code     2  arm_startup_nrf51.o(.text)
    PendSV_Handler                           0x0001b115   Thumb Code     2  arm_startup_nrf51.o(.text)
    SysTick_Handler                          0x0001b117   Thumb Code     2  arm_startup_nrf51.o(.text)
    ADC_IRQHandler                           0x0001b119   Thumb Code     0  arm_startup_nrf51.o(.text)
    CCM_AAR_IRQHandler                       0x0001b119   Thumb Code     0  arm_startup_nrf51.o(.text)
    ECB_IRQHandler                           0x0001b119   Thumb Code     0  arm_startup_nrf51.o(.text)
    LPCOMP_IRQHandler                        0x0001b119   Thumb Code     0  arm_startup_nrf51.o(.text)
    POWER_CLOCK_IRQHandler                   0x0001b119   Thumb Code     0  arm_startup_nrf51.o(.text)
    QDEC_IRQHandler                          0x0001b119   Thumb Code     0  arm_startup_nrf51.o(.text)
    RADIO_IRQHandler                         0x0001b119   Thumb Code     0  arm_startup_nrf51.o(.text)
    RNG_IRQHandler                           0x0001b119   Thumb Code     0  arm_startup_nrf51.o(.text)
    RTC0_IRQHandler                          0x0001b119   Thumb Code     0  arm_startup_nrf51.o(.text)
    SPI0_TWI0_IRQHandler                     0x0001b119   Thumb Code     0  arm_startup_nrf51.o(.text)
    SPI1_TWI1_IRQHandler                     0x0001b119   Thumb Code     0  arm_startup_nrf51.o(.text)
    SWI1_IRQHandler                          0x0001b119   Thumb Code     0  arm_startup_nrf51.o(.text)
    SWI3_IRQHandler                          0x0001b119   Thumb Code     0  arm_startup_nrf51.o(.text)
    SWI4_IRQHandler                          0x0001b119   Thumb Code     0  arm_startup_nrf51.o(.text)
    SWI5_IRQHandler                          0x0001b119   Thumb Code     0  arm_startup_nrf51.o(.text)
    TEMP_IRQHandler                          0x0001b119   Thumb Code     0  arm_startup_nrf51.o(.text)
    TIMER0_IRQHandler                        0x0001b119   Thumb Code     0  arm_startup_nrf51.o(.text)
    TIMER1_IRQHandler                        0x0001b119   Thumb Code     0  arm_startup_nrf51.o(.text)
    TIMER2_IRQHandler                        0x0001b119   Thumb Code     0  arm_startup_nrf51.o(.text)
    WDT_IRQHandler                           0x0001b119   Thumb Code     0  arm_startup_nrf51.o(.text)
    __aeabi_uidiv                            0x0001b12d   Thumb Code     0  uidiv.o(.text)
    __aeabi_uidivmod                         0x0001b12d   Thumb Code    44  uidiv.o(.text)
    __aeabi_memcpy                           0x0001b159   Thumb Code    36  memcpya.o(.text)
    __aeabi_memcpy4                          0x0001b159   Thumb Code     0  memcpya.o(.text)
    __aeabi_memcpy8                          0x0001b159   Thumb Code     0  memcpya.o(.text)
    __aeabi_memset                           0x0001b17d   Thumb Code    14  memseta.o(.text)
    __aeabi_memset4                          0x0001b17d   Thumb Code     0  memseta.o(.text)
    __aeabi_memset8                          0x0001b17d   Thumb Code     0  memseta.o(.text)
    __aeabi_memclr                           0x0001b18b   Thumb Code     4  memseta.o(.text)
    __aeabi_memclr4                          0x0001b18b   Thumb Code     0  memseta.o(.text)
    __aeabi_memclr8                          0x0001b18b   Thumb Code     0  memseta.o(.text)
    _memset$wrapper                          0x0001b18f   Thumb Code    18  memseta.o(.text)
    strlen                                   0x0001b1a1   Thumb Code    14  strlen.o(.text)
    __aeabi_uldivmod                         0x0001b1af   Thumb Code    96  uldiv.o(.text)
    __I$use$fp                               0x0001b20f   Thumb Code     0  iusefp.o(.text)
    __aeabi_dadd                             0x0001b211   Thumb Code   328  dadd.o(.text)
    __aeabi_dsub                             0x0001b359   Thumb Code    12  dadd.o(.text)
    __aeabi_drsub                            0x0001b365   Thumb Code    12  dadd.o(.text)
    __aeabi_dmul                             0x0001b375   Thumb Code   202  dmul.o(.text)
    __aeabi_ddiv                             0x0001b445   Thumb Code   234  ddiv.o(.text)
    __aeabi_d2ulz                            0x0001b535   Thumb Code    54  dfixul.o(.text)
    __aeabi_cdrcmple                         0x0001b575   Thumb Code    38  cdrcmple.o(.text)
    __scatterload                            0x0001b59d   Thumb Code    28  init.o(.text)
    __scatterload_rt2                        0x0001b59d   Thumb Code     0  init.o(.text)
    __aeabi_llsl                             0x0001b5c1   Thumb Code    32  llshl.o(.text)
    _ll_shift_l                              0x0001b5c1   Thumb Code     0  llshl.o(.text)
    __aeabi_llsr                             0x0001b5e1   Thumb Code    34  llushr.o(.text)
    _ll_ushift_r                             0x0001b5e1   Thumb Code     0  llushr.o(.text)
    __aeabi_lasr                             0x0001b603   Thumb Code    38  llsshr.o(.text)
    _ll_sshift_r                             0x0001b603   Thumb Code     0  llsshr.o(.text)
    _double_round                            0x0001b629   Thumb Code    26  depilogue.o(.text)
    _double_epilogue                         0x0001b643   Thumb Code   164  depilogue.o(.text)
    GPIOTE_IRQHandler                        0x0001b6e9   Thumb Code   312  nrf_drv_gpiote.o(i.GPIOTE_IRQHandler)
    RTC1_IRQHandler                          0x0001b881   Thumb Code    28  app_timer.o(i.RTC1_IRQHandler)
    SWI0_IRQHandler                          0x0001b8a1   Thumb Code     8  app_timer.o(i.SWI0_IRQHandler)
    SWI2_IRQHandler                          0x0001b8a9   Thumb Code    28  softdevice_handler.o(i.SWI2_IRQHandler)
    SystemInit                               0x0001b8c9   Thumb Code   130  system_nrf51.o(i.SystemInit)
    UART0_IRQHandler                         0x0001b969   Thumb Code     8  nrf_drv_uart.o(i.UART0_IRQHandler)
    WIZCHIP_READ                             0x0001b971   Thumb Code    84  w5500.o(i.WIZCHIP_READ)
    WIZCHIP_READ_BUF                         0x0001b9c9   Thumb Code   106  w5500.o(i.WIZCHIP_READ_BUF)
    WIZCHIP_WRITE                            0x0001ba39   Thumb Code    84  w5500.o(i.WIZCHIP_WRITE)
    WIZCHIP_WRITE_BUF                        0x0001ba91   Thumb Code   104  w5500.o(i.WIZCHIP_WRITE_BUF)
    __0printf                                0x0001bafd   Thumb Code    24  printfa.o(i.__0printf)
    __1printf                                0x0001bafd   Thumb Code     0  printfa.o(i.__0printf)
    __2printf                                0x0001bafd   Thumb Code     0  printfa.o(i.__0printf)
    __c89printf                              0x0001bafd   Thumb Code     0  printfa.o(i.__0printf)
    printf                                   0x0001bafd   Thumb Code     0  printfa.o(i.__0printf)
    __0sprintf                               0x0001bb1d   Thumb Code    36  printfa.o(i.__0sprintf)
    __1sprintf                               0x0001bb1d   Thumb Code     0  printfa.o(i.__0sprintf)
    __2sprintf                               0x0001bb1d   Thumb Code     0  printfa.o(i.__0sprintf)
    __c89sprintf                             0x0001bb1d   Thumb Code     0  printfa.o(i.__0sprintf)
    sprintf                                  0x0001bb1d   Thumb Code     0  printfa.o(i.__0sprintf)
    __ARM_clz                                0x0001bb45   Thumb Code    46  depilogue.o(i.__ARM_clz)
    __ARM_common_switch8                     0x0001bb73   Thumb Code    26  bsp.o(i.__ARM_common_switch8)
    __scatterload_copy                       0x0001bb8d   Thumb Code    14  handlers.o(i.__scatterload_copy)
    __scatterload_null                       0x0001bb9b   Thumb Code     2  handlers.o(i.__scatterload_null)
    __scatterload_zeroinit                   0x0001bb9d   Thumb Code    14  handlers.o(i.__scatterload_zeroinit)
    app_button_enable                        0x0001c49d   Thumb Code    32  app_button.o(i.app_button_enable)
    app_button_init                          0x0001c4c1   Thumb Code   100  app_button.o(i.app_button_init)
    app_error_fault_handler                  0x0001c535   Thumb Code    18  app_error_weak.o(i.app_error_fault_handler)
    app_error_handler_bare                   0x0001c551   Thumb Code    20  app_error.o(i.app_error_handler_bare)
    app_fifo_get                             0x0001c569   Thumb Code    22  app_fifo.o(i.app_fifo_get)
    app_fifo_init                            0x0001c57f   Thumb Code    36  app_fifo.o(i.app_fifo_init)
    app_fifo_put                             0x0001c5a3   Thumb Code    26  app_fifo.o(i.app_fifo_put)
    app_timer_create                         0x0001c5bd   Thumb Code    40  app_timer.o(i.app_timer_create)
    app_timer_init                           0x0001c5e9   Thumb Code   126  app_timer.o(i.app_timer_init)
    app_timer_start                          0x0001c679   Thumb Code   114  app_timer.o(i.app_timer_start)
    app_timer_stop                           0x0001c6f5   Thumb Code    78  app_timer.o(i.app_timer_stop)
    app_uart_get                             0x0001c749   Thumb Code    44  app_uart_fifo.o(i.app_uart_get)
    app_uart_init                            0x0001c77d   Thumb Code   144  app_uart_fifo.o(i.app_uart_init)
    app_uart_put                             0x0001c81d   Thumb Code    48  app_uart_fifo.o(i.app_uart_put)
    ble_db_discovery_evt_register            0x0001c855   Thumb Code    66  ble_db_discovery.o(i.ble_db_discovery_evt_register)
    ble_db_discovery_init                    0x0001c8a1   Thumb Code    26  ble_db_discovery.o(i.ble_db_discovery_init)
    ble_db_discovery_on_ble_evt              0x0001c8c1   Thumb Code    82  ble_db_discovery.o(i.ble_db_discovery_on_ble_evt)
    ble_db_discovery_start                   0x0001c919   Thumb Code    90  ble_db_discovery.o(i.ble_db_discovery_start)
    ble_nus_c_handles_assign                 0x0001ca69   Thumb Code    30  ble_nus_c.o(i.ble_nus_c_handles_assign)
    ble_nus_c_init                           0x0001ca89   Thumb Code    72  ble_nus_c.o(i.ble_nus_c_init)
    ble_nus_c_on_ble_evt                     0x0001cad5   Thumb Code   100  ble_nus_c.o(i.ble_nus_c_on_ble_evt)
    ble_nus_c_on_db_disc_evt                 0x0001cb3d   Thumb Code   108  ble_nus_c.o(i.ble_nus_c_on_db_disc_evt)
    ble_nus_c_rx_notif_enable                0x0001cba9   Thumb Code    64  ble_nus_c.o(i.ble_nus_c_rx_notif_enable)
    ble_nus_c_string_send                    0x0001cbf1   Thumb Code    58  ble_nus_c.o(i.ble_nus_c_string_send)
    ble_stack_init                           0x0001cc35   Thumb Code    94  user_ble.o(i.ble_stack_init)
    ble_to_tcps                              0x0001cca5   Thumb Code    96  main.o(i.ble_to_tcps)
    bsp_btn_ble_init                         0x0001cd3d   Thumb Code    80  bsp_btn_ble.o(i.bsp_btn_ble_init)
    bsp_btn_ble_on_ble_evt                   0x0001cd91   Thumb Code   114  bsp_btn_ble.o(i.bsp_btn_ble_on_ble_evt)
    bsp_btn_ble_sleep_mode_prepare           0x0001ce09   Thumb Code    20  bsp_btn_ble.o(i.bsp_btn_ble_sleep_mode_prepare)
    bsp_button_is_pressed                    0x0001cebd   Thumb Code    34  bsp.o(i.bsp_button_is_pressed)
    bsp_event_handler                        0x0001cee9   Thumb Code    64  main.o(i.bsp_event_handler)
    bsp_event_to_button_action_assign        0x0001cf2d   Thumb Code    66  bsp.o(i.bsp_event_to_button_action_assign)
    bsp_indication_set                       0x0001cf75   Thumb Code    22  bsp.o(i.bsp_indication_set)
    bsp_init                                 0x0001cf91   Thumb Code   134  bsp.o(i.bsp_init)
    bsp_wakeup_buttons_set                   0x0001d229   Thumb Code    50  bsp.o(i.bsp_wakeup_buttons_set)
    close                                    0x0001d325   Thumb Code   104  socket.o(i.close)
    connect                                  0x0001d43d   Thumb Code   242  socket.o(i.connect)
    ctlnetwork                               0x0001d541   Thumb Code    74  wizchip_conf.o(i.ctlnetwork)
    ctlwizchip                               0x0001d58d   Thumb Code   218  wizchip_conf.o(i.ctlwizchip)
    db_disc_handler                          0x0001d66d   Thumb Code    12  user_ble.o(i.db_disc_handler)
    db_discovery_init                        0x0001d67d   Thumb Code    18  user_ble.o(i.db_discovery_init)
    disconnect                               0x0001d779   Thumb Code   130  socket.o(i.disconnect)
    fputc                                    0x0001d91f   Thumb Code    14  retarget.o(i.fputc)
    getSn_RX_RSR                             0x0001d92d   Thumb Code    66  w5500.o(i.getSn_RX_RSR)
    getSn_TX_FSR                             0x0001d979   Thumb Code    66  w5500.o(i.getSn_TX_FSR)
    intern_softdevice_events_execute         0x0001da15   Thumb Code   116  softdevice_handler.o(i.intern_softdevice_events_execute)
    main                                     0x0001dda5   Thumb Code   226  main.o(i.main)
    network_init                             0x0001debd   Thumb Code   134  user_ethernet.o(i.network_init)
    nrf_drv_common_irq_enable                0x0001dff5   Thumb Code    78  nrf_drv_common.o(i.nrf_drv_common_irq_enable)
    nrf_drv_gpiote_in_event_enable           0x0001e055   Thumb Code   138  nrf_drv_gpiote.o(i.nrf_drv_gpiote_in_event_enable)
    nrf_drv_gpiote_in_init                   0x0001e0f5   Thumb Code   146  nrf_drv_gpiote.o(i.nrf_drv_gpiote_in_init)
    nrf_drv_gpiote_in_is_set                 0x0001e199   Thumb Code    16  nrf_drv_gpiote.o(i.nrf_drv_gpiote_in_is_set)
    nrf_drv_gpiote_init                      0x0001e1ad   Thumb Code    76  nrf_drv_gpiote.o(i.nrf_drv_gpiote_init)
    nrf_drv_gpiote_is_init                   0x0001e201   Thumb Code    12  nrf_drv_gpiote.o(i.nrf_drv_gpiote_is_init)
    nrf_drv_uart_init                        0x0001e211   Thumb Code   170  nrf_drv_uart.o(i.nrf_drv_uart_init)
    nrf_drv_uart_rx                          0x0001e2d9   Thumb Code    66  nrf_drv_uart.o(i.nrf_drv_uart_rx)
    nrf_drv_uart_rx_enable                   0x0001e325   Thumb Code    20  nrf_drv_uart.o(i.nrf_drv_uart_rx_enable)
    nrf_drv_uart_tx                          0x0001e3d9   Thumb Code    32  nrf_drv_uart.o(i.nrf_drv_uart_tx)
    nrf_drv_uart_tx_in_progress              0x0001e471   Thumb Code    12  nrf_drv_uart.o(i.nrf_drv_uart_tx_in_progress)
    nus_c_init                               0x0001e579   Thumb Code    36  user_ble.o(i.nus_c_init)
    recv                                     0x0001e8fd   Thumb Code   218  socket.o(i.recv)
    reg_wizchip_cs_cbfunc                    0x0001e9e5   Thumb Code    26  wizchip_conf.o(i.reg_wizchip_cs_cbfunc)
    reg_wizchip_spi_cbfunc                   0x0001ea0d   Thumb Code    34  wizchip_conf.o(i.reg_wizchip_spi_cbfunc)
    scan_start                               0x0001eb29   Thumb Code    30  user_ble.o(i.scan_start)
    sd_check_ram_start                       0x0001eb4d   Thumb Code    10  softdevice_handler.o(i.sd_check_ram_start)
    send                                     0x0001ebe9   Thumb Code   258  socket.o(i.send)
    socket                                   0x0001ecf5   Thumb Code   262  socket.o(i.socket)
    softdevice_ble_evt_handler_set           0x0001ee0d   Thumb Code    16  softdevice_handler.o(i.softdevice_ble_evt_handler_set)
    softdevice_enable                        0x0001ee21   Thumb Code    14  softdevice_handler.o(i.softdevice_enable)
    softdevice_enable_get_default_config     0x0001ee35   Thumb Code    40  softdevice_handler.o(i.softdevice_enable_get_default_config)
    softdevice_fault_handler                 0x0001ee5d   Thumb Code     8  softdevice_handler.o(i.softdevice_fault_handler)
    softdevice_handler_init                  0x0001ee65   Thumb Code    42  softdevice_handler.o(i.softdevice_handler_init)
    spi0_master_init                         0x0001ee99   Thumb Code    20  user_spi.o(i.spi0_master_init)
    spi_master_init                          0x0001eeb1   Thumb Code   146  user_spi.o(i.spi_master_init)
    spi_master_rx                            0x0001ef51   Thumb Code    86  user_spi.o(i.spi_master_rx)
    spi_master_tx                            0x0001efad   Thumb Code    92  user_spi.o(i.spi_master_tx)
    tcp_con_timer                            0x0001f00d   Thumb Code   150  main.o(i.tcp_con_timer)
    tcps_to_ble                              0x0001f155   Thumb Code    96  main.o(i.tcps_to_ble)
    uart_event_handle                        0x0001f35d   Thumb Code    76  main.o(i.uart_event_handle)
    uart_init                                0x0001f465   Thumb Code    54  user_uart.o(i.uart_init)
    user_ethernet_init                       0x0001f5d1   Thumb Code   116  user_ethernet.o(i.user_ethernet_init)
    wiz_recv_data                            0x0001f741   Thumb Code    74  w5500.o(i.wiz_recv_data)
    wiz_send_data                            0x0001f795   Thumb Code    74  w5500.o(i.wiz_send_data)
    wizchip_bus_readdata                     0x0001f7e9   Thumb Code     4  wizchip_conf.o(i.wizchip_bus_readdata)
    wizchip_bus_writedata                    0x0001f7ed   Thumb Code     4  wizchip_conf.o(i.wizchip_bus_writedata)
    wizchip_clrinterrupt                     0x0001f7f1   Thumb Code    30  wizchip_conf.o(i.wizchip_clrinterrupt)
    wizchip_cris_enter                       0x0001f80f   Thumb Code     2  wizchip_conf.o(i.wizchip_cris_enter)
    wizchip_cris_exit                        0x0001f811   Thumb Code     2  wizchip_conf.o(i.wizchip_cris_exit)
    wizchip_cs_deselect                      0x0001f813   Thumb Code     2  wizchip_conf.o(i.wizchip_cs_deselect)
    wizchip_cs_select                        0x0001f815   Thumb Code     2  wizchip_conf.o(i.wizchip_cs_select)
    wizchip_deselect                         0x0001f819   Thumb Code    10  user_ethernet.o(i.wizchip_deselect)
    wizchip_getinterrupt                     0x0001f829   Thumb Code    30  wizchip_conf.o(i.wizchip_getinterrupt)
    wizchip_getinterruptmask                 0x0001f847   Thumb Code    28  wizchip_conf.o(i.wizchip_getinterruptmask)
    wizchip_getnetinfo                       0x0001f865   Thumb Code    82  wizchip_conf.o(i.wizchip_getnetinfo)
    wizchip_getnetmode                       0x0001f8bd   Thumb Code    10  wizchip_conf.o(i.wizchip_getnetmode)
    wizchip_gettimeout                       0x0001f8c7   Thumb Code    38  wizchip_conf.o(i.wizchip_gettimeout)
    wizchip_init                             0x0001f8ed   Thumb Code   116  wizchip_conf.o(i.wizchip_init)
    wizchip_read                             0x0001f969   Thumb Code    18  user_ethernet.o(i.wizchip_read)
    wizchip_select                           0x0001f97d   Thumb Code    10  user_ethernet.o(i.wizchip_select)
    wizchip_setinterruptmask                 0x0001f98d   Thumb Code    26  wizchip_conf.o(i.wizchip_setinterruptmask)
    wizchip_setnetinfo                       0x0001f9a9   Thumb Code    82  wizchip_conf.o(i.wizchip_setnetinfo)
    wizchip_setnetmode                       0x0001fa01   Thumb Code    36  wizchip_conf.o(i.wizchip_setnetmode)
    wizchip_settimeout                       0x0001fa25   Thumb Code    38  wizchip_conf.o(i.wizchip_settimeout)
    wizchip_spi_readbyte                     0x0001fa4b   Thumb Code     4  wizchip_conf.o(i.wizchip_spi_readbyte)
    wizchip_spi_writebyte                    0x0001fa4f   Thumb Code     2  wizchip_conf.o(i.wizchip_spi_writebyte)
    wizchip_sw_reset                         0x0001fa51   Thumb Code   116  wizchip_conf.o(i.wizchip_sw_reset)
    wizchip_write                            0x0001fac5   Thumb Code    14  user_ethernet.o(i.wizchip_write)
    wizphy_getphyconf                        0x0001fad3   Thumb Code    78  wizchip_conf.o(i.wizphy_getphyconf)
    wizphy_getphylink                        0x0001fb21   Thumb Code    18  wizchip_conf.o(i.wizphy_getphylink)
    wizphy_getphypmode                       0x0001fb33   Thumb Code    24  wizchip_conf.o(i.wizphy_getphypmode)
    wizphy_reset                             0x0001fb4b   Thumb Code    40  wizchip_conf.o(i.wizphy_reset)
    wizphy_setphyconf                        0x0001fb73   Thumb Code    66  wizchip_conf.o(i.wizphy_setphyconf)
    wizphy_setphypmode                       0x0001fbb5   Thumb Code    78  wizchip_conf.o(i.wizphy_setphypmode)
    m_nus_uuid                               0x0001fcc0   Data           4  user_ble.o(.constdata)
    m_connection_param                       0x0001fcc8   Data           8  user_ble.o(.constdata)
    m_scan_params                            0x0001fcd0   Data          16  user_ble.o(.constdata)
    Region$$Table$$Base                      0x0001fd04   Number         0  anon$$obj.o(Region$$Table)
    Region$$Table$$Limit                     0x0001fd24   Number         0  anon$$obj.o(Region$$Table)
    Image$$RW_IRAM1$$Base                    0x20001eb0   Number         0  anon$$obj.o ABSOLUTE
    targetIP                                 0x20001eb3   Data           4  main.o(.data)
    tcp_targetPort                           0x20001eb8   Data           4  main.o(.data)
    __stdout                                 0x20001f28   Data           4  retarget.o(.data)
    nrf_nvic_state                           0x20001f40   Data           8  softdevice_handler.o(.data)
    gWIZNETINFO                              0x20001f48   Data          23  user_ethernet.o(.data)
    sock_pack_info                           0x20001f72   Data           8  socket.o(.data)
    WIZCHIP                                  0x20001f84   Data          40  wizchip_conf.o(.data)
    SystemCoreClock                          0x20001fac   Data           4  system_nrf51.o(.data)
    user_m_ble_nus_c                         0x200024c0   Data          32  user_ble.o(.bss)
    m_ble_db_discovery                       0x200024e0   Data         428  user_ble.o(.bss)
    __initial_sp                             0x200030a8   Data           0  arm_startup_nrf51.o(STACK)



==============================================================================

Memory Map of the image

  Image Entry point : 0x0001b0c1

  Load Region LR_IROM1 (Base: 0x0001b000, Size: 0x00004e24, Max: 0x00025000, ABSOLUTE)

    Execution Region ER_IROM1 (Base: 0x0001b000, Size: 0x00004d24, Max: 0x00025000, ABSOLUTE)

    Base Addr    Size         Type   Attr      Idx    E Section Name        Object

    0x0001b000   0x000000c0   Data   RO         2669    RESET               arm_startup_nrf51.o
    0x0001b0c0   0x00000000   Code   RO         2711  * .ARM.Collect$$$$00000000  mc_p.l(entry.o)
    0x0001b0c0   0x00000004   Code   RO         2987    .ARM.Collect$$$$00000001  mc_p.l(entry2.o)
    0x0001b0c4   0x00000004   Code   RO         2990    .ARM.Collect$$$$00000004  mc_p.l(entry5.o)
    0x0001b0c8   0x00000000   Code   RO         2992    .ARM.Collect$$$$00000008  mc_p.l(entry7b.o)
    0x0001b0c8   0x00000000   Code   RO         2994    .ARM.Collect$$$$0000000A  mc_p.l(entry8b.o)
    0x0001b0c8   0x00000008   Code   RO         2995    .ARM.Collect$$$$0000000B  mc_p.l(entry9a.o)
    0x0001b0d0   0x00000000   Code   RO         2997    .ARM.Collect$$$$0000000D  mc_p.l(entry10a.o)
    0x0001b0d0   0x00000000   Code   RO         2999    .ARM.Collect$$$$0000000F  mc_p.l(entry11a.o)
    0x0001b0d0   0x00000004   Code   RO         2988    .ARM.Collect$$$$00002712  mc_p.l(entry2.o)
    0x0001b0d4   0x0000001e   Code   RO         1480    .emb_text           app_timer.o
    0x0001b0f2   0x00000002   PAD
    0x0001b0f4   0x00000038   Code   RO         2670    .text               arm_startup_nrf51.o
    0x0001b12c   0x0000002c   Code   RO         2714    .text               mc_p.l(uidiv.o)
    0x0001b158   0x00000024   Code   RO         2716    .text               mc_p.l(memcpya.o)
    0x0001b17c   0x00000024   Code   RO         2718    .text               mc_p.l(memseta.o)
    0x0001b1a0   0x0000000e   Code   RO         2720    .text               mc_p.l(strlen.o)
    0x0001b1ae   0x00000060   Code   RO         3001    .text               mc_p.l(uldiv.o)
    0x0001b20e   0x00000000   Code   RO         3003    .text               mc_p.l(iusefp.o)
    0x0001b20e   0x00000002   PAD
    0x0001b210   0x00000164   Code   RO         3004    .text               mf_p.l(dadd.o)
    0x0001b374   0x000000d0   Code   RO         3006    .text               mf_p.l(dmul.o)
    0x0001b444   0x000000f0   Code   RO         3008    .text               mf_p.l(ddiv.o)
    0x0001b534   0x00000040   Code   RO         3010    .text               mf_p.l(dfixul.o)
    0x0001b574   0x00000028   Code   RO         3012    .text               mf_p.l(cdrcmple.o)
    0x0001b59c   0x00000024   Code   RO         3014    .text               mc_p.l(init.o)
    0x0001b5c0   0x00000020   Code   RO         3016    .text               mc_p.l(llshl.o)
    0x0001b5e0   0x00000022   Code   RO         3018    .text               mc_p.l(llushr.o)
    0x0001b602   0x00000026   Code   RO         3020    .text               mc_p.l(llsshr.o)
    0x0001b628   0x000000be   Code   RO         3022    .text               mf_p.l(depilogue.o)
    0x0001b6e6   0x00000002   PAD
    0x0001b6e8   0x00000154   Code   RO          939    i.GPIOTE_IRQHandler  nrf_drv_gpiote.o
    0x0001b83c   0x00000044   Code   RO         1481    i.NVIC_SetPriority  app_timer.o
    0x0001b880   0x00000020   Code   RO         1482    i.RTC1_IRQHandler   app_timer.o
    0x0001b8a0   0x00000008   Code   RO         1483    i.SWI0_IRQHandler   app_timer.o
    0x0001b8a8   0x00000020   Code   RO         1968    i.SWI2_IRQHandler   softdevice_handler.o
    0x0001b8c8   0x000000a0   Code   RO         2677    i.SystemInit        system_nrf51.o
    0x0001b968   0x00000008   Code   RO         1129    i.UART0_IRQHandler  nrf_drv_uart.o
    0x0001b970   0x00000058   Code   RO         2607    i.WIZCHIP_READ      w5500.o
    0x0001b9c8   0x00000070   Code   RO         2608    i.WIZCHIP_READ_BUF  w5500.o
    0x0001ba38   0x00000058   Code   RO         2609    i.WIZCHIP_WRITE     w5500.o
    0x0001ba90   0x0000006c   Code   RO         2610    i.WIZCHIP_WRITE_BUF  w5500.o
    0x0001bafc   0x00000020   Code   RO         2959    i.__0printf         mc_p.l(printfa.o)
    0x0001bb1c   0x00000028   Code   RO         2961    i.__0sprintf        mc_p.l(printfa.o)
    0x0001bb44   0x0000002e   Code   RO         3024    i.__ARM_clz         mf_p.l(depilogue.o)
    0x0001bb72   0x0000001a   Code   RO          389    i.__ARM_common_switch8  bsp.o
    0x0001bb8c   0x0000000e   Code   RO         3028    i.__scatterload_copy  mc_p.l(handlers.o)
    0x0001bb9a   0x00000002   Code   RO         3029    i.__scatterload_null  mc_p.l(handlers.o)
    0x0001bb9c   0x0000000e   Code   RO         3030    i.__scatterload_zeroinit  mc_p.l(handlers.o)
    0x0001bbaa   0x00000002   PAD
    0x0001bbac   0x00000158   Code   RO         2966    i._fp_digits        mc_p.l(printfa.o)
    0x0001bd04   0x000006ec   Code   RO         2967    i._printf_core      mc_p.l(printfa.o)
    0x0001c3f0   0x00000020   Code   RO         2968    i._printf_post_padding  mc_p.l(printfa.o)
    0x0001c410   0x0000002c   Code   RO         2969    i._printf_pre_padding  mc_p.l(printfa.o)
    0x0001c43c   0x0000000a   Code   RO         2971    i._sputc            mc_p.l(printfa.o)
    0x0001c446   0x0000003c   Code   RO          400    i.advertising_buttons_configure  bsp_btn_ble.o
    0x0001c482   0x00000002   PAD
    0x0001c484   0x00000018   Code   RO          295    i.alert_timer_handler  bsp.o
    0x0001c49c   0x00000024   Code   RO         1298    i.app_button_enable  app_button.o
    0x0001c4c0   0x00000074   Code   RO         1299    i.app_button_init   app_button.o
    0x0001c534   0x0000001c   Code   RO         1391    i.app_error_fault_handler  app_error_weak.o
    0x0001c550   0x00000018   Code   RO         1356    i.app_error_handler_bare  app_error.o
    0x0001c568   0x00000016   Code   RO         1415    i.app_fifo_get      app_fifo.o
    0x0001c57e   0x00000024   Code   RO         1416    i.app_fifo_init     app_fifo.o
    0x0001c5a2   0x0000001a   Code   RO         1418    i.app_fifo_put      app_fifo.o
    0x0001c5bc   0x0000002c   Code   RO         1486    i.app_timer_create  app_timer.o
    0x0001c5e8   0x00000090   Code   RO         1487    i.app_timer_init    app_timer.o
    0x0001c678   0x0000007c   Code   RO         1488    i.app_timer_start   app_timer.o
    0x0001c6f4   0x00000054   Code   RO         1489    i.app_timer_stop    app_timer.o
    0x0001c748   0x00000034   Code   RO          815    i.app_uart_get      app_uart_fifo.o
    0x0001c77c   0x000000a0   Code   RO          816    i.app_uart_init     app_uart_fifo.o
    0x0001c81c   0x00000038   Code   RO          817    i.app_uart_put      app_uart_fifo.o
    0x0001c854   0x0000004c   Code   RO          601    i.ble_db_discovery_evt_register  ble_db_discovery.o
    0x0001c8a0   0x00000020   Code   RO          602    i.ble_db_discovery_init  ble_db_discovery.o
    0x0001c8c0   0x00000058   Code   RO          603    i.ble_db_discovery_on_ble_evt  ble_db_discovery.o
    0x0001c918   0x00000064   Code   RO          604    i.ble_db_discovery_start  ble_db_discovery.o
    0x0001c97c   0x00000028   Code   RO         2064    i.ble_evt_dispatch  user_ble.o
    0x0001c9a4   0x000000c4   Code   RO            3    i.ble_nus_c_evt_handler  main.o
    0x0001ca68   0x0000001e   Code   RO          703    i.ble_nus_c_handles_assign  ble_nus_c.o
    0x0001ca86   0x00000002   PAD
    0x0001ca88   0x0000004c   Code   RO          704    i.ble_nus_c_init    ble_nus_c.o
    0x0001cad4   0x00000068   Code   RO          705    i.ble_nus_c_on_ble_evt  ble_nus_c.o
    0x0001cb3c   0x0000006c   Code   RO          706    i.ble_nus_c_on_db_disc_evt  ble_nus_c.o
    0x0001cba8   0x00000048   Code   RO          707    i.ble_nus_c_rx_notif_enable  ble_nus_c.o
    0x0001cbf0   0x00000044   Code   RO          708    i.ble_nus_c_string_send  ble_nus_c.o
    0x0001cc34   0x00000070   Code   RO         2065    i.ble_stack_init    user_ble.o
    0x0001cca4   0x00000098   Code   RO            4    i.ble_to_tcps       main.o
    0x0001cd3c   0x00000054   Code   RO          401    i.bsp_btn_ble_init  bsp_btn_ble.o
    0x0001cd90   0x00000078   Code   RO          402    i.bsp_btn_ble_on_ble_evt  bsp_btn_ble.o
    0x0001ce08   0x00000014   Code   RO          403    i.bsp_btn_ble_sleep_mode_prepare  bsp_btn_ble.o
    0x0001ce1c   0x000000a0   Code   RO          296    i.bsp_button_event_handler  bsp.o
    0x0001cebc   0x0000002c   Code   RO          297    i.bsp_button_is_pressed  bsp.o
    0x0001cee8   0x00000044   Code   RO            5    i.bsp_event_handler  main.o
    0x0001cf2c   0x00000048   Code   RO          301    i.bsp_event_to_button_action_assign  bsp.o
    0x0001cf74   0x0000001c   Code   RO          302    i.bsp_indication_set  bsp.o
    0x0001cf90   0x000000a0   Code   RO          304    i.bsp_init          bsp.o
    0x0001d030   0x000001f8   Code   RO          305    i.bsp_led_indication  bsp.o
    0x0001d228   0x0000003c   Code   RO          306    i.bsp_wakeup_buttons_set  bsp.o
    0x0001d264   0x0000000c   Code   RO          307    i.button_timer_handler  bsp.o
    0x0001d270   0x0000001c   Code   RO          940    i.channel_free      nrf_drv_gpiote.o
    0x0001d28c   0x00000048   Code   RO          941    i.channel_port_alloc  nrf_drv_gpiote.o
    0x0001d2d4   0x00000010   Code   RO          942    i.channel_port_get  nrf_drv_gpiote.o
    0x0001d2e4   0x0000003e   Code   RO          605    i.characteristics_discover  ble_db_discovery.o
    0x0001d322   0x00000002   PAD
    0x0001d324   0x00000070   Code   RO         2307    i.close             socket.o
    0x0001d394   0x000000a8   Code   RO         1491    i.compare_reg_update  app_timer.o
    0x0001d43c   0x00000104   Code   RO         2308    i.connect           socket.o
    0x0001d540   0x0000004a   Code   RO         2389    i.ctlnetwork        wizchip_conf.o
    0x0001d58a   0x00000002   PAD
    0x0001d58c   0x000000e0   Code   RO         2390    i.ctlwizchip        wizchip_conf.o
    0x0001d66c   0x00000010   Code   RO         2066    i.db_disc_handler   user_ble.o
    0x0001d67c   0x00000018   Code   RO         2067    i.db_discovery_init  user_ble.o
    0x0001d694   0x00000084   Code   RO          606    i.descriptors_discover  ble_db_discovery.o
    0x0001d718   0x00000060   Code   RO         1301    i.detection_delay_timeout_handler  app_button.o
    0x0001d778   0x00000088   Code   RO         2310    i.disconnect        socket.o
    0x0001d800   0x0000008c   Code   RO          607    i.discovery_complete_evt_trigger  ble_db_discovery.o
    0x0001d88c   0x0000002c   Code   RO          608    i.discovery_error_evt_trigger  ble_db_discovery.o
    0x0001d8b8   0x00000040   Code   RO         1492    i.elapsed_ticks_acquire  app_timer.o
    0x0001d8f8   0x00000014   Code   RO         1421    i.fifo_get          app_fifo.o
    0x0001d90c   0x00000012   Code   RO         1422    i.fifo_put          app_fifo.o
    0x0001d91e   0x0000000e   Code   RO         1788    i.fputc             retarget.o
    0x0001d92c   0x0000004c   Code   RO         2611    i.getSn_RX_RSR      w5500.o
    0x0001d978   0x0000004c   Code   RO         2612    i.getSn_TX_FSR      w5500.o
    0x0001d9c4   0x00000050   Code   RO         1302    i.gpiote_event_handler  app_button.o
    0x0001da14   0x00000078   Code   RO         1969    i.intern_softdevice_events_execute  softdevice_handler.o
    0x0001da8c   0x00000044   Code   RO          609    i.is_desc_discovery_reqd  ble_db_discovery.o
    0x0001dad0   0x00000048   Code   RO         2678    i.is_manual_peripheral_setup_needed  system_nrf51.o
    0x0001db18   0x000000e2   Code   RO         2068    i.is_uuid_present   user_ble.o
    0x0001dbfa   0x00000002   PAD
    0x0001dbfc   0x00000018   Code   RO          308    i.leds_timer_handler  bsp.o
    0x0001dc14   0x000000bc   Code   RO         1493    i.list_deletions_handler  app_timer.o
    0x0001dcd0   0x000000d4   Code   RO         1494    i.list_insertions_handler  app_timer.o
    0x0001dda4   0x00000118   Code   RO            6    i.main              main.o
    0x0001debc   0x00000138   Code   RO         2154    i.network_init      user_ethernet.o
    0x0001dff4   0x00000060   Code   RO          906    i.nrf_drv_common_irq_enable  nrf_drv_common.o
    0x0001e054   0x000000a0   Code   RO          945    i.nrf_drv_gpiote_in_event_enable  nrf_drv_gpiote.o
    0x0001e0f4   0x000000a4   Code   RO          946    i.nrf_drv_gpiote_in_init  nrf_drv_gpiote.o
    0x0001e198   0x00000014   Code   RO          947    i.nrf_drv_gpiote_in_is_set  nrf_drv_gpiote.o
    0x0001e1ac   0x00000054   Code   RO          949    i.nrf_drv_gpiote_init  nrf_drv_gpiote.o
    0x0001e200   0x00000010   Code   RO          950    i.nrf_drv_gpiote_is_init  nrf_drv_gpiote.o
    0x0001e210   0x000000c8   Code   RO         1131    i.nrf_drv_uart_init  nrf_drv_uart.o
    0x0001e2d8   0x0000004c   Code   RO         1132    i.nrf_drv_uart_rx   nrf_drv_uart.o
    0x0001e324   0x00000018   Code   RO         1135    i.nrf_drv_uart_rx_enable  nrf_drv_uart.o
    0x0001e33c   0x0000009c   Code   RO         1136    i.nrf_drv_uart_rx_for_uart  nrf_drv_uart.o
    0x0001e3d8   0x00000024   Code   RO         1137    i.nrf_drv_uart_tx   nrf_drv_uart.o
    0x0001e3fc   0x00000074   Code   RO         1139    i.nrf_drv_uart_tx_for_uart  nrf_drv_uart.o
    0x0001e470   0x00000010   Code   RO         1140    i.nrf_drv_uart_tx_in_progress  nrf_drv_uart.o
    0x0001e480   0x00000024   Code   RO          962    i.nrf_gpio_cfg      nrf_drv_gpiote.o
    0x0001e4a4   0x00000024   Code   RO         1142    i.nrf_gpio_cfg      nrf_drv_uart.o
    0x0001e4c8   0x00000024   Code   RO         2218    i.nrf_gpio_cfg      user_spi.o
    0x0001e4ec   0x00000012   Code   RO         1144    i.nrf_gpio_cfg_input  nrf_drv_uart.o
    0x0001e4fe   0x00000014   Code   RO         1145    i.nrf_gpio_cfg_output  nrf_drv_uart.o
    0x0001e512   0x00000014   Code   RO         2219    i.nrf_gpio_cfg_output  user_spi.o
    0x0001e526   0x00000002   PAD
    0x0001e528   0x00000020   Code   RO          964    i.nrf_gpio_cfg_sense_set  nrf_drv_gpiote.o
    0x0001e548   0x00000014   Code   RO          965    i.nrf_gpiote_event_is_set  nrf_drv_gpiote.o
    0x0001e55c   0x0000000a   Code   RO         1146    i.nrf_uart_event_check  nrf_drv_uart.o
    0x0001e566   0x00000010   Code   RO         1147    i.nrf_uart_int_enable_check  nrf_drv_uart.o
    0x0001e576   0x00000002   PAD
    0x0001e578   0x00000028   Code   RO         2069    i.nus_c_init        user_ble.o
    0x0001e5a0   0x000000a0   Code   RO         2070    i.on_ble_evt        user_ble.o
    0x0001e640   0x000000f0   Code   RO          610    i.on_characteristic_discovery_rsp  ble_db_discovery.o
    0x0001e730   0x000000c0   Code   RO          611    i.on_descriptor_discovery_rsp  ble_db_discovery.o
    0x0001e7f0   0x00000070   Code   RO          612    i.on_primary_srv_discovery_rsp  ble_db_discovery.o
    0x0001e860   0x0000006c   Code   RO          613    i.on_srv_disc_completion  ble_db_discovery.o
    0x0001e8cc   0x00000018   Code   RO          966    i.pin_in_use_by_port  nrf_drv_gpiote.o
    0x0001e8e4   0x00000018   Code   RO          967    i.pin_in_use_by_te  nrf_drv_gpiote.o
    0x0001e8fc   0x000000e8   Code   RO         2313    i.recv              socket.o
    0x0001e9e4   0x00000028   Code   RO         2393    i.reg_wizchip_cs_cbfunc  wizchip_conf.o
    0x0001ea0c   0x00000030   Code   RO         2394    i.reg_wizchip_spi_cbfunc  wizchip_conf.o
    0x0001ea3c   0x00000038   Code   RO          614    i.registered_handler_get  ble_db_discovery.o
    0x0001ea74   0x00000044   Code   RO         1495    i.rtc1_stop         app_timer.o
    0x0001eab8   0x00000038   Code   RO         1148    i.rx_byte           nrf_drv_uart.o
    0x0001eaf0   0x0000001c   Code   RO         1149    i.rx_done_event     nrf_drv_uart.o
    0x0001eb0c   0x0000001c   Code   RO         1150    i.rx_enable         nrf_drv_uart.o
    0x0001eb28   0x00000024   Code   RO         2071    i.scan_start        user_ble.o
    0x0001eb4c   0x00000010   Code   RO         1970    i.sd_check_ram_start  softdevice_handler.o
    0x0001eb5c   0x0000008c   Code   RO         1971    i.sd_nvic_EnableIRQ  softdevice_handler.o
    0x0001ebe8   0x0000010c   Code   RO         2315    i.send              socket.o
    0x0001ecf4   0x00000118   Code   RO         2318    i.socket            socket.o
    0x0001ee0c   0x00000014   Code   RO         1972    i.softdevice_ble_evt_handler_set  softdevice_handler.o
    0x0001ee20   0x00000014   Code   RO         1973    i.softdevice_enable  softdevice_handler.o
    0x0001ee34   0x00000028   Code   RO         1974    i.softdevice_enable_get_default_config  softdevice_handler.o
    0x0001ee5c   0x00000008   Code   RO         1975    i.softdevice_fault_handler  softdevice_handler.o
    0x0001ee64   0x00000034   Code   RO         1976    i.softdevice_handler_init  softdevice_handler.o
    0x0001ee98   0x00000018   Code   RO         2220    i.spi0_master_init  user_spi.o
    0x0001eeb0   0x000000a0   Code   RO         2221    i.spi_master_init   user_spi.o
    0x0001ef50   0x0000005c   Code   RO         2222    i.spi_master_rx     user_spi.o
    0x0001efac   0x00000060   Code   RO         2223    i.spi_master_tx     user_spi.o
    0x0001f00c   0x00000148   Code   RO            7    i.tcp_con_timer     main.o
    0x0001f154   0x00000068   Code   RO            8    i.tcps_to_ble       main.o
    0x0001f1bc   0x00000084   Code   RO         1496    i.timer_list_handler  app_timer.o
    0x0001f240   0x00000010   Code   RO         1497    i.timer_list_handler_sched  app_timer.o
    0x0001f250   0x00000040   Code   RO         1498    i.timer_list_insert  app_timer.o
    0x0001f290   0x00000080   Code   RO         1499    i.timer_timeouts_check  app_timer.o
    0x0001f310   0x0000002c   Code   RO         1151    i.tx_byte           nrf_drv_uart.o
    0x0001f33c   0x00000020   Code   RO         1152    i.tx_done_event     nrf_drv_uart.o
    0x0001f35c   0x00000058   Code   RO            9    i.uart_event_handle  main.o
    0x0001f3b4   0x000000b0   Code   RO          818    i.uart_event_handler  app_uart_fifo.o
    0x0001f464   0x00000044   Code   RO         2132    i.uart_init         user_uart.o
    0x0001f4a8   0x00000128   Code   RO         1153    i.uart_irq_handler  nrf_drv_uart.o
    0x0001f5d0   0x000000f4   Code   RO         2155    i.user_ethernet_init  user_ethernet.o
    0x0001f6c4   0x00000054   Code   RO         1500    i.user_id_get       app_timer.o
    0x0001f718   0x00000026   Code   RO         1501    i.user_op_alloc     app_timer.o
    0x0001f73e   0x00000002   PAD
    0x0001f740   0x00000054   Code   RO         2613    i.wiz_recv_data     w5500.o
    0x0001f794   0x00000054   Code   RO         2615    i.wiz_send_data     w5500.o
    0x0001f7e8   0x00000004   Code   RO         2396    i.wizchip_bus_readdata  wizchip_conf.o
    0x0001f7ec   0x00000004   Code   RO         2397    i.wizchip_bus_writedata  wizchip_conf.o
    0x0001f7f0   0x0000001e   Code   RO         2398    i.wizchip_clrinterrupt  wizchip_conf.o
    0x0001f80e   0x00000002   Code   RO         2399    i.wizchip_cris_enter  wizchip_conf.o
    0x0001f810   0x00000002   Code   RO         2400    i.wizchip_cris_exit  wizchip_conf.o
    0x0001f812   0x00000002   Code   RO         2401    i.wizchip_cs_deselect  wizchip_conf.o
    0x0001f814   0x00000002   Code   RO         2402    i.wizchip_cs_select  wizchip_conf.o
    0x0001f816   0x00000002   PAD
    0x0001f818   0x00000010   Code   RO         2156    i.wizchip_deselect  user_ethernet.o
    0x0001f828   0x0000001e   Code   RO         2403    i.wizchip_getinterrupt  wizchip_conf.o
    0x0001f846   0x0000001c   Code   RO         2404    i.wizchip_getinterruptmask  wizchip_conf.o
    0x0001f862   0x00000002   PAD
    0x0001f864   0x00000058   Code   RO         2405    i.wizchip_getnetinfo  wizchip_conf.o
    0x0001f8bc   0x0000000a   Code   RO         2406    i.wizchip_getnetmode  wizchip_conf.o
    0x0001f8c6   0x00000026   Code   RO         2407    i.wizchip_gettimeout  wizchip_conf.o
    0x0001f8ec   0x0000007c   Code   RO         2408    i.wizchip_init      wizchip_conf.o
    0x0001f968   0x00000012   Code   RO         2157    i.wizchip_read      user_ethernet.o
    0x0001f97a   0x00000002   PAD
    0x0001f97c   0x00000010   Code   RO         2158    i.wizchip_select    user_ethernet.o
    0x0001f98c   0x0000001a   Code   RO         2409    i.wizchip_setinterruptmask  wizchip_conf.o
    0x0001f9a6   0x00000002   PAD
    0x0001f9a8   0x00000058   Code   RO         2410    i.wizchip_setnetinfo  wizchip_conf.o
    0x0001fa00   0x00000024   Code   RO         2411    i.wizchip_setnetmode  wizchip_conf.o
    0x0001fa24   0x00000026   Code   RO         2412    i.wizchip_settimeout  wizchip_conf.o
    0x0001fa4a   0x00000004   Code   RO         2414    i.wizchip_spi_readbyte  wizchip_conf.o
    0x0001fa4e   0x00000002   Code   RO         2416    i.wizchip_spi_writebyte  wizchip_conf.o
    0x0001fa50   0x00000074   Code   RO         2417    i.wizchip_sw_reset  wizchip_conf.o
    0x0001fac4   0x0000000e   Code   RO         2159    i.wizchip_write     user_ethernet.o
    0x0001fad2   0x0000004e   Code   RO         2418    i.wizphy_getphyconf  wizchip_conf.o
    0x0001fb20   0x00000012   Code   RO         2419    i.wizphy_getphylink  wizchip_conf.o
    0x0001fb32   0x00000018   Code   RO         2420    i.wizphy_getphypmode  wizchip_conf.o
    0x0001fb4a   0x00000028   Code   RO         2422    i.wizphy_reset      wizchip_conf.o
    0x0001fb72   0x00000042   Code   RO         2423    i.wizphy_setphyconf  wizchip_conf.o
    0x0001fbb4   0x00000054   Code   RO         2424    i.wizphy_setphypmode  wizchip_conf.o
    0x0001fc08   0x0000000c   Data   RO           15    .constdata          main.o
    0x0001fc14   0x0000003c   Data   RO          313    .constdata          bsp.o
    0x0001fc50   0x00000028   Data   RO          709    .constdata          ble_nus_c.o
    0x0001fc78   0x00000020   Data   RO          820    .constdata          app_uart_fifo.o
    0x0001fc98   0x00000020   Data   RO         1155    .constdata          nrf_drv_uart.o
    0x0001fcb8   0x00000008   Data   RO         1304    .constdata          app_button.o
    0x0001fcc0   0x00000020   Data   RO         2073    .constdata          user_ble.o
    0x0001fce0   0x0000000c   Data   RO         2134    .constdata          user_uart.o
    0x0001fcec   0x00000010   Data   RO         2160    .constdata          user_ethernet.o
    0x0001fcfc   0x00000006   Data   RO         2226    .constdata          user_spi.o
    0x0001fd02   0x00000002   PAD
    0x0001fd04   0x00000020   Data   RO         3026    Region$$Table       anon$$obj.o


    Execution Region RW_IRAM1 (Base: 0x20001eb0, Size: 0x000011f8, Max: 0x00006150, ABSOLUTE)

    Base Addr    Size         Type   Attr      Idx    E Section Name        Object

    0x20001eb0   0x0000000c   Data   RW           16    .data               main.o
    0x20001ebc   0x00000018   Data   RW          314    .data               bsp.o
    0x20001ed4   0x00000008   Data   RW          404    .data               bsp_btn_ble.o
    0x20001edc   0x00000010   Data   RW          616    .data               ble_db_discovery.o
    0x20001eec   0x00000008   Data   RW          821    .data               app_uart_fifo.o
    0x20001ef4   0x00000014   Data   RW         1305    .data               app_button.o
    0x20001f08   0x00000020   Data   RW         1502    .data               app_timer.o
    0x20001f28   0x00000004   Data   RW         1789    .data               retarget.o
    0x20001f2c   0x0000001c   Data   RW         1980    .data               softdevice_handler.o
    0x20001f48   0x00000017   Data   RW         2161    .data               user_ethernet.o
    0x20001f5f   0x00000001   PAD
    0x20001f60   0x0000000c   Data   RW         2227    .data               user_spi.o
    0x20001f6c   0x0000000e   Data   RW         2320    .data               socket.o
    0x20001f7a   0x00000002   PAD
    0x20001f7c   0x00000030   Data   RW         2425    .data               wizchip_conf.o
    0x20001fac   0x00000004   Data   RW         2679    .data               system_nrf51.o
    0x20001fb0   0x00000020   Zero   RW           10    .bss                main.o
    0x20001fd0   0x00000020   Zero   RW           11    .bss                main.o
    0x20001ff0   0x00000020   Zero   RW           12    .bss                main.o
    0x20002010   0x00000160   Zero   RW           13    .bss                main.o
    0x20002170   0x00000020   Zero   RW          309    .bss                bsp.o
    0x20002190   0x00000020   Zero   RW          310    .bss                bsp.o
    0x200021b0   0x0000000c   Zero   RW          311    .bss                bsp.o
    0x200021bc   0x00000020   Zero   RW          312    .bss                bsp.o
    0x200021dc   0x000001f8   Zero   RW          615    .bss                ble_db_discovery.o
    0x200023d4   0x00000020   Zero   RW          819    .bss                app_uart_fifo.o
    0x200023f4   0x00000048   Zero   RW          968    .bss                nrf_drv_gpiote.o
    0x2000243c   0x0000001c   Zero   RW         1154    .bss                nrf_drv_uart.o
    0x20002458   0x00000020   Zero   RW         1303    .bss                app_button.o
    0x20002478   0x00000214   Zero   RW         2072    .bss                user_ble.o
    0x2000268c   0x00000200   Zero   RW         2133    .bss                user_uart.o
    0x2000288c   0x0000000c   Zero   RW         2225    .bss                user_spi.o
    0x20002898   0x00000010   Zero   RW         2319    .bss                socket.o
    0x200028a8   0x00000800   Zero   RW         2667    STACK               arm_startup_nrf51.o


==============================================================================

Image component sizes


      Code (inc. data)   RO Data    RW Data    ZI Data      Debug   Object Name

       328         34          8         20         32       9302   app_button.o
        24          4          0          0          0       2313   app_error.o
        28         10          0          0          0       7138   app_error_weak.o
       122          0          0          0          0       4518   app_fifo.o
      1696        150          0         32          0      34911   app_timer.o
       444         42         32          8         32      10682   app_uart_fifo.o
        56         18        192          0       2048        752   arm_startup_nrf51.o
      1450         76          0         16        504      16163   ble_db_discovery.o
       458         26         40          0          0      15042   ble_nus_c.o
      1114        118         60         24        108      10553   bsp.o
       284         10          0          8          0       4917   bsp_btn_ble.o
      1216        372         12         12        448      92645   main.o
        96         18          0          0          0       8708   nrf_drv_common.o
      1036        126          0          0         72      23372   nrf_drv_gpiote.o
      1216        140         32          0         28      27322   nrf_drv_uart.o
        14          0          0          4          0       2946   retarget.o
      1288         74          0         14         16       7811   socket.o
       448         58          0         28          0      19068   softdevice_handler.o
       232         36          0          4          0       2527   system_nrf51.o
       654         54         32          0        532       7887   user_ble.o
       620        318         16         23          0       7569   user_ethernet.o
       428         32          6         12         12       8845   user_spi.o
        68         14         12          0        512       1276   user_uart.o
       716         58          0          0          0       7416   w5500.o
      1370         86          0         48          0      26683   wizchip_conf.o

    ----------------------------------------------------------------------
     15432       1874        476        256       4344     360366   Object Totals
         0          0         32          0          0          0   (incl. Generated)
        26          0          2          3          0          0   (incl. Padding)

    ----------------------------------------------------------------------

      Code (inc. data)   RO Data    RW Data    ZI Data      Debug   Library Member Name

         0          0          0          0          0          0   entry.o
         0          0          0          0          0          0   entry10a.o
         0          0          0          0          0          0   entry11a.o
         8          4          0          0          0          0   entry2.o
         4          0          0          0          0          0   entry5.o
         0          0          0          0          0          0   entry7b.o
         0          0          0          0          0          0   entry8b.o
         8          4          0          0          0          0   entry9a.o
        30          0          0          0          0          0   handlers.o
        36          8          0          0          0         68   init.o
         0          0          0          0          0          0   iusefp.o
        32          0          0          0          0         68   llshl.o
        38          0          0          0          0         68   llsshr.o
        34          0          0          0          0         68   llushr.o
        36          0          0          0          0         60   memcpya.o
        36          0          0          0          0        100   memseta.o
      2274        102          0          0          0        556   printfa.o
        14          0          0          0          0         60   strlen.o
        44          0          0          0          0         72   uidiv.o
        96          0          0          0          0         84   uldiv.o
        40          2          0          0          0         68   cdrcmple.o
       356          4          0          0          0        140   dadd.o
       240          6          0          0          0         84   ddiv.o
       236          0          0          0          0        216   depilogue.o
        64         10          0          0          0         68   dfixul.o
       208          6          0          0          0         88   dmul.o

    ----------------------------------------------------------------------
      3840        146          0          0          0       1868   Library Totals
         6          0          0          0          0          0   (incl. Padding)

    ----------------------------------------------------------------------

      Code (inc. data)   RO Data    RW Data    ZI Data      Debug   Library Name

      2690        118          0          0          0       1204   mc_p.l
      1144         28          0          0          0        664   mf_p.l

    ----------------------------------------------------------------------
      3840        146          0          0          0       1868   Library Totals

    ----------------------------------------------------------------------

==============================================================================


      Code (inc. data)   RO Data    RW Data    ZI Data      Debug   

     19272       2020        476        256       4344     353438   Grand Totals
     19272       2020        476        256       4344     353438   ELF Image Totals
     19272       2020        476        256          0          0   ROM Totals

==============================================================================

    Total RO  Size (Code + RO Data)                19748 (  19.29kB)
    Total RW  Size (RW Data + ZI Data)              4600 (   4.49kB)
    Total ROM Size (Code + RO Data + RW Data)      20004 (  19.54kB)

==============================================================================

