ARM Linker, 5.02 [Build 28] [MDK-ARM Standard]

==============================================================================

Section Cross References

    main.o(i.ble_nus_c_evt_handler) refers to user_ble.o(i.scan_start) for scan_start
    main.o(i.ble_nus_c_evt_handler) refers to ble_nus_c.o(i.ble_nus_c_handles_assign) for ble_nus_c_handles_assign
    main.o(i.ble_nus_c_evt_handler) refers to app_error.o(i.app_error_handler_bare) for app_error_handler_bare
    main.o(i.ble_nus_c_evt_handler) refers to ble_nus_c.o(i.ble_nus_c_rx_notif_enable) for ble_nus_c_rx_notif_enable
    main.o(i.ble_nus_c_evt_handler) refers to printfa.o(i.__0printf) for __2printf
    main.o(i.ble_nus_c_evt_handler) refers to app_uart_fifo.o(i.app_uart_put) for app_uart_put
    main.o(i.ble_nus_c_evt_handler) refers to memcpya.o(.text) for __aeabi_memcpy
    main.o(i.ble_nus_c_evt_handler) refers to user_ble.o(.bss) for user_m_ble_nus_c
    main.o(i.ble_nus_c_evt_handler) refers to main.o(.data) for .data
    main.o(i.ble_nus_c_evt_handler) refers to main.o(.bss) for .bss
    main.o(i.ble_to_tcps) refers to w5500.o(i.WIZCHIP_READ) for WIZCHIP_READ
    main.o(i.ble_to_tcps) refers to printfa.o(i.__0sprintf) for __2sprintf
    main.o(i.ble_to_tcps) refers to strlen.o(.text) for strlen
    main.o(i.ble_to_tcps) refers to socket.o(i.send) for send
    main.o(i.ble_to_tcps) refers to socket.o(i.close) for close
    main.o(i.ble_to_tcps) refers to main.o(.data) for .data
    main.o(i.ble_to_tcps) refers to user_ble.o(.bss) for user_m_ble_nus_c
    main.o(i.ble_to_tcps) refers to main.o(.bss) for .bss
    main.o(i.bsp_event_handler) refers to bsp.o(i.bsp_indication_set) for bsp_indication_set
    main.o(i.bsp_event_handler) refers to app_error.o(i.app_error_handler_bare) for app_error_handler_bare
    main.o(i.bsp_event_handler) refers to bsp_btn_ble.o(i.bsp_btn_ble_sleep_mode_prepare) for bsp_btn_ble_sleep_mode_prepare
    main.o(i.bsp_event_handler) refers to user_ble.o(.bss) for user_m_ble_nus_c
    main.o(i.main) refers to app_timer.o(i.app_timer_init) for app_timer_init
    main.o(i.main) refers to app_error.o(i.app_error_handler_bare) for app_error_handler_bare
    main.o(i.main) refers to user_uart.o(i.uart_init) for uart_init
    main.o(i.main) refers to bsp.o(i.bsp_init) for bsp_init
    main.o(i.main) refers to bsp_btn_ble.o(i.bsp_btn_ble_init) for bsp_btn_ble_init
    main.o(i.main) refers to user_ble.o(i.db_discovery_init) for db_discovery_init
    main.o(i.main) refers to user_ble.o(i.ble_stack_init) for ble_stack_init
    main.o(i.main) refers to user_ble.o(i.nus_c_init) for nus_c_init
    main.o(i.main) refers to user_spi.o(i.spi0_master_init) for spi0_master_init
    main.o(i.main) refers to user_ethernet.o(i.user_ethernet_init) for user_ethernet_init
    main.o(i.main) refers to app_timer.o(i.app_timer_create) for app_timer_create
    main.o(i.main) refers to app_timer.o(i.app_timer_start) for app_timer_start
    main.o(i.main) refers to user_ble.o(i.scan_start) for scan_start
    main.o(i.main) refers to printfa.o(i.__0printf) for __2printf
    main.o(i.main) refers to main.o(.bss) for .bss
    main.o(i.main) refers to main.o(i.uart_event_handle) for uart_event_handle
    main.o(i.main) refers to main.o(i.bsp_event_handler) for bsp_event_handler
    main.o(i.main) refers to main.o(i.ble_nus_c_evt_handler) for ble_nus_c_evt_handler
    main.o(i.main) refers to main.o(i.tcp_con_timer) for tcp_con_timer
    main.o(i.main) refers to main.o(.constdata) for .constdata
    main.o(i.main) refers to main.o(i.ble_to_tcps) for ble_to_tcps
    main.o(i.main) refers to main.o(i.tcps_to_ble) for tcps_to_ble
    main.o(i.tcp_con_timer) refers to w5500.o(i.WIZCHIP_READ) for WIZCHIP_READ
    main.o(i.tcp_con_timer) refers to printfa.o(i.__0printf) for __2printf
    main.o(i.tcp_con_timer) refers to socket.o(i.disconnect) for disconnect
    main.o(i.tcp_con_timer) refers to socket.o(i.connect) for connect
    main.o(i.tcp_con_timer) refers to socket.o(i.send) for send
    main.o(i.tcp_con_timer) refers to socket.o(i.close) for close
    main.o(i.tcp_con_timer) refers to socket.o(i.socket) for socket
    main.o(i.tcp_con_timer) refers to main.o(.data) for .data
    main.o(i.tcps_to_ble) refers to w5500.o(i.getSn_RX_RSR) for getSn_RX_RSR
    main.o(i.tcps_to_ble) refers to socket.o(i.recv) for recv
    main.o(i.tcps_to_ble) refers to socket.o(i.close) for close
    main.o(i.tcps_to_ble) refers to ble_nus_c.o(i.ble_nus_c_string_send) for ble_nus_c_string_send
    main.o(i.tcps_to_ble) refers to user_ble.o(.bss) for user_m_ble_nus_c
    main.o(i.uart_event_handle) refers to app_error.o(i.app_error_handler_bare) for app_error_handler_bare
    main.o(i.uart_event_handle) refers to app_uart_fifo.o(i.app_uart_get) for app_uart_get
    main.o(i.uart_event_handle) refers to ble_nus_c.o(i.ble_nus_c_string_send) for ble_nus_c_string_send
    main.o(i.uart_event_handle) refers to main.o(.bss) for .bss
[...]
    bsp_led_indication                       0x0001e529   Thumb Code   544  bsp.o(i.bsp_led_indication)
    i.bsp_wakeup_buttons_set                 0x0001e754   Section        0  bsp.o(i.bsp_wakeup_buttons_set)
    i.button_timer_handler                   0x0001e794   Section        0  bsp.o(i.button_timer_handler)
    button_timer_handler                     0x0001e795   Thumb Code     8  bsp.o(i.button_timer_handler)
    i.channel_free                           0x0001e79c   Section        0  nrf_drv_gpiote.o(i.channel_free)
    channel_free                             0x0001e79d   Thumb Code    22  nrf_drv_gpiote.o(i.channel_free)
    i.channel_port_alloc                     0x0001e7b8   Section        0  nrf_drv_gpiote.o(i.channel_port_alloc)
    channel_port_alloc                       0x0001e7b9   Thumb Code    66  nrf_drv_gpiote.o(i.channel_port_alloc)
    i.channel_port_get                       0x0001e800   Section        0  nrf_drv_gpiote.o(i.channel_port_get)
    channel_port_get                         0x0001e801   Thumb Code    10  nrf_drv_gpiote.o(i.channel_port_get)
    i.characteristics_discover               0x0001e810   Section        0  ble_db_discovery.o(i.characteristics_discover)
    characteristics_discover                 0x0001e811   Thumb Code    64  ble_db_discovery.o(i.characteristics_discover)
    i.close                                  0x0001e850   Section        0  socket.o(i.close)
    i.compare_reg_update                     0x0001e8c4   Section        0  app_timer.o(i.compare_reg_update)
    compare_reg_update                       0x0001e8c5   Thumb Code   160  app_timer.o(i.compare_reg_update)
    i.connect                                0x0001e970   Section        0  socket.o(i.connect)
    i.ctlnetwork                             0x0001ea70   Section        0  wizchip_conf.o(i.ctlnetwork)
    i.ctlwizchip                             0x0001eabc   Section        0  wizchip_conf.o(i.ctlwizchip)
    i.db_disc_handler                        0x0001eba4   Section        0  user_ble.o(i.db_disc_handler)
    i.db_discovery_init                      0x0001ebb0   Section        0  user_ble.o(i.db_discovery_init)
    i.descriptors_discover                   0x0001ebcc   Section        0  ble_db_discovery.o(i.descriptors_discover)
    descriptors_discover                     0x0001ebcd   Thumb Code   140  ble_db_discovery.o(i.descriptors_discover)
    i.detection_delay_timeout_handler        0x0001ec58   Section        0  app_button.o(i.detection_delay_timeout_handler)
    detection_delay_timeout_handler          0x0001ec59   Thumb Code    94  app_button.o(i.detection_delay_timeout_handler)
    i.disconnect                             0x0001ecbc   Section        0  socket.o(i.disconnect)
    i.discovery_complete_evt_trigger         0x0001ed48   Section        0  ble_db_discovery.o(i.discovery_complete_evt_trigger)
    discovery_complete_evt_trigger           0x0001ed49   Thumb Code   154  ble_db_discovery.o(i.discovery_complete_evt_trigger)
    i.discovery_error_evt_trigger            0x0001edec   Section        0  ble_db_discovery.o(i.discovery_error_evt_trigger)
    discovery_error_evt_trigger              0x0001eded   Thumb Code    52  ble_db_discovery.o(i.discovery_error_evt_trigger)
    i.elapsed_ticks_acquire                  0x0001ee20   Section        0  app_timer.o(i.elapsed_ticks_acquire)
    elapsed_ticks_acquire                    0x0001ee21   Thumb Code    58  app_timer.o(i.elapsed_ticks_acquire)
    i.fifo_get                               0x0001ee60   Section        0  app_fifo.o(i.fifo_get)
    fifo_get                                 0x0001ee61   Thumb Code    20  app_fifo.o(i.fifo_get)
    i.fifo_put                               0x0001ee74   Section        0  app_fifo.o(i.fifo_put)
    fifo_put                                 0x0001ee75   Thumb Code    18  app_fifo.o(i.fifo_put)
    i.fputc                                  0x0001ee86   Section        0  retarget.o(i.fputc)
    i.getSn_RX_RSR                           0x0001ee94   Section        0  w5500.o(i.getSn_RX_RSR)
    i.getSn_TX_FSR                           0x0001eee0   Section        0  w5500.o(i.getSn_TX_FSR)
    i.gpiote_event_handler                   0x0001ef2c   Section        0  app_button.o(i.gpiote_event_handler)
    gpiote_event_handler                     0x0001ef2d   Thumb Code    78  app_button.o(i.gpiote_event_handler)
    i.intern_softdevice_events_execute       0x0001ef84   Section        0  softdevice_handler.o(i.intern_softdevice_events_execute)
    i.is_desc_discovery_reqd                 0x0001eff4   Section        0  ble_db_discovery.o(i.is_desc_discovery_reqd)
    is_desc_discovery_reqd                   0x0001eff5   Thumb Code    74  ble_db_discovery.o(i.is_desc_discovery_reqd)
    i.is_uuid_present                        0x0001f040   Section        0  user_ble.o(i.is_uuid_present)
    is_uuid_present                          0x0001f041   Thumb Code   224  user_ble.o(i.is_uuid_present)
    i.leds_timer_handler                     0x0001f120   Section        0  bsp.o(i.leds_timer_handler)
    leds_timer_handler                       0x0001f121   Thumb Code    16  bsp.o(i.leds_timer_handler)
    i.list_deletions_handler                 0x0001f134   Section        0  app_timer.o(i.list_deletions_handler)
    list_deletions_handler                   0x0001f135   Thumb Code   182  app_timer.o(i.list_deletions_handler)
    i.list_insertions_handler                0x0001f1f4   Section        0  app_timer.o(i.list_insertions_handler)
    list_insertions_handler                  0x0001f1f5   Thumb Code   200  app_timer.o(i.list_insertions_handler)
    i.main                                   0x0001f2c4   Section        0  main.o(i.main)
    i.network_init                           0x0001f3c8   Section        0  user_ethernet.o(i.network_init)
    i.nrf_drv_common_irq_enable              0x0001f500   Section        0  nrf_drv_common.o(i.nrf_drv_common_irq_enable)
    i.nrf_drv_gpiote_in_event_enable         0x0001f53c   Section        0  nrf_drv_gpiote.o(i.nrf_drv_gpiote_in_event_enable)
    i.nrf_drv_gpiote_in_init                 0x0001f5dc   Section        0  nrf_drv_gpiote.o(i.nrf_drv_gpiote_in_init)
    i.nrf_drv_gpiote_in_is_set               0x0001f68c   Section        0  nrf_drv_gpiote.o(i.nrf_drv_gpiote_in_is_set)
    i.nrf_drv_gpiote_init                    0x0001f6a0   Section        0  nrf_drv_gpiote.o(i.nrf_drv_gpiote_init)
    i.nrf_drv_gpiote_is_init                 0x0001f6f4   Section        0  nrf_drv_gpiote.o(i.nrf_drv_gpiote_is_init)
    i.nrf_drv_uart_init                      0x0001f708   Section        0  nrf_drv_uart.o(i.nrf_drv_uart_init)
    i.nrf_drv_uart_rx                        0x0001f79c   Section        0  nrf_drv_uart.o(i.nrf_drv_uart_rx)
    i.nrf_drv_uart_rx_enable                 0x0001f828   Section        0  nrf_drv_uart.o(i.nrf_drv_uart_rx_enable)
    i.nrf_drv_uart_rx_for_uart               0x0001f848   Section        0  nrf_drv_uart.o(i.nrf_drv_uart_rx_for_uart)
    nrf_drv_uart_rx_for_uart                 0x0001f849   Thumb Code   148  nrf_drv_uart.o(i.nrf_drv_uart_rx_for_uart)
    i.nrf_drv_uart_rx_for_uarte              0x0001f8e4   Section        0  nrf_drv_uart.o(i.nrf_drv_uart_rx_for_uarte)
    nrf_drv_uart_rx_for_uarte                0x0001f8e5   Thumb Code   136  nrf_drv_uart.o(i.nrf_drv_uart_rx_for_uarte)
    i.nrf_drv_uart_tx                        0x0001f978   Section        0  nrf_drv_uart.o(i.nrf_drv_uart_tx)
    i.nrf_drv_uart_tx_for_uart               0x0001fa0c   Section        0  nrf_drv_uart.o(i.nrf_drv_uart_tx_for_uart)
    nrf_drv_uart_tx_for_uart                 0x0001fa0d   Thumb Code   118  nrf_drv_uart.o(i.nrf_drv_uart_tx_for_uart)
    i.nrf_drv_uart_tx_in_progress            0x0001fa8c   Section        0  nrf_drv_uart.o(i.nrf_drv_uart_tx_in_progress)
    i.nrf_gpio_cfg                           0x0001fa9c   Section        0  nrf_drv_gpiote.o(i.nrf_gpio_cfg)
    nrf_gpio_cfg                             0x0001fa9d   Thumb Code    30  nrf_drv_gpiote.o(i.nrf_gpio_cfg)
    i.nrf_gpio_cfg                           0x0001fac0   Section        0  nrf_drv_uart.o(i.nrf_gpio_cfg)
    nrf_gpio_cfg                             0x0001fac1   Thumb Code    30  nrf_drv_uart.o(i.nrf_gpio_cfg)
    i.nrf_gpio_cfg                           0x0001fae4   Section        0  user_spi.o(i.nrf_gpio_cfg)
    nrf_gpio_cfg                             0x0001fae5   Thumb Code    30  user_spi.o(i.nrf_gpio_cfg)
    i.nrf_gpio_cfg_input                     0x0001fb08   Section        0  nrf_drv_uart.o(i.nrf_gpio_cfg_input)
    nrf_gpio_cfg_input                       0x0001fb09   Thumb Code    18  nrf_drv_uart.o(i.nrf_gpio_cfg_input)
    i.nrf_gpio_cfg_output                    0x0001fb1a   Section        0  nrf_drv_uart.o(i.nrf_gpio_cfg_output)
    nrf_gpio_cfg_output                      0x0001fb1b   Thumb Code    20  nrf_drv_uart.o(i.nrf_gpio_cfg_output)
    i.nrf_gpio_cfg_output                    0x0001fb2e   Section        0  user_spi.o(i.nrf_gpio_cfg_output)
    nrf_gpio_cfg_output                      0x0001fb2f   Thumb Code    20  user_spi.o(i.nrf_gpio_cfg_output)
    i.nrf_gpio_cfg_sense_set                 0x0001fb44   Section        0  nrf_drv_gpiote.o(i.nrf_gpio_cfg_sense_set)
    nrf_gpio_cfg_sense_set                   0x0001fb45   Thumb Code    24  nrf_drv_gpiote.o(i.nrf_gpio_cfg_sense_set)
    i.nrf_gpiote_event_clear                 0x0001fb60   Section        0  nrf_drv_gpiote.o(i.nrf_gpiote_event_clear)
    nrf_gpiote_event_clear                   0x0001fb61   Thumb Code    12  nrf_drv_gpiote.o(i.nrf_gpiote_event_clear)
    i.nrf_gpiote_event_is_set                0x0001fb70   Section        0  nrf_drv_gpiote.o(i.nrf_gpiote_event_is_set)
    nrf_gpiote_event_is_set                  0x0001fb71   Thumb Code    12  nrf_drv_gpiote.o(i.nrf_gpiote_event_is_set)
    i.nrf_uart_event_check                   0x0001fb80   Section        0  nrf_drv_uart.o(i.nrf_uart_event_check)
    nrf_uart_event_check                     0x0001fb81   Thumb Code    10  nrf_drv_uart.o(i.nrf_uart_event_check)
    i.nrf_uart_int_enable_check              0x0001fb8a   Section        0  nrf_drv_uart.o(i.nrf_uart_int_enable_check)
    nrf_uart_int_enable_check                0x0001fb8b   Thumb Code    12  nrf_drv_uart.o(i.nrf_uart_int_enable_check)
    i.nrf_uarte_event_check                  0x0001fb96   Section        0  nrf_drv_uart.o(i.nrf_uarte_event_check)
    nrf_uarte_event_check                    0x0001fb97   Thumb Code    10  nrf_drv_uart.o(i.nrf_uarte_event_check)
    i.nus_c_init                             0x0001fba0   Section        0  user_ble.o(i.nus_c_init)
    i.on_ble_evt                             0x0001fbc8   Section        0  user_ble.o(i.on_ble_evt)
    on_ble_evt                               0x0001fbc9   Thumb Code   154  user_ble.o(i.on_ble_evt)
    i.on_characteristic_discovery_rsp        0x0001fc6c   Section        0  ble_db_discovery.o(i.on_characteristic_discovery_rsp)
    on_characteristic_discovery_rsp          0x0001fc6d   Thumb Code   262  ble_db_discovery.o(i.on_characteristic_discovery_rsp)
    i.on_descriptor_discovery_rsp            0x0001fd78   Section        0  ble_db_discovery.o(i.on_descriptor_discovery_rsp)
    on_descriptor_discovery_rsp              0x0001fd79   Thumb Code   196  ble_db_discovery.o(i.on_descriptor_discovery_rsp)
    i.on_primary_srv_discovery_rsp           0x0001fe40   Section        0  ble_db_discovery.o(i.on_primary_srv_discovery_rsp)
    on_primary_srv_discovery_rsp             0x0001fe41   Thumb Code   108  ble_db_discovery.o(i.on_primary_srv_discovery_rsp)
    i.on_srv_disc_completion                 0x0001feb0   Section        0  ble_db_discovery.o(i.on_srv_disc_completion)
    on_srv_disc_completion                   0x0001feb1   Thumb Code   116  ble_db_discovery.o(i.on_srv_disc_completion)
    i.pin_in_use_by_port                     0x0001ff2c   Section        0  nrf_drv_gpiote.o(i.pin_in_use_by_port)
    pin_in_use_by_port                       0x0001ff2d   Thumb Code    20  nrf_drv_gpiote.o(i.pin_in_use_by_port)
    i.pin_in_use_by_te                       0x0001ff44   Section        0  nrf_drv_gpiote.o(i.pin_in_use_by_te)
    pin_in_use_by_te                         0x0001ff45   Thumb Code    20  nrf_drv_gpiote.o(i.pin_in_use_by_te)
    i.recv                                   0x0001ff5c   Section        0  socket.o(i.recv)
    i.reg_wizchip_cs_cbfunc                  0x00020040   Section        0  wizchip_conf.o(i.reg_wizchip_cs_cbfunc)
    i.reg_wizchip_spi_cbfunc                 0x00020064   Section        0  wizchip_conf.o(i.reg_wizchip_spi_cbfunc)
    i.registered_handler_get                 0x00020090   Section        0  ble_db_discovery.o(i.registered_handler_get)
    registered_handler_get                   0x00020091   Thumb Code    48  ble_db_discovery.o(i.registered_handler_get)
    i.rtc1_stop                              0x000200c8   Section        0  app_timer.o(i.rtc1_stop)
    rtc1_stop                                0x000200c9   Thumb Code    48  app_timer.o(i.rtc1_stop)
    i.rx_byte                                0x00020104   Section        0  nrf_drv_uart.o(i.rx_byte)
    rx_byte                                  0x00020105   Thumb Code    38  nrf_drv_uart.o(i.rx_byte)
    i.rx_done_event                          0x00020138   Section        0  nrf_drv_uart.o(i.rx_done_event)
    rx_done_event                            0x00020139   Thumb Code    26  nrf_drv_uart.o(i.rx_done_event)
    i.rx_enable                              0x00020158   Section        0  nrf_drv_uart.o(i.rx_enable)
    rx_enable                                0x00020159   Thumb Code    18  nrf_drv_uart.o(i.rx_enable)
    i.scan_start                             0x00020170   Section        0  user_ble.o(i.scan_start)
    i.sd_check_ram_start                     0x00020194   Section        0  softdevice_handler.o(i.sd_check_ram_start)
    i.sd_nvic_EnableIRQ                      0x000201a0   Section        0  softdevice_handler.o(i.sd_nvic_EnableIRQ)
    sd_nvic_EnableIRQ                        0x000201a1   Thumb Code   136  softdevice_handler.o(i.sd_nvic_EnableIRQ)
    i.send                                   0x00020238   Section        0  socket.o(i.send)
    i.socket                                 0x00020344   Section        0  socket.o(i.socket)
    i.softdevice_ble_evt_handler_set         0x0002045c   Section        0  softdevice_handler.o(i.softdevice_ble_evt_handler_set)
    i.softdevice_enable                      0x00020470   Section        0  softdevice_handler.o(i.softdevice_enable)
    i.softdevice_enable_get_default_config   0x00020480   Section        0  softdevice_handler.o(i.softdevice_enable_get_default_config)
    i.softdevice_fault_handler               0x000204a6   Section        0  softdevice_handler.o(i.softdevice_fault_handler)
    i.softdevice_handler_init                0x000204ac   Section        0  softdevice_handler.o(i.softdevice_handler_init)
    i.spi0_master_init                       0x000204e0   Section        0  user_spi.o(i.spi0_master_init)
    i.spi_master_init                        0x000204fc   Section        0  user_spi.o(i.spi_master_init)
    i.spi_master_rx                          0x000205a4   Section        0  user_spi.o(i.spi_master_rx)
    i.spi_master_tx                          0x000205fc   Section        0  user_spi.o(i.spi_master_tx)
    i.tcp_con_timer                          0x00020654   Section        0  main.o(i.tcp_con_timer)
    i.tcps_to_ble                            0x000207a4   Section        0  main.o(i.tcps_to_ble)
    i.timer_list_handler                     0x00020810   Section        0  app_timer.o(i.timer_list_handler)
    timer_list_handler                       0x00020811   Thumb Code   128  app_timer.o(i.timer_list_handler)
    i.timer_list_insert                      0x00020894   Section        0  app_timer.o(i.timer_list_insert)
    timer_list_insert                        0x00020895   Thumb Code    56  app_timer.o(i.timer_list_insert)
    i.timer_timeouts_check                   0x000208d0   Section        0  app_timer.o(i.timer_timeouts_check)
    timer_timeouts_check                     0x000208d1   Thumb Code   124  app_timer.o(i.timer_timeouts_check)
    i.tx_byte                                0x00020954   Section        0  nrf_drv_uart.o(i.tx_byte)
    tx_byte                                  0x00020955   Thumb Code    26  nrf_drv_uart.o(i.tx_byte)
    i.tx_done_event                          0x0002097c   Section        0  nrf_drv_uart.o(i.tx_done_event)
    tx_done_event                            0x0002097d   Thumb Code    30  nrf_drv_uart.o(i.tx_done_event)
    i.uart_event_handle                      0x000209a0   Section        0  main.o(i.uart_event_handle)
    i.uart_event_handler                     0x000209f8   Section        0  app_uart_fifo.o(i.uart_event_handler)
    uart_event_handler                       0x000209f9   Thumb Code   160  app_uart_fifo.o(i.uart_event_handler)
    i.uart_init                              0x00020aa0   Section        0  user_uart.o(i.uart_init)
    i.uart_irq_handler                       0x00020ae4   Section        0  nrf_drv_uart.o(i.uart_irq_handler)
    uart_irq_handler                         0x00020ae5   Thumb Code   252  nrf_drv_uart.o(i.uart_irq_handler)
    i.uarte_irq_handler                      0x00020bec   Section        0  nrf_drv_uart.o(i.uarte_irq_handler)
    uarte_irq_handler                        0x00020bed   Thumb Code   208  nrf_drv_uart.o(i.uarte_irq_handler)
    i.user_ethernet_init                     0x00020cc8   Section        0  user_ethernet.o(i.user_ethernet_init)
    i.user_id_get                            0x00020dc0   Section        0  app_timer.o(i.user_id_get)
    user_id_get                              0x00020dc1   Thumb Code    54  app_timer.o(i.user_id_get)
    i.user_op_alloc                          0x00020e00   Section        0  app_timer.o(i.user_op_alloc)
    user_op_alloc                            0x00020e01   Thumb Code    40  app_timer.o(i.user_op_alloc)
    i.wiz_recv_data                          0x00020e28   Section        0  w5500.o(i.wiz_recv_data)
    i.wiz_send_data                          0x00020e84   Section        0  w5500.o(i.wiz_send_data)
    i.wizchip_bus_readdata                   0x00020ee0   Section        0  wizchip_conf.o(i.wizchip_bus_readdata)
    i.wizchip_bus_writedata                  0x00020ee4   Section        0  wizchip_conf.o(i.wizchip_bus_writedata)
    i.wizchip_clrinterrupt                   0x00020ee8   Section        0  wizchip_conf.o(i.wizchip_clrinterrupt)
    i.wizchip_cris_enter                     0x00020f06   Section        0  wizchip_conf.o(i.wizchip_cris_enter)
    i.wizchip_cris_exit                      0x00020f08   Section        0  wizchip_conf.o(i.wizchip_cris_exit)
    i.wizchip_cs_deselect                    0x00020f0a   Section        0  wizchip_conf.o(i.wizchip_cs_deselect)
    i.wizchip_cs_select                      0x00020f0c   Section        0  wizchip_conf.o(i.wizchip_cs_select)
    i.wizchip_deselect                       0x00020f10   Section        0  user_ethernet.o(i.wizchip_deselect)
    i.wizchip_getinterrupt                   0x00020f20   Section        0  wizchip_conf.o(i.wizchip_getinterrupt)
    i.wizchip_getinterruptmask               0x00020f3e   Section        0  wizchip_conf.o(i.wizchip_getinterruptmask)
    i.wizchip_getnetinfo                     0x00020f5c   Section        0  wizchip_conf.o(i.wizchip_getnetinfo)
    i.wizchip_getnetmode                     0x00020fb4   Section        0  wizchip_conf.o(i.wizchip_getnetmode)
    i.wizchip_gettimeout                     0x00020fba   Section        0  wizchip_conf.o(i.wizchip_gettimeout)
    i.wizchip_init                           0x00020fe2   Section        0  wizchip_conf.o(i.wizchip_init)
    i.wizchip_read                           0x0002105c   Section        0  user_ethernet.o(i.wizchip_read)
    i.wizchip_select                         0x00021070   Section        0  user_ethernet.o(i.wizchip_select)
    i.wizchip_setinterruptmask               0x00021080   Section        0  wizchip_conf.o(i.wizchip_setinterruptmask)
    i.wizchip_setnetinfo                     0x0002109c   Section        0  wizchip_conf.o(i.wizchip_setnetinfo)
    i.wizchip_setnetmode                     0x000210f4   Section        0  wizchip_conf.o(i.wizchip_setnetmode)
    i.wizchip_settimeout                     0x00021118   Section        0  wizchip_conf.o(i.wizchip_settimeout)
    i.wizchip_spi_readbyte                   0x00021142   Section        0  wizchip_conf.o(i.wizchip_spi_readbyte)
    i.wizchip_spi_writebyte                  0x00021146   Section        0  wizchip_conf.o(i.wizchip_spi_writebyte)
    i.wizchip_sw_reset                       0x00021148   Section        0  wizchip_conf.o(i.wizchip_sw_reset)
    i.wizchip_write                          0x000211bc   Section        0  user_ethernet.o(i.wizchip_write)
    i.wizphy_getphyconf                      0x000211ca   Section        0  wizchip_conf.o(i.wizphy_getphyconf)
    i.wizphy_getphylink                      0x00021218   Section        0  wizchip_conf.o(i.wizphy_getphylink)
    i.wizphy_getphypmode                     0x0002122a   Section        0  wizchip_conf.o(i.wizphy_getphypmode)
    i.wizphy_reset                           0x00021242   Section        0  wizchip_conf.o(i.wizphy_reset)
    i.wizphy_setphyconf                      0x0002126c   Section        0  wizchip_conf.o(i.wizphy_setphyconf)
    i.wizphy_setphypmode                     0x000212b6   Section        0  wizchip_conf.o(i.wizphy_setphypmode)
    .constdata                               0x00021308   Section       12  main.o(.constdata)
    tcp_con_timer_id                         0x00021308   Data           4  main.o(.constdata)
    ble_to_tcps_timer_id                     0x0002130c   Data           4  main.o(.constdata)
    tcps_to_ble_timer_id                     0x00021310   Data           4  main.o(.constdata)
    .constdata                               0x00021314   Section       60  bsp.o(.constdata)
    m_leds_timer_id                          0x00021314   Data           4  bsp.o(.constdata)
    m_alert_timer_id                         0x00021318   Data           4  bsp.o(.constdata)
    m_button_timer_id                        0x0002131c   Data           4  bsp.o(.constdata)
    m_buttons_list                           0x00021320   Data          16  bsp.o(.constdata)
    app_buttons                              0x00021330   Data          32  bsp.o(.constdata)
    .constdata                               0x00021350   Section       40  ble_nus_c.o(.constdata)
    .constdata                               0x00021378   Section       32  app_uart_fifo.o(.constdata)
    .constdata                               0x00021398   Section       32  nrf_drv_uart.o(.constdata)
    m_default_config                         0x00021398   Data          32  nrf_drv_uart.o(.constdata)
    .constdata                               0x000213b8   Section        8  app_button.o(.constdata)
    m_detection_delay_timer_id               0x000213b8   Data           4  app_button.o(.constdata)
    .constdata                               0x000213c0   Section       32  user_ble.o(.constdata)
    .constdata                               0x000213e0   Section       12  user_uart.o(.constdata)
    .constdata                               0x000213ec   Section       16  user_ethernet.o(.constdata)
    .constdata                               0x000213fc   Section        6  user_spi.o(.constdata)
    .data                                    0x20001eb0   Section       12  main.o(.data)
    data_in_flag                             0x20001eb0   Data           1  main.o(.data)
    index                                    0x20001eb1   Data           1  main.o(.data)
    ble_input_data_len                       0x20001eb2   Data           1  main.o(.data)
    .data                                    0x20001ebc   Section       24  bsp.o(.data)
    m_stable_state                           0x20001ebc   Data           1  bsp.o(.data)
    current_long_push_pin_no                 0x20001ebd   Data           1  bsp.o(.data)
    m_app_ticks_per_100ms                    0x20001ec0   Data           4  bsp.o(.data)
    m_indication_type                        0x20001ec4   Data           4  bsp.o(.data)
    m_alert_mask                             0x20001ec8   Data           4  bsp.o(.data)
    m_registered_callback                    0x20001ecc   Data           4  bsp.o(.data)
    release_event_at_push                    0x20001ed0   Data           4  bsp.o(.data)
    .data                                    0x20001ed4   Section        8  bsp_btn_ble.o(.data)
    m_error_handler                          0x20001ed4   Data           4  bsp_btn_ble.o(.data)
    m_num_connections                        0x20001ed8   Data           4  bsp_btn_ble.o(.data)
    .data                                    0x20001edc   Section        4  system_nrf52.o(.data)
    __tagsym$$used                           0x20001edc   Number         0  system_nrf52.o(.data)
    .data                                    0x20001ee0   Section       16  ble_db_discovery.o(.data)
    m_initialized                            0x20001ee0   Data           1  ble_db_discovery.o(.data)
    m_evt_handler                            0x20001ee4   Data           4  ble_db_discovery.o(.data)
    m_pending_usr_evt_index                  0x20001ee8   Data           4  ble_db_discovery.o(.data)
    m_num_of_handlers_reg                    0x20001eec   Data           4  ble_db_discovery.o(.data)
    .data                                    0x20001ef0   Section        8  app_uart_fifo.o(.data)
    tx_buffer                                0x20001ef0   Data           1  app_uart_fifo.o(.data)
    rx_buffer                                0x20001ef1   Data           1  app_uart_fifo.o(.data)
    m_event_handler                          0x20001ef4   Data           4  app_uart_fifo.o(.data)
    .data                                    0x20001ef8   Section       20  app_button.o(.data)
    m_button_count                           0x20001ef8   Data           1  app_button.o(.data)
    mp_buttons                               0x20001efc   Data           4  app_button.o(.data)
    m_detection_delay                        0x20001f00   Data           4  app_button.o(.data)
    m_pin_state                              0x20001f04   Data           4  app_button.o(.data)
    m_pin_transition                         0x20001f08   Data           4  app_button.o(.data)
    .data                                    0x20001f0c   Section       32  app_timer.o(.data)
    m_user_array_size                        0x20001f0c   Data           1  app_timer.o(.data)
    m_ticks_elapsed_q_read_ind               0x20001f0d   Data           1  app_timer.o(.data)
    m_ticks_elapsed_q_write_ind              0x20001f0e   Data           1  app_timer.o(.data)
    m_rtc1_running                           0x20001f0f   Data           1  app_timer.o(.data)
    m_rtc1_reset                             0x20001f10   Data           1  app_timer.o(.data)
    mp_users                                 0x20001f14   Data           4  app_timer.o(.data)
    mp_timer_id_head                         0x20001f18   Data           4  app_timer.o(.data)
    m_ticks_latest                           0x20001f1c   Data           4  app_timer.o(.data)
    m_evt_schedule_func                      0x20001f20   Data           4  app_timer.o(.data)
    m_ticks_elapsed                          0x20001f24   Data           8  app_timer.o(.data)
    .data                                    0x20001f2c   Section        4  retarget.o(.data)
    .data                                    0x20001f30   Section       20  softdevice_handler.o(.data)
    m_softdevice_enabled                     0x20001f30   Data           1  softdevice_handler.o(.data)
    m_ble_evt_buffer_size                    0x20001f32   Data           2  softdevice_handler.o(.data)
    m_evt_schedule_func                      0x20001f34   Data           4  softdevice_handler.o(.data)
    mp_ble_evt_buffer                        0x20001f38   Data           4  softdevice_handler.o(.data)
    m_ble_evt_handler                        0x20001f3c   Data           4  softdevice_handler.o(.data)
    m_sys_evt_handler                        0x20001f40   Data           4  softdevice_handler.o(.data)
    .data                                    0x20001f44   Section       23  user_ethernet.o(.data)
    .data                                    0x20001f5c   Section       12  user_spi.o(.data)
    SPI                                      0x20001f5c   Data           4  user_spi.o(.data)
    spi_base                                 0x20001f60   Data           8  user_spi.o(.data)
    .data                                    0x20001f68   Section       14  socket.o(.data)
    sock_any_port                            0x20001f68   Data           2  socket.o(.data)
    sock_io_mode                             0x20001f6a   Data           2  socket.o(.data)
    sock_is_sending                          0x20001f6c   Data           2  socket.o(.data)
    .data                                    0x20001f78   Section       48  wizchip_conf.o(.data)
    _DHCP_                                   0x20001f78   Data           1  wizchip_conf.o(.data)
    _DNS_                                    0x20001f79   Data           4  wizchip_conf.o(.data)
    .bss                                     0x20001fa8   Section       32  main.o(.bss)
    tcp_con_timer_id_data                    0x20001fa8   Data          32  main.o(.bss)
    .bss                                     0x20001fc8   Section       32  main.o(.bss)
    ble_to_tcps_timer_id_data                0x20001fc8   Data          32  main.o(.bss)
    .bss                                     0x20001fe8   Section       32  main.o(.bss)
    tcps_to_ble_timer_id_data                0x20001fe8   Data          32  main.o(.bss)
    .bss                                     0x20002008   Section      352  main.o(.bss)
    data_array                               0x20002008   Data          20  main.o(.bss)
    APP_TIMER_BUF                            0x2000201c   Data         312  main.o(.bss)
    ble_input_data                           0x20002154   Data          20  main.o(.bss)
    .bss                                     0x20002168   Section       32  bsp.o(.bss)
    m_leds_timer_id_data                     0x20002168   Data          32  bsp.o(.bss)
    .bss                                     0x20002188   Section       32  bsp.o(.bss)
    m_alert_timer_id_data                    0x20002188   Data          32  bsp.o(.bss)
    .bss                                     0x200021a8   Section       12  bsp.o(.bss)
    m_events_list                            0x200021a8   Data          12  bsp.o(.bss)
    .bss                                     0x200021b4   Section       32  bsp.o(.bss)
    m_button_timer_id_data                   0x200021b4   Data          32  bsp.o(.bss)
    .bss                                     0x200021d4   Section      504  ble_db_discovery.o(.bss)
    m_registered_handlers                    0x200021d4   Data          24  ble_db_discovery.o(.bss)
    m_pending_user_evts                      0x200021ec   Data         480  ble_db_discovery.o(.bss)
    .bss                                     0x200023cc   Section       32  app_uart_fifo.o(.bss)
    m_rx_fifo                                0x200023cc   Data          16  app_uart_fifo.o(.bss)
    m_tx_fifo                                0x200023dc   Data          16  app_uart_fifo.o(.bss)
    .bss                                     0x200023ec   Section       88  nrf_drv_gpiote.o(.bss)
    m_cb                                     0x200023ec   Data          88  nrf_drv_gpiote.o(.bss)
    .bss                                     0x20002444   Section       32  nrf_drv_uart.o(.bss)
    m_cb                                     0x20002444   Data          32  nrf_drv_uart.o(.bss)
    .bss                                     0x20002464   Section       32  app_button.o(.bss)
    m_detection_delay_timer_id_data          0x20002464   Data          32  app_button.o(.bss)
    .bss                                     0x20002484   Section       12  softdevice_handler.o(.bss)
    .bss                                     0x20002490   Section      532  user_ble.o(.bss)
    BLE_EVT_BUFFER                           0x20002490   Data          72  user_ble.o(.bss)
    .bss                                     0x200026a4   Section      512  user_uart.o(.bss)
    rx_buf                                   0x200026a4   Data         256  user_uart.o(.bss)
    tx_buf                                   0x200027a4   Data         256  user_uart.o(.bss)
    .bss                                     0x200028a4   Section       12  user_spi.o(.bss)
    spi_config_table                         0x200028a4   Data          12  user_spi.o(.bss)
    .bss                                     0x200028b0   Section       16  socket.o(.bss)
    sock_remained_size                       0x200028b0   Data          16  socket.o(.bss)
    STACK                                    0x200028c0   Section     8192  arm_startup_nrf52.o(STACK)

    Global Symbols

    Symbol Name                              Value     Ov Type        Size  Object(Section)

    BuildAttributes$$THM_ISAv4$E$P$D$K$B$S$7EM$VFPi3$EXTD16$VFPS$VFMA$PE$A:L22UL41UL21$X:L11$S22US41US21$IEEE1$IW$USESV6$~STKCKD$USESV7$~SHL$OSPACE$ROPI$EBA8$MICROLIB$REQ8$PRES8$EABIv2 0x00000000   Number         0  anon$$obj.o ABSOLUTE
    __ARM_use_no_argv                        0x00000000   Number         0  main.o ABSOLUTE
    _printf_a                                0x00000000   Number         0  stubs.o ABSOLUTE
    _printf_c                                0x00000000   Number         0  stubs.o ABSOLUTE
    _printf_charcount                        0x00000000   Number         0  stubs.o ABSOLUTE
    _printf_d                                0x00000000   Number         0  stubs.o ABSOLUTE
    _printf_e                                0x00000000   Number         0  stubs.o ABSOLUTE
    _printf_f                                0x00000000   Number         0  stubs.o ABSOLUTE
    _printf_flags                            0x00000000   Number         0  stubs.o ABSOLUTE
    _printf_fp_dec                           0x00000000   Number         0  stubs.o ABSOLUTE
    _printf_fp_hex                           0x00000000   Number         0  stubs.o ABSOLUTE
    _printf_g                                0x00000000   Number         0  stubs.o ABSOLUTE
    _printf_i                                0x00000000   Number         0  stubs.o ABSOLUTE
    _printf_int_dec                          0x00000000   Number         0  stubs.o ABSOLUTE
    _printf_l                                0x00000000   Number         0  stubs.o ABSOLUTE
    _printf_lc                               0x00000000   Number         0  stubs.o ABSOLUTE
    _printf_ll                               0x00000000   Number         0  stubs.o ABSOLUTE
    _printf_lld                              0x00000000   Number         0  stubs.o ABSOLUTE
    _printf_lli                              0x00000000   Number         0  stubs.o ABSOLUTE
    _printf_llo                              0x00000000   Number         0  stubs.o ABSOLUTE
    _printf_llu                              0x00000000   Number         0  stubs.o ABSOLUTE
    _printf_llx                              0x00000000   Number         0  stubs.o ABSOLUTE
    _printf_longlong_dec                     0x00000000   Number         0  stubs.o ABSOLUTE
    _printf_longlong_hex                     0x00000000   Number         0  stubs.o ABSOLUTE
    _printf_longlong_oct                     0x00000000   Number         0  stubs.o ABSOLUTE
    _printf_ls                               0x00000000   Number         0  stubs.o ABSOLUTE
    _printf_mbtowc                           0x00000000   Number         0  stubs.o ABSOLUTE
    _printf_n                                0x00000000   Number         0  stubs.o ABSOLUTE
    _printf_o                                0x00000000   Number         0  stubs.o ABSOLUTE
    _printf_p                                0x00000000   Number         0  stubs.o ABSOLUTE
    _printf_percent                          0x00000000   Number         0  stubs.o ABSOLUTE
    _printf_pre_padding                      0x00000000   Number         0  stubs.o ABSOLUTE
    _printf_return_value                     0x00000000   Number         0  stubs.o ABSOLUTE
    _printf_s                                0x00000000   Number         0  stubs.o ABSOLUTE
    _printf_sizespec                         0x00000000   Number         0  stubs.o ABSOLUTE
    _printf_str                              0x00000000   Number         0  stubs.o ABSOLUTE
    _printf_truncate_signed                  0x00000000   Number         0  stubs.o ABSOLUTE
    _printf_truncate_unsigned                0x00000000   Number         0  stubs.o ABSOLUTE
    _printf_u                                0x00000000   Number         0  stubs.o ABSOLUTE
    _printf_wc                               0x00000000   Number         0  stubs.o ABSOLUTE
    _printf_wctomb                           0x00000000   Number         0  stubs.o ABSOLUTE
    _printf_widthprec                        0x00000000   Number         0  stubs.o ABSOLUTE
    _printf_x                                0x00000000   Number         0  stubs.o ABSOLUTE
    __decompress                              - Undefined Weak Reference
    _clock_init                               - Undefined Weak Reference
    __Vectors_Size                           0x00000400   Number         0  arm_startup_nrf52.o ABSOLUTE
    __Vectors                                0x0001c000   Data           4  arm_startup_nrf52.o(RESET)
    __Vectors_End                            0x0001c400   Data           0  arm_startup_nrf52.o(RESET)
    __main                                   0x0001c401   Thumb Code     0  entry.o(.ARM.Collect$$$$00000000)
    _main_stk                                0x0001c401   Thumb Code     0  entry2.o(.ARM.Collect$$$$00000001)
    _main_scatterload                        0x0001c405   Thumb Code     0  entry5.o(.ARM.Collect$$$$00000004)
    __main_after_scatterload                 0x0001c409   Thumb Code     0  entry5.o(.ARM.Collect$$$$00000004)
    _main_clock                              0x0001c409   Thumb Code     0  entry7b.o(.ARM.Collect$$$$00000008)
    _main_init                               0x0001c409   Thumb Code     0  entry8.o(.ARM.Collect$$$$00000009)
    __asm___11_app_timer_c_cd27f9c3__nrf_delay_us 0x0001c415   Thumb Code   118  app_timer.o(.emb_text)
    Reset_Handler                            0x0001c48d   Thumb Code     8  arm_startup_nrf52.o(.text)
    NMI_Handler                              0x0001c495   Thumb Code     2  arm_startup_nrf52.o(.text)
    HardFault_Handler                        0x0001c497   Thumb Code     2  arm_startup_nrf52.o(.text)
    MemoryManagement_Handler                 0x0001c499   Thumb Code     2  arm_startup_nrf52.o(.text)
    BusFault_Handler                         0x0001c49b   Thumb Code     2  arm_startup_nrf52.o(.text)
    UsageFault_Handler                       0x0001c49d   Thumb Code     2  arm_startup_nrf52.o(.text)
    SVC_Handler                              0x0001c49f   Thumb Code     2  arm_startup_nrf52.o(.text)
    DebugMonitor_Handler                     0x0001c4a1   Thumb Code     2  arm_startup_nrf52.o(.text)
    PendSV_Handler                           0x0001c4a3   Thumb Code     2  arm_startup_nrf52.o(.text)
    SysTick_Handler                          0x0001c4a5   Thumb Code     2  arm_startup_nrf52.o(.text)
    CCM_AAR_IRQHandler                       0x0001c4a7   Thumb Code     0  arm_startup_nrf52.o(.text)
    COMP_LPCOMP_IRQHandler                   0x0001c4a7   Thumb Code     0  arm_startup_nrf52.o(.text)
    ECB_IRQHandler                           0x0001c4a7   Thumb Code     0  arm_startup_nrf52.o(.text)
    FPU_IRQHandler                           0x0001c4a7   Thumb Code     0  arm_startup_nrf52.o(.text)
    I2S_IRQHandler                           0x0001c4a7   Thumb Code     0  arm_startup_nrf52.o(.text)
    MWU_IRQHandler                           0x0001c4a7   Thumb Code     0  arm_startup_nrf52.o(.text)
    NFCT_IRQHandler                          0x0001c4a7   Thumb Code     0  arm_startup_nrf52.o(.text)
    PDM_IRQHandler                           0x0001c4a7   Thumb Code     0  arm_startup_nrf52.o(.text)
    POWER_CLOCK_IRQHandler                   0x0001c4a7   Thumb Code     0  arm_startup_nrf52.o(.text)
    PWM0_IRQHandler                          0x0001c4a7   Thumb Code     0  arm_startup_nrf52.o(.text)
    PWM1_IRQHandler                          0x0001c4a7   Thumb Code     0  arm_startup_nrf52.o(.text)
    PWM2_IRQHandler                          0x0001c4a7   Thumb Code     0  arm_startup_nrf52.o(.text)
    QDEC_IRQHandler                          0x0001c4a7   Thumb Code     0  arm_startup_nrf52.o(.text)
    RADIO_IRQHandler                         0x0001c4a7   Thumb Code     0  arm_startup_nrf52.o(.text)
    RNG_IRQHandler                           0x0001c4a7   Thumb Code     0  arm_startup_nrf52.o(.text)
    RTC0_IRQHandler                          0x0001c4a7   Thumb Code     0  arm_startup_nrf52.o(.text)
    RTC2_IRQHandler                          0x0001c4a7   Thumb Code     0  arm_startup_nrf52.o(.text)
    SAADC_IRQHandler                         0x0001c4a7   Thumb Code     0  arm_startup_nrf52.o(.text)
    SPIM0_SPIS0_TWIM0_TWIS0_SPI0_TWI0_IRQHandler 0x0001c4a7   Thumb Code     0  arm_startup_nrf52.o(.text)
    SPIM1_SPIS1_TWIM1_TWIS1_SPI1_TWI1_IRQHandler 0x0001c4a7   Thumb Code     0  arm_startup_nrf52.o(.text)
    SPIM2_SPIS2_SPI2_IRQHandler              0x0001c4a7   Thumb Code     0  arm_startup_nrf52.o(.text)
    SWI1_EGU1_IRQHandler                     0x0001c4a7   Thumb Code     0  arm_startup_nrf52.o(.text)
    SWI3_EGU3_IRQHandler                     0x0001c4a7   Thumb Code     0  arm_startup_nrf52.o(.text)
    SWI4_EGU4_IRQHandler                     0x0001c4a7   Thumb Code     0  arm_startup_nrf52.o(.text)
    SWI5_EGU5_IRQHandler                     0x0001c4a7   Thumb Code     0  arm_startup_nrf52.o(.text)
    TEMP_IRQHandler                          0x0001c4a7   Thumb Code     0  arm_startup_nrf52.o(.text)
    TIMER0_IRQHandler                        0x0001c4a7   Thumb Code     0  arm_startup_nrf52.o(.text)
    TIMER1_IRQHandler                        0x0001c4a7   Thumb Code     0  arm_startup_nrf52.o(.text)
    TIMER2_IRQHandler                        0x0001c4a7   Thumb Code     0  arm_startup_nrf52.o(.text)
    TIMER3_IRQHandler                        0x0001c4a7   Thumb Code     0  arm_startup_nrf52.o(.text)
    TIMER4_IRQHandler                        0x0001c4a7   Thumb Code     0  arm_startup_nrf52.o(.text)
    WDT_IRQHandler                           0x0001c4a7   Thumb Code     0  arm_startup_nrf52.o(.text)
    __aeabi_memcpy                           0x0001c4b1   Thumb Code    36  memcpya.o(.text)
    __aeabi_memcpy4                          0x0001c4b1   Thumb Code     0  memcpya.o(.text)
    __aeabi_memcpy8                          0x0001c4b1   Thumb Code     0  memcpya.o(.text)
    __aeabi_memset                           0x0001c4d5   Thumb Code    14  memseta.o(.text)
    __aeabi_memset4                          0x0001c4d5   Thumb Code     0  memseta.o(.text)
    __aeabi_memset8                          0x0001c4d5   Thumb Code     0  memseta.o(.text)
    __aeabi_memclr                           0x0001c4e3   Thumb Code     4  memseta.o(.text)
    __aeabi_memclr4                          0x0001c4e3   Thumb Code     0  memseta.o(.text)
    __aeabi_memclr8                          0x0001c4e3   Thumb Code     0  memseta.o(.text)
    _memset$wrapper                          0x0001c4e7   Thumb Code    18  memseta.o(.text)
    strlen                                   0x0001c4f9   Thumb Code    16  strlen.o(.text)
    __aeabi_uidiv                            0x0001c509   Thumb Code     0  uidiv.o(.text)
    __aeabi_uidivmod                         0x0001c509   Thumb Code    44  uidiv.o(.text)
    __aeabi_uldivmod                         0x0001c535   Thumb Code    98  uldiv.o(.text)
    __I$use$fp                               0x0001c597   Thumb Code     0  iusefp.o(.text)
    __aeabi_dadd                             0x0001c597   Thumb Code   322  dadd.o(.text)
    __aeabi_dsub                             0x0001c6d9   Thumb Code     6  dadd.o(.text)
    __aeabi_drsub                            0x0001c6df   Thumb Code     6  dadd.o(.text)
    __aeabi_dmul                             0x0001c6e5   Thumb Code   228  dmul.o(.text)
    __aeabi_ddiv                             0x0001c7c9   Thumb Code   222  ddiv.o(.text)
    __aeabi_d2ulz                            0x0001c8a7   Thumb Code    48  dfixul.o(.text)
    __aeabi_cdrcmple                         0x0001c8d9   Thumb Code    38  cdrcmple.o(.text)
    __scatterload                            0x0001c901   Thumb Code    28  init.o(.text)
    __scatterload_rt2                        0x0001c901   Thumb Code     0  init.o(.text)
    __aeabi_llsl                             0x0001c925   Thumb Code    30  llshl.o(.text)
    _ll_shift_l                              0x0001c925   Thumb Code     0  llshl.o(.text)
    __aeabi_llsr                             0x0001c943   Thumb Code    32  llushr.o(.text)
    _ll_ushift_r                             0x0001c943   Thumb Code     0  llushr.o(.text)
    __aeabi_lasr                             0x0001c963   Thumb Code    36  llsshr.o(.text)
    _ll_sshift_r                             0x0001c963   Thumb Code     0  llsshr.o(.text)
    _double_round                            0x0001c987   Thumb Code    26  depilogue.o(.text)
    _double_epilogue                         0x0001c9a1   Thumb Code   164  depilogue.o(.text)
    GPIOTE_IRQHandler                        0x0001ca45   Thumb Code   310  nrf_drv_gpiote.o(i.GPIOTE_IRQHandler)
    RTC1_IRQHandler                          0x0001cbf9   Thumb Code    20  app_timer.o(i.RTC1_IRQHandler)
    SWI0_EGU0_IRQHandler                     0x0001cc11   Thumb Code     4  app_timer.o(i.SWI0_EGU0_IRQHandler)
    SWI2_EGU2_IRQHandler                     0x0001cc15   Thumb Code    32  softdevice_handler.o(i.SWI2_EGU2_IRQHandler)
    SystemInit                               0x0001cc39   Thumb Code   434  system_nrf52.o(i.SystemInit)
    UARTE0_UART0_IRQHandler                  0x0001ce29   Thumb Code    14  nrf_drv_uart.o(i.UARTE0_UART0_IRQHandler)
    WIZCHIP_READ                             0x0001ce3d   Thumb Code    84  w5500.o(i.WIZCHIP_READ)
    WIZCHIP_READ_BUF                         0x0001ce95   Thumb Code   112  w5500.o(i.WIZCHIP_READ_BUF)
    WIZCHIP_WRITE                            0x0001cf09   Thumb Code    90  w5500.o(i.WIZCHIP_WRITE)
    WIZCHIP_WRITE_BUF                        0x0001cf69   Thumb Code   108  w5500.o(i.WIZCHIP_WRITE_BUF)
    __0printf                                0x0001cfd9   Thumb Code    22  printfa.o(i.__0printf)
    __1printf                                0x0001cfd9   Thumb Code     0  printfa.o(i.__0printf)
    __2printf                                0x0001cfd9   Thumb Code     0  printfa.o(i.__0printf)
    __c89printf                              0x0001cfd9   Thumb Code     0  printfa.o(i.__0printf)
    printf                                   0x0001cfd9   Thumb Code     0  printfa.o(i.__0printf)
    __0sprintf                               0x0001cff9   Thumb Code    34  printfa.o(i.__0sprintf)
    __1sprintf                               0x0001cff9   Thumb Code     0  printfa.o(i.__0sprintf)
    __2sprintf                               0x0001cff9   Thumb Code     0  printfa.o(i.__0sprintf)
    __c89sprintf                             0x0001cff9   Thumb Code     0  printfa.o(i.__0sprintf)
    sprintf                                  0x0001cff9   Thumb Code     0  printfa.o(i.__0sprintf)
    __scatterload_copy                       0x0001d021   Thumb Code    14  handlers.o(i.__scatterload_copy)
    __scatterload_null                       0x0001d02f   Thumb Code     2  handlers.o(i.__scatterload_null)
    __scatterload_zeroinit                   0x0001d031   Thumb Code    14  handlers.o(i.__scatterload_zeroinit)
    app_button_enable                        0x0001d945   Thumb Code    32  app_button.o(i.app_button_enable)
    app_button_init                          0x0001d969   Thumb Code   100  app_button.o(i.app_button_init)
    app_error_fault_handler                  0x0001d9dd   Thumb Code    24  app_error_weak.o(i.app_error_fault_handler)
    app_error_handler_bare                   0x0001d9fd   Thumb Code    22  app_error.o(i.app_error_handler_bare)
    app_fifo_get                             0x0001da13   Thumb Code    22  app_fifo.o(i.app_fifo_get)
    app_fifo_init                            0x0001da29   Thumb Code    32  app_fifo.o(i.app_fifo_init)
    app_fifo_put                             0x0001da49   Thumb Code    26  app_fifo.o(i.app_fifo_put)
    app_timer_create                         0x0001da65   Thumb Code    32  app_timer.o(i.app_timer_create)
    app_timer_init                           0x0001da89   Thumb Code   134  app_timer.o(i.app_timer_init)
    app_timer_start                          0x0001db19   Thumb Code   116  app_timer.o(i.app_timer_start)
    app_timer_stop                           0x0001db95   Thumb Code    76  app_timer.o(i.app_timer_stop)
    app_uart_get                             0x0001dbe5   Thumb Code    44  app_uart_fifo.o(i.app_uart_get)
    app_uart_init                            0x0001dc19   Thumb Code   146  app_uart_fifo.o(i.app_uart_init)
    app_uart_put                             0x0001dcbd   Thumb Code    44  app_uart_fifo.o(i.app_uart_put)
    ble_db_discovery_evt_register            0x0001dd81   Thumb Code    56  ble_db_discovery.o(i.ble_db_discovery_evt_register)
    ble_db_discovery_init                    0x0001ddc1   Thumb Code    24  ble_db_discovery.o(i.ble_db_discovery_init)
    ble_db_discovery_on_ble_evt              0x0001dddd   Thumb Code    70  ble_db_discovery.o(i.ble_db_discovery_on_ble_evt)
    ble_db_discovery_start                   0x0001de29   Thumb Code    80  ble_db_discovery.o(i.ble_db_discovery_start)
    ble_nus_c_handles_assign                 0x0001df71   Thumb Code    26  ble_nus_c.o(i.ble_nus_c_handles_assign)
    ble_nus_c_init                           0x0001df8d   Thumb Code    72  ble_nus_c.o(i.ble_nus_c_init)
    ble_nus_c_on_ble_evt                     0x0001dfd9   Thumb Code   102  ble_nus_c.o(i.ble_nus_c_on_ble_evt)
    ble_nus_c_on_db_disc_evt                 0x0001e03f   Thumb Code   120  ble_nus_c.o(i.ble_nus_c_on_db_disc_evt)
    ble_nus_c_rx_notif_enable                0x0001e0b9   Thumb Code    66  ble_nus_c.o(i.ble_nus_c_rx_notif_enable)
    ble_nus_c_string_send                    0x0001e101   Thumb Code    58  ble_nus_c.o(i.ble_nus_c_string_send)
    ble_stack_init                           0x0001e141   Thumb Code    86  user_ble.o(i.ble_stack_init)
    ble_to_tcps                              0x0001e1a9   Thumb Code    94  main.o(i.ble_to_tcps)
    bsp_btn_ble_init                         0x0001e241   Thumb Code    72  bsp_btn_ble.o(i.bsp_btn_ble_init)
    bsp_btn_ble_on_ble_evt                   0x0001e28d   Thumb Code   106  bsp_btn_ble.o(i.bsp_btn_ble_on_ble_evt)
    bsp_btn_ble_sleep_mode_prepare           0x0001e2fd   Thumb Code    18  bsp_btn_ble.o(i.bsp_btn_ble_sleep_mode_prepare)
    bsp_button_is_pressed                    0x0001e3b9   Thumb Code    34  bsp.o(i.bsp_button_is_pressed)
    bsp_event_handler                        0x0001e3e5   Thumb Code    62  main.o(i.bsp_event_handler)
    bsp_event_to_button_action_assign        0x0001e429   Thumb Code    64  bsp.o(i.bsp_event_to_button_action_assign)
    bsp_indication_set                       0x0001e46d   Thumb Code    20  bsp.o(i.bsp_indication_set)
    bsp_init                                 0x0001e485   Thumb Code   140  bsp.o(i.bsp_init)
    bsp_wakeup_buttons_set                   0x0001e755   Thumb Code    56  bsp.o(i.bsp_wakeup_buttons_set)
    close                                    0x0001e851   Thumb Code   108  socket.o(i.close)
    connect                                  0x0001e971   Thumb Code   252  socket.o(i.connect)
    ctlnetwork                               0x0001ea71   Thumb Code    76  wizchip_conf.o(i.ctlnetwork)
    ctlwizchip                               0x0001eabd   Thumb Code   228  wizchip_conf.o(i.ctlwizchip)
    db_disc_handler                          0x0001eba5   Thumb Code     8  user_ble.o(i.db_disc_handler)
    db_discovery_init                        0x0001ebb1   Thumb Code    22  user_ble.o(i.db_discovery_init)
    disconnect                               0x0001ecbd   Thumb Code   134  socket.o(i.disconnect)
    fputc                                    0x0001ee87   Thumb Code    14  retarget.o(i.fputc)
    getSn_RX_RSR                             0x0001ee95   Thumb Code    76  w5500.o(i.getSn_RX_RSR)
    getSn_TX_FSR                             0x0001eee1   Thumb Code    76  w5500.o(i.getSn_TX_FSR)
    intern_softdevice_events_execute         0x0001ef85   Thumb Code   106  softdevice_handler.o(i.intern_softdevice_events_execute)
    main                                     0x0001f2c5   Thumb Code   210  main.o(i.main)
    network_init                             0x0001f3c9   Thumb Code   134  user_ethernet.o(i.network_init)
    nrf_drv_common_irq_enable                0x0001f501   Thumb Code    52  nrf_drv_common.o(i.nrf_drv_common_irq_enable)
    nrf_drv_gpiote_in_event_enable           0x0001f53d   Thumb Code   144  nrf_drv_gpiote.o(i.nrf_drv_gpiote_in_event_enable)
    nrf_drv_gpiote_in_init                   0x0001f5dd   Thumb Code   158  nrf_drv_gpiote.o(i.nrf_drv_gpiote_in_init)
    nrf_drv_gpiote_in_is_set                 0x0001f68d   Thumb Code    16  nrf_drv_gpiote.o(i.nrf_drv_gpiote_in_is_set)
    nrf_drv_gpiote_init                      0x0001f6a1   Thumb Code    74  nrf_drv_gpiote.o(i.nrf_drv_gpiote_init)
    nrf_drv_gpiote_is_init                   0x0001f6f5   Thumb Code    14  nrf_drv_gpiote.o(i.nrf_drv_gpiote_is_init)
    nrf_drv_uart_init                        0x0001f709   Thumb Code   122  nrf_drv_uart.o(i.nrf_drv_uart_init)
    nrf_drv_uart_rx                          0x0001f79d   Thumb Code   132  nrf_drv_uart.o(i.nrf_drv_uart_rx)
    nrf_drv_uart_rx_enable                   0x0001f829   Thumb Code    26  nrf_drv_uart.o(i.nrf_drv_uart_rx_enable)
    nrf_drv_uart_tx                          0x0001f979   Thumb Code   134  nrf_drv_uart.o(i.nrf_drv_uart_tx)
    nrf_drv_uart_tx_in_progress              0x0001fa8d   Thumb Code    12  nrf_drv_uart.o(i.nrf_drv_uart_tx_in_progress)
    nus_c_init                               0x0001fba1   Thumb Code    34  user_ble.o(i.nus_c_init)
    recv                                     0x0001ff5d   Thumb Code   222  socket.o(i.recv)
    reg_wizchip_cs_cbfunc                    0x00020041   Thumb Code    22  wizchip_conf.o(i.reg_wizchip_cs_cbfunc)
    reg_wizchip_spi_cbfunc                   0x00020065   Thumb Code    30  wizchip_conf.o(i.reg_wizchip_spi_cbfunc)
    scan_start                               0x00020171   Thumb Code    32  user_ble.o(i.scan_start)
    sd_check_ram_start                       0x00020195   Thumb Code     6  softdevice_handler.o(i.sd_check_ram_start)
    send                                     0x00020239   Thumb Code   264  socket.o(i.send)
    socket                                   0x00020345   Thumb Code   272  socket.o(i.socket)
    softdevice_ble_evt_handler_set           0x0002045d   Thumb Code    14  softdevice_handler.o(i.softdevice_ble_evt_handler_set)
    softdevice_enable                        0x00020471   Thumb Code    12  softdevice_handler.o(i.softdevice_enable)
    softdevice_enable_get_default_config     0x00020481   Thumb Code    38  softdevice_handler.o(i.softdevice_enable_get_default_config)
    softdevice_fault_handler                 0x000204a7   Thumb Code     4  softdevice_handler.o(i.softdevice_fault_handler)
    softdevice_handler_init                  0x000204ad   Thumb Code    42  softdevice_handler.o(i.softdevice_handler_init)
    spi0_master_init                         0x000204e1   Thumb Code    22  user_spi.o(i.spi0_master_init)
    spi_master_init                          0x000204fd   Thumb Code   156  user_spi.o(i.spi_master_init)
    spi_master_rx                            0x000205a5   Thumb Code    82  user_spi.o(i.spi_master_rx)
    spi_master_tx                            0x000205fd   Thumb Code    84  user_spi.o(i.spi_master_tx)
    tcp_con_timer                            0x00020655   Thumb Code   162  main.o(i.tcp_con_timer)
    tcps_to_ble                              0x000207a5   Thumb Code   102  main.o(i.tcps_to_ble)
    uart_event_handle                        0x000209a1   Thumb Code    76  main.o(i.uart_event_handle)
    uart_init                                0x00020aa1   Thumb Code    56  user_uart.o(i.uart_init)
    user_ethernet_init                       0x00020cc9   Thumb Code   120  user_ethernet.o(i.user_ethernet_init)
    wiz_recv_data                            0x00020e29   Thumb Code    92  w5500.o(i.wiz_recv_data)
    wiz_send_data                            0x00020e85   Thumb Code    92  w5500.o(i.wiz_send_data)
    wizchip_bus_readdata                     0x00020ee1   Thumb Code     4  wizchip_conf.o(i.wizchip_bus_readdata)
    wizchip_bus_writedata                    0x00020ee5   Thumb Code     4  wizchip_conf.o(i.wizchip_bus_writedata)
    wizchip_clrinterrupt                     0x00020ee9   Thumb Code    30  wizchip_conf.o(i.wizchip_clrinterrupt)
    wizchip_cris_enter                       0x00020f07   Thumb Code     2  wizchip_conf.o(i.wizchip_cris_enter)
    wizchip_cris_exit                        0x00020f09   Thumb Code     2  wizchip_conf.o(i.wizchip_cris_exit)
    wizchip_cs_deselect                      0x00020f0b   Thumb Code     2  wizchip_conf.o(i.wizchip_cs_deselect)
    wizchip_cs_select                        0x00020f0d   Thumb Code     2  wizchip_conf.o(i.wizchip_cs_select)
    wizchip_deselect                         0x00020f11   Thumb Code    10  user_ethernet.o(i.wizchip_deselect)
    wizchip_getinterrupt                     0x00020f21   Thumb Code    30  wizchip_conf.o(i.wizchip_getinterrupt)
    wizchip_getinterruptmask                 0x00020f3f   Thumb Code    28  wizchip_conf.o(i.wizchip_getinterruptmask)
    wizchip_getnetinfo                       0x00020f5d   Thumb Code    82  wizchip_conf.o(i.wizchip_getnetinfo)
    wizchip_getnetmode                       0x00020fb5   Thumb Code     6  wizchip_conf.o(i.wizchip_getnetmode)
    wizchip_gettimeout                       0x00020fbb   Thumb Code    40  wizchip_conf.o(i.wizchip_gettimeout)
    wizchip_init                             0x00020fe3   Thumb Code   122  wizchip_conf.o(i.wizchip_init)
    wizchip_read                             0x0002105d   Thumb Code    18  user_ethernet.o(i.wizchip_read)
    wizchip_select                           0x00021071   Thumb Code    10  user_ethernet.o(i.wizchip_select)
    wizchip_setinterruptmask                 0x00021081   Thumb Code    28  wizchip_conf.o(i.wizchip_setinterruptmask)
    wizchip_setnetinfo                       0x0002109d   Thumb Code    82  wizchip_conf.o(i.wizchip_setnetinfo)
    wizchip_setnetmode                       0x000210f5   Thumb Code    36  wizchip_conf.o(i.wizchip_setnetmode)
    wizchip_settimeout                       0x00021119   Thumb Code    42  wizchip_conf.o(i.wizchip_settimeout)
    wizchip_spi_readbyte                     0x00021143   Thumb Code     4  wizchip_conf.o(i.wizchip_spi_readbyte)
    wizchip_spi_writebyte                    0x00021147   Thumb Code     2  wizchip_conf.o(i.wizchip_spi_writebyte)
    wizchip_sw_reset                         0x00021149   Thumb Code   116  wizchip_conf.o(i.wizchip_sw_reset)
    wizchip_write                            0x000211bd   Thumb Code    14  user_ethernet.o(i.wizchip_write)
    wizphy_getphyconf                        0x000211cb   Thumb Code    78  wizchip_conf.o(i.wizphy_getphyconf)
    wizphy_getphylink                        0x00021219   Thumb Code    18  wizchip_conf.o(i.wizphy_getphylink)
    wizphy_getphypmode                       0x0002122b   Thumb Code    24  wizchip_conf.o(i.wizphy_getphypmode)
    wizphy_reset                             0x00021243   Thumb Code    42  wizchip_conf.o(i.wizphy_reset)
    wizphy_setphyconf                        0x0002126d   Thumb Code    74  wizchip_conf.o(i.wizphy_setphyconf)
    wizphy_setphypmode                       0x000212b7   Thumb Code    80  wizchip_conf.o(i.wizphy_setphypmode)
    m_nus_uuid                               0x000213c0   Data           4  user_ble.o(.constdata)
    m_connection_param                       0x000213c8   Data           8  user_ble.o(.constdata)
    m_scan_params                            0x000213d0   Data          16  user_ble.o(.constdata)
    Region$$Table$$Base                      0x00021404   Number         0  anon$$obj.o(Region$$Table)
    Region$$Table$$Limit                     0x00021424   Number         0  anon$$obj.o(Region$$Table)
    Image$$RW_IRAM1$$Base                    0x20001eb0   Number         0  main.o(.data)
    targetIP                                 0x20001eb3   Data           4  main.o(.data)
    tcp_targetPort                           0x20001eb8   Data           4  main.o(.data)
    SystemCoreClock                          0x20001edc   Data           4  system_nrf52.o(.data)
    __stdout                                 0x20001f2c   Data           4  retarget.o(.data)
    gWIZNETINFO                              0x20001f44   Data          23  user_ethernet.o(.data)
    sock_pack_info                           0x20001f6e   Data           8  socket.o(.data)
    WIZCHIP                                  0x20001f80   Data          40  wizchip_conf.o(.data)
    nrf_nvic_state                           0x20002484   Data          12  softdevice_handler.o(.bss)
    user_m_ble_nus_c                         0x200024d8   Data          32  user_ble.o(.bss)
    m_ble_db_discovery                       0x200024f8   Data         428  user_ble.o(.bss)
    __initial_sp                             0x200048c0   Data           0  arm_startup_nrf52.o(STACK)



==============================================================================

Memory Map of the image

  Image Entry point : 0x0001c401

  Load Region LR_IROM1 (Base: 0x0001c000, Size: 0x0000551c, Max: 0x00064000, ABSOLUTE)

    Execution Region ER_IROM1 (Base: 0x0001c000, Size: 0x00005424, Max: 0x00064000, ABSOLUTE)

    Base Addr    Size         Type   Attr      Idx    E Section Name        Object

    0x0001c000   0x00000400   Data   RO          441    RESET               arm_startup_nrf52.o
    0x0001c400   0x00000000   Code   RO         2745  * .ARM.Collect$$$$00000000  mc_w.l(entry.o)
    0x0001c400   0x00000004   Code   RO         3019    .ARM.Collect$$$$00000001  mc_w.l(entry2.o)
    0x0001c404   0x00000004   Code   RO         3022    .ARM.Collect$$$$00000004  mc_w.l(entry5.o)
    0x0001c408   0x00000000   Code   RO         3024    .ARM.Collect$$$$00000008  mc_w.l(entry7b.o)
    0x0001c408   0x00000008   Code   RO         3025    .ARM.Collect$$$$00000009  mc_w.l(entry8.o)
    0x0001c410   0x00000004   Code   RO         3020    .ARM.Collect$$$$00002712  mc_w.l(entry2.o)
    0x0001c414   0x00000076   Code   RO         1545    .emb_text           app_timer.o
    0x0001c48a   0x00000002   PAD
    0x0001c48c   0x00000024   Code   RO          442    .text               arm_startup_nrf52.o
    0x0001c4b0   0x00000024   Code   RO         2748    .text               mc_w.l(memcpya.o)
    0x0001c4d4   0x00000024   Code   RO         2750    .text               mc_w.l(memseta.o)
    0x0001c4f8   0x00000010   Code   RO         2752    .text               mc_w.l(strlen.o)
    0x0001c508   0x0000002c   Code   RO         3026    .text               mc_w.l(uidiv.o)
    0x0001c534   0x00000062   Code   RO         3028    .text               mc_w.l(uldiv.o)
    0x0001c596   0x00000000   Code   RO         3030    .text               mc_w.l(iusefp.o)
    0x0001c596   0x0000014e   Code   RO         3031    .text               mf_w.l(dadd.o)
    0x0001c6e4   0x000000e4   Code   RO         3033    .text               mf_w.l(dmul.o)
    0x0001c7c8   0x000000de   Code   RO         3035    .text               mf_w.l(ddiv.o)
    0x0001c8a6   0x00000030   Code   RO         3037    .text               mf_w.l(dfixul.o)
    0x0001c8d6   0x00000002   PAD
    0x0001c8d8   0x00000028   Code   RO         3039    .text               mf_w.l(cdrcmple.o)
    0x0001c900   0x00000024   Code   RO         3041    .text               mc_w.l(init.o)
    0x0001c924   0x0000001e   Code   RO         3043    .text               mc_w.l(llshl.o)
    0x0001c942   0x00000020   Code   RO         3045    .text               mc_w.l(llushr.o)
    0x0001c962   0x00000024   Code   RO         3047    .text               mc_w.l(llsshr.o)
    0x0001c986   0x000000be   Code   RO         3049    .text               mf_w.l(depilogue.o)
    0x0001ca44   0x0000014c   Code   RO          976    i.GPIOTE_IRQHandler  nrf_drv_gpiote.o
    0x0001cb90   0x00000018   Code   RO         1546    i.NVIC_ClearPendingIRQ  app_timer.o
    0x0001cba8   0x00000018   Code   RO         1547    i.NVIC_EnableIRQ    app_timer.o
    0x0001cbc0   0x00000018   Code   RO         1548    i.NVIC_SetPendingIRQ  app_timer.o
    0x0001cbd8   0x00000020   Code   RO         1549    i.NVIC_SetPriority  app_timer.o
    0x0001cbf8   0x00000018   Code   RO         1550    i.RTC1_IRQHandler   app_timer.o
    0x0001cc10   0x00000004   Code   RO         1551    i.SWI0_EGU0_IRQHandler  app_timer.o
    0x0001cc14   0x00000024   Code   RO         2044    i.SWI2_EGU2_IRQHandler  softdevice_handler.o
    0x0001cc38   0x000001f0   Code   RO          449    i.SystemInit        system_nrf52.o
    0x0001ce28   0x00000014   Code   RO         1171    i.UARTE0_UART0_IRQHandler  nrf_drv_uart.o
    0x0001ce3c   0x00000058   Code   RO         2685    i.WIZCHIP_READ      w5500.o
    0x0001ce94   0x00000074   Code   RO         2686    i.WIZCHIP_READ_BUF  w5500.o
    0x0001cf08   0x00000060   Code   RO         2687    i.WIZCHIP_WRITE     w5500.o
    0x0001cf68   0x00000070   Code   RO         2688    i.WIZCHIP_WRITE_BUF  w5500.o
    0x0001cfd8   0x00000020   Code   RO         2991    i.__0printf         mc_w.l(printfa.o)
    0x0001cff8   0x00000028   Code   RO         2993    i.__0sprintf        mc_w.l(printfa.o)
    0x0001d020   0x0000000e   Code   RO         3053    i.__scatterload_copy  mc_w.l(handlers.o)
    0x0001d02e   0x00000002   Code   RO         3054    i.__scatterload_null  mc_w.l(handlers.o)
    0x0001d030   0x0000000e   Code   RO         3055    i.__scatterload_zeroinit  mc_w.l(handlers.o)
    0x0001d03e   0x00000002   PAD
    0x0001d040   0x0000015c   Code   RO         2998    i._fp_digits        mc_w.l(printfa.o)
    0x0001d19c   0x000006f0   Code   RO         2999    i._printf_core      mc_w.l(printfa.o)
    0x0001d88c   0x00000026   Code   RO         3000    i._printf_post_padding  mc_w.l(printfa.o)
    0x0001d8b2   0x00000030   Code   RO         3001    i._printf_pre_padding  mc_w.l(printfa.o)
    0x0001d8e2   0x0000000a   Code   RO         3003    i._sputc            mc_w.l(printfa.o)
    0x0001d8ec   0x00000036   Code   RO          402    i.advertising_buttons_configure  bsp_btn_ble.o
    0x0001d922   0x00000002   PAD
    0x0001d924   0x00000020   Code   RO          299    i.alert_timer_handler  bsp.o
    0x0001d944   0x00000024   Code   RO         1369    i.app_button_enable  app_button.o
    0x0001d968   0x00000074   Code   RO         1370    i.app_button_init   app_button.o
    0x0001d9dc   0x00000020   Code   RO         1459    i.app_error_fault_handler  app_error_weak.o
    0x0001d9fc   0x00000016   Code   RO         1427    i.app_error_handler_bare  app_error.o
    0x0001da12   0x00000016   Code   RO         1480    i.app_fifo_get      app_fifo.o
    0x0001da28   0x00000020   Code   RO         1481    i.app_fifo_init     app_fifo.o
    0x0001da48   0x0000001a   Code   RO         1483    i.app_fifo_put      app_fifo.o
    0x0001da62   0x00000002   PAD
    0x0001da64   0x00000024   Code   RO         1554    i.app_timer_create  app_timer.o
    0x0001da88   0x00000090   Code   RO         1555    i.app_timer_init    app_timer.o
    0x0001db18   0x0000007c   Code   RO         1556    i.app_timer_start   app_timer.o
    0x0001db94   0x00000050   Code   RO         1557    i.app_timer_stop    app_timer.o
    0x0001dbe4   0x00000034   Code   RO          848    i.app_uart_get      app_uart_fifo.o
    0x0001dc18   0x000000a4   Code   RO          849    i.app_uart_init     app_uart_fifo.o
    0x0001dcbc   0x00000034   Code   RO          850    i.app_uart_put      app_uart_fifo.o
    0x0001dcf0   0x00000090   Code   RO         1172    i.apply_config      nrf_drv_uart.o
    0x0001dd80   0x00000040   Code   RO          646    i.ble_db_discovery_evt_register  ble_db_discovery.o
    0x0001ddc0   0x0000001c   Code   RO          647    i.ble_db_discovery_init  ble_db_discovery.o
    0x0001dddc   0x0000004c   Code   RO          648    i.ble_db_discovery_on_ble_evt  ble_db_discovery.o
    0x0001de28   0x00000058   Code   RO          649    i.ble_db_discovery_start  ble_db_discovery.o
    0x0001de80   0x00000028   Code   RO         2142    i.ble_evt_dispatch  user_ble.o
    0x0001dea8   0x000000c8   Code   RO            3    i.ble_nus_c_evt_handler  main.o
    0x0001df70   0x0000001a   Code   RO          748    i.ble_nus_c_handles_assign  ble_nus_c.o
    0x0001df8a   0x00000002   PAD
    0x0001df8c   0x0000004c   Code   RO          749    i.ble_nus_c_init    ble_nus_c.o
    0x0001dfd8   0x00000066   Code   RO          750    i.ble_nus_c_on_ble_evt  ble_nus_c.o
    0x0001e03e   0x00000078   Code   RO          751    i.ble_nus_c_on_db_disc_evt  ble_nus_c.o
    0x0001e0b6   0x00000002   PAD
    0x0001e0b8   0x00000048   Code   RO          752    i.ble_nus_c_rx_notif_enable  ble_nus_c.o
    0x0001e100   0x00000040   Code   RO          753    i.ble_nus_c_string_send  ble_nus_c.o
    0x0001e140   0x00000068   Code   RO         2143    i.ble_stack_init    user_ble.o
    0x0001e1a8   0x00000098   Code   RO            4    i.ble_to_tcps       main.o
    0x0001e240   0x0000004c   Code   RO          403    i.bsp_btn_ble_init  bsp_btn_ble.o
    0x0001e28c   0x00000070   Code   RO          404    i.bsp_btn_ble_on_ble_evt  bsp_btn_ble.o
    0x0001e2fc   0x00000012   Code   RO          405    i.bsp_btn_ble_sleep_mode_prepare  bsp_btn_ble.o
    0x0001e30e   0x00000002   PAD
    0x0001e310   0x000000a8   Code   RO          300    i.bsp_button_event_handler  bsp.o
    0x0001e3b8   0x0000002c   Code   RO          301    i.bsp_button_is_pressed  bsp.o
    0x0001e3e4   0x00000044   Code   RO            5    i.bsp_event_handler  main.o
    0x0001e428   0x00000044   Code   RO          305    i.bsp_event_to_button_action_assign  bsp.o
    0x0001e46c   0x00000018   Code   RO          306    i.bsp_indication_set  bsp.o
    0x0001e484   0x000000a4   Code   RO          308    i.bsp_init          bsp.o
    0x0001e528   0x0000022c   Code   RO          309    i.bsp_led_indication  bsp.o
    0x0001e754   0x00000040   Code   RO          310    i.bsp_wakeup_buttons_set  bsp.o
    0x0001e794   0x00000008   Code   RO          311    i.button_timer_handler  bsp.o
    0x0001e79c   0x0000001c   Code   RO          977    i.channel_free      nrf_drv_gpiote.o
    0x0001e7b8   0x00000048   Code   RO          978    i.channel_port_alloc  nrf_drv_gpiote.o
    0x0001e800   0x00000010   Code   RO          979    i.channel_port_get  nrf_drv_gpiote.o
    0x0001e810   0x00000040   Code   RO          650    i.characteristics_discover  ble_db_discovery.o
    0x0001e850   0x00000074   Code   RO         2385    i.close             socket.o
    0x0001e8c4   0x000000ac   Code   RO         1559    i.compare_reg_update  app_timer.o
    0x0001e970   0x00000100   Code   RO         2386    i.connect           socket.o
    0x0001ea70   0x0000004c   Code   RO         2467    i.ctlnetwork        wizchip_conf.o
    0x0001eabc   0x000000e8   Code   RO         2468    i.ctlwizchip        wizchip_conf.o
    0x0001eba4   0x0000000c   Code   RO         2144    i.db_disc_handler   user_ble.o
    0x0001ebb0   0x0000001c   Code   RO         2145    i.db_discovery_init  user_ble.o
    0x0001ebcc   0x0000008c   Code   RO          651    i.descriptors_discover  ble_db_discovery.o
    0x0001ec58   0x00000064   Code   RO         1372    i.detection_delay_timeout_handler  app_button.o
    0x0001ecbc   0x0000008c   Code   RO         2388    i.disconnect        socket.o
    0x0001ed48   0x000000a4   Code   RO          652    i.discovery_complete_evt_trigger  ble_db_discovery.o
    0x0001edec   0x00000034   Code   RO          653    i.discovery_error_evt_trigger  ble_db_discovery.o
    0x0001ee20   0x00000040   Code   RO         1560    i.elapsed_ticks_acquire  app_timer.o
    0x0001ee60   0x00000014   Code   RO         1486    i.fifo_get          app_fifo.o
    0x0001ee74   0x00000012   Code   RO         1487    i.fifo_put          app_fifo.o
    0x0001ee86   0x0000000e   Code   RO         1864    i.fputc             retarget.o
    0x0001ee94   0x0000004c   Code   RO         2689    i.getSn_RX_RSR      w5500.o
    0x0001eee0   0x0000004c   Code   RO         2690    i.getSn_TX_FSR      w5500.o
    0x0001ef2c   0x00000058   Code   RO         1373    i.gpiote_event_handler  app_button.o
    0x0001ef84   0x00000070   Code   RO         2045    i.intern_softdevice_events_execute  softdevice_handler.o
    0x0001eff4   0x0000004a   Code   RO          654    i.is_desc_discovery_reqd  ble_db_discovery.o
    0x0001f03e   0x00000002   PAD
    0x0001f040   0x000000e0   Code   RO         2146    i.is_uuid_present   user_ble.o
    0x0001f120   0x00000014   Code   RO          312    i.leds_timer_handler  bsp.o
    0x0001f134   0x000000c0   Code   RO         1561    i.list_deletions_handler  app_timer.o
    0x0001f1f4   0x000000d0   Code   RO         1562    i.list_insertions_handler  app_timer.o
    0x0001f2c4   0x00000104   Code   RO            6    i.main              main.o
    0x0001f3c8   0x00000138   Code   RO         2232    i.network_init      user_ethernet.o
    0x0001f500   0x0000003c   Code   RO          942    i.nrf_drv_common_irq_enable  nrf_drv_common.o
    0x0001f53c   0x000000a0   Code   RO          982    i.nrf_drv_gpiote_in_event_enable  nrf_drv_gpiote.o
    0x0001f5dc   0x000000b0   Code   RO          983    i.nrf_drv_gpiote_in_init  nrf_drv_gpiote.o
    0x0001f68c   0x00000014   Code   RO          984    i.nrf_drv_gpiote_in_is_set  nrf_drv_gpiote.o
    0x0001f6a0   0x00000054   Code   RO          986    i.nrf_drv_gpiote_init  nrf_drv_gpiote.o
    0x0001f6f4   0x00000014   Code   RO          987    i.nrf_drv_gpiote_is_init  nrf_drv_gpiote.o
    0x0001f708   0x00000094   Code   RO         1174    i.nrf_drv_uart_init  nrf_drv_uart.o
    0x0001f79c   0x0000008c   Code   RO         1175    i.nrf_drv_uart_rx   nrf_drv_uart.o
    0x0001f828   0x00000020   Code   RO         1178    i.nrf_drv_uart_rx_enable  nrf_drv_uart.o
    0x0001f848   0x0000009c   Code   RO         1179    i.nrf_drv_uart_rx_for_uart  nrf_drv_uart.o
    0x0001f8e4   0x00000094   Code   RO         1180    i.nrf_drv_uart_rx_for_uarte  nrf_drv_uart.o
    0x0001f978   0x00000094   Code   RO         1181    i.nrf_drv_uart_tx   nrf_drv_uart.o
    0x0001fa0c   0x00000080   Code   RO         1183    i.nrf_drv_uart_tx_for_uart  nrf_drv_uart.o
    0x0001fa8c   0x00000010   Code   RO         1184    i.nrf_drv_uart_tx_in_progress  nrf_drv_uart.o
    0x0001fa9c   0x00000024   Code   RO          999    i.nrf_gpio_cfg      nrf_drv_gpiote.o
    0x0001fac0   0x00000024   Code   RO         1186    i.nrf_gpio_cfg      nrf_drv_uart.o
    0x0001fae4   0x00000024   Code   RO         2296    i.nrf_gpio_cfg      user_spi.o
    0x0001fb08   0x00000012   Code   RO         1188    i.nrf_gpio_cfg_input  nrf_drv_uart.o
    0x0001fb1a   0x00000014   Code   RO         1189    i.nrf_gpio_cfg_output  nrf_drv_uart.o
    0x0001fb2e   0x00000014   Code   RO         2297    i.nrf_gpio_cfg_output  user_spi.o
    0x0001fb42   0x00000002   PAD
    0x0001fb44   0x0000001c   Code   RO         1001    i.nrf_gpio_cfg_sense_set  nrf_drv_gpiote.o
    0x0001fb60   0x00000010   Code   RO         1002    i.nrf_gpiote_event_clear  nrf_drv_gpiote.o
    0x0001fb70   0x00000010   Code   RO         1003    i.nrf_gpiote_event_is_set  nrf_drv_gpiote.o
    0x0001fb80   0x0000000a   Code   RO         1190    i.nrf_uart_event_check  nrf_drv_uart.o
    0x0001fb8a   0x0000000c   Code   RO         1191    i.nrf_uart_int_enable_check  nrf_drv_uart.o
    0x0001fb96   0x0000000a   Code   RO         1192    i.nrf_uarte_event_check  nrf_drv_uart.o
    0x0001fba0   0x00000028   Code   RO         2147    i.nus_c_init        user_ble.o
    0x0001fbc8   0x000000a4   Code   RO         2148    i.on_ble_evt        user_ble.o
    0x0001fc6c   0x0000010c   Code   RO          655    i.on_characteristic_discovery_rsp  ble_db_discovery.o
    0x0001fd78   0x000000c8   Code   RO          656    i.on_descriptor_discovery_rsp  ble_db_discovery.o
    0x0001fe40   0x00000070   Code   RO          657    i.on_primary_srv_discovery_rsp  ble_db_discovery.o
    0x0001feb0   0x0000007c   Code   RO          658    i.on_srv_disc_completion  ble_db_discovery.o
    0x0001ff2c   0x00000018   Code   RO         1004    i.pin_in_use_by_port  nrf_drv_gpiote.o
    0x0001ff44   0x00000018   Code   RO         1005    i.pin_in_use_by_te  nrf_drv_gpiote.o
    0x0001ff5c   0x000000e4   Code   RO         2391    i.recv              socket.o
    0x00020040   0x00000024   Code   RO         2471    i.reg_wizchip_cs_cbfunc  wizchip_conf.o
    0x00020064   0x0000002c   Code   RO         2472    i.reg_wizchip_spi_cbfunc  wizchip_conf.o
    0x00020090   0x00000038   Code   RO          659    i.registered_handler_get  ble_db_discovery.o
    0x000200c8   0x0000003c   Code   RO         1563    i.rtc1_stop         app_timer.o
    0x00020104   0x00000034   Code   RO         1194    i.rx_byte           nrf_drv_uart.o
    0x00020138   0x00000020   Code   RO         1195    i.rx_done_event     nrf_drv_uart.o
    0x00020158   0x00000018   Code   RO         1196    i.rx_enable         nrf_drv_uart.o
    0x00020170   0x00000024   Code   RO         2149    i.scan_start        user_ble.o
    0x00020194   0x0000000c   Code   RO         2046    i.sd_check_ram_start  softdevice_handler.o
    0x000201a0   0x00000098   Code   RO         2047    i.sd_nvic_EnableIRQ  softdevice_handler.o
    0x00020238   0x0000010c   Code   RO         2393    i.send              socket.o
    0x00020344   0x00000118   Code   RO         2396    i.socket            socket.o
    0x0002045c   0x00000014   Code   RO         2048    i.softdevice_ble_evt_handler_set  softdevice_handler.o
    0x00020470   0x00000010   Code   RO         2049    i.softdevice_enable  softdevice_handler.o
    0x00020480   0x00000026   Code   RO         2050    i.softdevice_enable_get_default_config  softdevice_handler.o
    0x000204a6   0x00000004   Code   RO         2051    i.softdevice_fault_handler  softdevice_handler.o
    0x000204aa   0x00000002   PAD
    0x000204ac   0x00000034   Code   RO         2052    i.softdevice_handler_init  softdevice_handler.o
    0x000204e0   0x0000001c   Code   RO         2298    i.spi0_master_init  user_spi.o
    0x000204fc   0x000000a8   Code   RO         2299    i.spi_master_init   user_spi.o
    0x000205a4   0x00000058   Code   RO         2300    i.spi_master_rx     user_spi.o
    0x000205fc   0x00000058   Code   RO         2301    i.spi_master_tx     user_spi.o
    0x00020654   0x00000150   Code   RO            7    i.tcp_con_timer     main.o
    0x000207a4   0x0000006c   Code   RO            8    i.tcps_to_ble       main.o
    0x00020810   0x00000084   Code   RO         1564    i.timer_list_handler  app_timer.o
    0x00020894   0x0000003c   Code   RO         1565    i.timer_list_insert  app_timer.o
    0x000208d0   0x00000084   Code   RO         1566    i.timer_timeouts_check  app_timer.o
    0x00020954   0x00000028   Code   RO         1197    i.tx_byte           nrf_drv_uart.o
    0x0002097c   0x00000024   Code   RO         1198    i.tx_done_event     nrf_drv_uart.o
    0x000209a0   0x00000058   Code   RO            9    i.uart_event_handle  main.o
    0x000209f8   0x000000a8   Code   RO          851    i.uart_event_handler  app_uart_fifo.o
    0x00020aa0   0x00000044   Code   RO         2210    i.uart_init         user_uart.o
    0x00020ae4   0x00000108   Code   RO         1199    i.uart_irq_handler  nrf_drv_uart.o
    0x00020bec   0x000000dc   Code   RO         1200    i.uarte_irq_handler  nrf_drv_uart.o
    0x00020cc8   0x000000f8   Code   RO         2233    i.user_ethernet_init  user_ethernet.o
    0x00020dc0   0x00000040   Code   RO         1567    i.user_id_get       app_timer.o
    0x00020e00   0x00000028   Code   RO         1568    i.user_op_alloc     app_timer.o
    0x00020e28   0x0000005c   Code   RO         2691    i.wiz_recv_data     w5500.o
    0x00020e84   0x0000005c   Code   RO         2693    i.wiz_send_data     w5500.o
    0x00020ee0   0x00000004   Code   RO         2474    i.wizchip_bus_readdata  wizchip_conf.o
    0x00020ee4   0x00000004   Code   RO         2475    i.wizchip_bus_writedata  wizchip_conf.o
    0x00020ee8   0x0000001e   Code   RO         2476    i.wizchip_clrinterrupt  wizchip_conf.o
    0x00020f06   0x00000002   Code   RO         2477    i.wizchip_cris_enter  wizchip_conf.o
    0x00020f08   0x00000002   Code   RO         2478    i.wizchip_cris_exit  wizchip_conf.o
    0x00020f0a   0x00000002   Code   RO         2479    i.wizchip_cs_deselect  wizchip_conf.o
    0x00020f0c   0x00000002   Code   RO         2480    i.wizchip_cs_select  wizchip_conf.o
    0x00020f0e   0x00000002   PAD
    0x00020f10   0x00000010   Code   RO         2234    i.wizchip_deselect  user_ethernet.o
    0x00020f20   0x0000001e   Code   RO         2481    i.wizchip_getinterrupt  wizchip_conf.o
    0x00020f3e   0x0000001c   Code   RO         2482    i.wizchip_getinterruptmask  wizchip_conf.o
    0x00020f5a   0x00000002   PAD
    0x00020f5c   0x00000058   Code   RO         2483    i.wizchip_getnetinfo  wizchip_conf.o
    0x00020fb4   0x00000006   Code   RO         2484    i.wizchip_getnetmode  wizchip_conf.o
    0x00020fba   0x00000028   Code   RO         2485    i.wizchip_gettimeout  wizchip_conf.o
    0x00020fe2   0x0000007a   Code   RO         2486    i.wizchip_init      wizchip_conf.o
    0x0002105c   0x00000012   Code   RO         2235    i.wizchip_read      user_ethernet.o
    0x0002106e   0x00000002   PAD
    0x00021070   0x00000010   Code   RO         2236    i.wizchip_select    user_ethernet.o
    0x00021080   0x0000001c   Code   RO         2487    i.wizchip_setinterruptmask  wizchip_conf.o
    0x0002109c   0x00000058   Code   RO         2488    i.wizchip_setnetinfo  wizchip_conf.o
    0x000210f4   0x00000024   Code   RO         2489    i.wizchip_setnetmode  wizchip_conf.o
    0x00021118   0x0000002a   Code   RO         2490    i.wizchip_settimeout  wizchip_conf.o
    0x00021142   0x00000004   Code   RO         2492    i.wizchip_spi_readbyte  wizchip_conf.o
    0x00021146   0x00000002   Code   RO         2494    i.wizchip_spi_writebyte  wizchip_conf.o
    0x00021148   0x00000074   Code   RO         2495    i.wizchip_sw_reset  wizchip_conf.o
    0x000211bc   0x0000000e   Code   RO         2237    i.wizchip_write     user_ethernet.o
    0x000211ca   0x0000004e   Code   RO         2496    i.wizphy_getphyconf  wizchip_conf.o
    0x00021218   0x00000012   Code   RO         2497    i.wizphy_getphylink  wizchip_conf.o
    0x0002122a   0x00000018   Code   RO         2498    i.wizphy_getphypmode  wizchip_conf.o
    0x00021242   0x0000002a   Code   RO         2500    i.wizphy_reset      wizchip_conf.o
    0x0002126c   0x0000004a   Code   RO         2501    i.wizphy_setphyconf  wizchip_conf.o
    0x000212b6   0x00000050   Code   RO         2502    i.wizphy_setphypmode  wizchip_conf.o
    0x00021306   0x00000002   PAD
    0x00021308   0x0000000c   Data   RO           15    .constdata          main.o
    0x00021314   0x0000003c   Data   RO          317    .constdata          bsp.o
    0x00021350   0x00000028   Data   RO          754    .constdata          ble_nus_c.o
    0x00021378   0x00000020   Data   RO          853    .constdata          app_uart_fifo.o
    0x00021398   0x00000020   Data   RO         1202    .constdata          nrf_drv_uart.o
    0x000213b8   0x00000008   Data   RO         1375    .constdata          app_button.o
    0x000213c0   0x00000020   Data   RO         2151    .constdata          user_ble.o
    0x000213e0   0x0000000c   Data   RO         2212    .constdata          user_uart.o
    0x000213ec   0x00000010   Data   RO         2238    .constdata          user_ethernet.o
    0x000213fc   0x00000006   Data   RO         2304    .constdata          user_spi.o
    0x00021402   0x00000002   PAD
    0x00021404   0x00000020   Data   RO         3051    Region$$Table       anon$$obj.o


    Execution Region RW_IRAM1 (Base: 0x20001eb0, Size: 0x00002a10, Max: 0x0000e150, ABSOLUTE)

    Base Addr    Size         Type   Attr      Idx    E Section Name        Object

    0x20001eb0   0x0000000c   Data   RW           16    .data               main.o
    0x20001ebc   0x00000018   Data   RW          318    .data               bsp.o
    0x20001ed4   0x00000008   Data   RW          406    .data               bsp_btn_ble.o
    0x20001edc   0x00000004   Data   RW          450    .data               system_nrf52.o
    0x20001ee0   0x00000010   Data   RW          661    .data               ble_db_discovery.o
    0x20001ef0   0x00000008   Data   RW          854    .data               app_uart_fifo.o
    0x20001ef8   0x00000014   Data   RW         1376    .data               app_button.o
    0x20001f0c   0x00000020   Data   RW         1569    .data               app_timer.o
    0x20001f2c   0x00000004   Data   RW         1865    .data               retarget.o
    0x20001f30   0x00000014   Data   RW         2057    .data               softdevice_handler.o
    0x20001f44   0x00000017   Data   RW         2239    .data               user_ethernet.o
    0x20001f5b   0x00000001   PAD
    0x20001f5c   0x0000000c   Data   RW         2305    .data               user_spi.o
    0x20001f68   0x0000000e   Data   RW         2398    .data               socket.o
    0x20001f76   0x00000002   PAD
    0x20001f78   0x00000030   Data   RW         2503    .data               wizchip_conf.o
    0x20001fa8   0x00000020   Zero   RW           10    .bss                main.o
    0x20001fc8   0x00000020   Zero   RW           11    .bss                main.o
    0x20001fe8   0x00000020   Zero   RW           12    .bss                main.o
    0x20002008   0x00000160   Zero   RW           13    .bss                main.o
    0x20002168   0x00000020   Zero   RW          313    .bss                bsp.o
    0x20002188   0x00000020   Zero   RW          314    .bss                bsp.o
    0x200021a8   0x0000000c   Zero   RW          315    .bss                bsp.o
    0x200021b4   0x00000020   Zero   RW          316    .bss                bsp.o
    0x200021d4   0x000001f8   Zero   RW          660    .bss                ble_db_discovery.o
    0x200023cc   0x00000020   Zero   RW          852    .bss                app_uart_fifo.o
    0x200023ec   0x00000058   Zero   RW         1006    .bss                nrf_drv_gpiote.o
    0x20002444   0x00000020   Zero   RW         1201    .bss                nrf_drv_uart.o
    0x20002464   0x00000020   Zero   RW         1374    .bss                app_button.o
    0x20002484   0x0000000c   Zero   RW         2056    .bss                softdevice_handler.o
    0x20002490   0x00000214   Zero   RW         2150    .bss                user_ble.o
    0x200026a4   0x00000200   Zero   RW         2211    .bss                user_uart.o
    0x200028a4   0x0000000c   Zero   RW         2303    .bss                user_spi.o
    0x200028b0   0x00000010   Zero   RW         2397    .bss                socket.o
    0x200028c0   0x00002000   Zero   RW          439    STACK               arm_startup_nrf52.o


==============================================================================

Image component sizes


      Code (inc. data)   RO Data    RW Data    ZI Data      Debug   Object Name

       340         36          8         20         32       9814   app_button.o
        22          0          0          0          0        681   app_error.o
        32          8          0          0          0        726   app_error_weak.o
       118          0          0          0          0       4254   app_fifo.o
      1758        114          0         32          0      53907   app_timer.o
       436         42         32          8         32      10362   app_uart_fifo.o
        36          8       1024          0       8192        968   arm_startup_nrf52.o
      1510         66          0         16        504      14511   ble_db_discovery.o
       460         16         40          0          0       6250   ble_nus_c.o
      1148        110         60         24        108       9829   bsp.o
       260         10          0          8          0       4769   bsp_btn_ble.o
      1212        368         12         12        448     104957   main.o
        60          8          0          0          0      28503   nrf_drv_common.o
      1052        120          0          0         88      23212   nrf_drv_gpiote.o
      1854        184         32          0         32      35893   nrf_drv_uart.o
        14          0          0          4          0       2794   retarget.o
      1288         36          0         14         16       7379   socket.o
       442         52          0         20         12      38596   softdevice_handler.o
       496         62          0          4          0      28786   system_nrf52.o
       648         52         32          0        532       7403   user_ble.o
       624        318         16         23          0       7513   user_ethernet.o
       428         34          6         12         12       8477   user_spi.o
        68         12         12          0        512       1196   user_uart.o
       748         18          0          0          0       7332   w5500.o
      1380         66          0         48          0      26223   wizchip_conf.o

    ----------------------------------------------------------------------
     16460       1740       1308        248      10520     444335   Object Totals
         0          0         32          0          0          0   (incl. Generated)
        26          0          2          3          0          0   (incl. Padding)

    ----------------------------------------------------------------------

      Code (inc. data)   RO Data    RW Data    ZI Data      Debug   Library Member Name

         0          0          0          0          0          0   entry.o
         8          4          0          0          0          0   entry2.o
         4          0          0          0          0          0   entry5.o
         0          0          0          0          0          0   entry7b.o
         8          4          0          0          0          0   entry8.o
        30          0          0          0          0          0   handlers.o
        36          8          0          0          0         68   init.o
         0          0          0          0          0          0   iusefp.o
        30          0          0          0          0         68   llshl.o
        36          0          0          0          0         68   llsshr.o
        32          0          0          0          0         68   llushr.o
        36          0          0          0          0         68   memcpya.o
        36          0          0          0          0        108   memseta.o
      2292         96          0          0          0        596   printfa.o
        16          0          0          0          0         68   strlen.o
        44          0          0          0          0         80   uidiv.o
        98          0          0          0          0         92   uldiv.o
        40          2          0          0          0         68   cdrcmple.o
       334          0          0          0          0        144   dadd.o
       222          0          0          0          0        100   ddiv.o
       190          0          0          0          0        176   depilogue.o
        48          0          0          0          0         68   dfixul.o
       228          0          0          0          0         92   dmul.o

    ----------------------------------------------------------------------
      3772        114          0          0          0       1932   Library Totals
         4          0          0          0          0          0   (incl. Padding)

    ----------------------------------------------------------------------

      Code (inc. data)   RO Data    RW Data    ZI Data      Debug   Library Name

      2706        112          0          0          0       1284   mc_w.l
      1062          2          0          0          0        648   mf_w.l

    ----------------------------------------------------------------------
      3772        114          0          0          0       1932   Library Totals

    ----------------------------------------------------------------------

==============================================================================


      Code (inc. data)   RO Data    RW Data    ZI Data      Debug   

     20232       1854       1308        248      10520     426779   Grand Totals
     20232       1854       1308        248      10520     426779   ELF Image Totals
     20232       1854       1308        248          0          0   ROM Totals

==============================================================================

    Total RO  Size (Code + RO Data)                21540 (  21.04kB)
    Total RW  Size (RW Data + ZI Data)             10768 (  10.52kB)
    Total ROM Size (Code + RO Data + RW Data)      21788 (  21.28kB)

==============================================================================

